Component: Arm Compiler for Embedded 6.19 Tool: armlink [5e73cb00]

==============================================================================

Section Cross References

    stm32f1xx_hal.o(.text.HAL_Init) refers to stm32f1xx_hal_cortex.o(.text.HAL_NVIC_SetPriorityGrouping) for HAL_NVIC_SetPriorityGrouping
    stm32f1xx_hal.o(.text.HAL_Init) refers to stm32f1xx_hal_timebase_tim.o(.text.HAL_InitTick) for HAL_InitTick
    stm32f1xx_hal.o(.text.HAL_Init) refers to stm32f1xx_hal_msp.o(.text.HAL_MspInit) for HAL_MspInit
    stm32f1xx_hal.o(.ARM.exidx.text.HAL_Init) refers to stm32f1xx_hal.o(.text.HAL_Init) for [Anonymous Symbol]
    stm32f1xx_hal.o(.text.HAL_InitTick) refers to system_stm32f1xx.o(.data.SystemCoreClock) for SystemCoreClock
    stm32f1xx_hal.o(.text.HAL_InitTick) refers to stm32f1xx_hal.o(.data.uwTickFreq) for uwTickFreq
    stm32f1xx_hal.o(.text.HAL_InitTick) refers to stm32f1xx_hal_cortex.o(.text.HAL_SYSTICK_Config) for HAL_SYSTICK_Config
    stm32f1xx_hal.o(.text.HAL_InitTick) refers to stm32f1xx_hal_cortex.o(.text.HAL_NVIC_SetPriority) for HAL_NVIC_SetPriority
    stm32f1xx_hal.o(.text.HAL_InitTick) refers to stm32f1xx_hal.o(.data.uwTickPrio) for uwTickPrio
    stm32f1xx_hal.o(.ARM.exidx.text.HAL_InitTick) refers to stm32f1xx_hal.o(.text.HAL_InitTick) for [Anonymous Symbol]
    stm32f1xx_hal.o(.ARM.exidx.text.HAL_MspInit) refers to stm32f1xx_hal.o(.text.HAL_MspInit) for [Anonymous Symbol]
    stm32f1xx_hal.o(.text.HAL_DeInit) refers to stm32f1xx_hal.o(.text.HAL_MspDeInit) for HAL_MspDeInit
    stm32f1xx_hal.o(.ARM.exidx.text.HAL_DeInit) refers to stm32f1xx_hal.o(.text.HAL_DeInit) for [Anonymous Symbol]
    stm32f1xx_hal.o(.ARM.exidx.text.HAL_MspDeInit) refers to stm32f1xx_hal.o(.text.HAL_MspDeInit) for [Anonymous Symbol]
    stm32f1xx_hal.o(.text.HAL_IncTick) refers to stm32f1xx_hal.o(.data.uwTickFreq) for uwTickFreq
    stm32f1xx_hal.o(.text.HAL_IncTick) refers to stm32f1xx_hal.o(.bss.uwTick) for uwTick
    stm32f1xx_hal.o(.ARM.exidx.text.HAL_IncTick) refers to stm32f1xx_hal.o(.text.HAL_IncTick) for [Anonymous Symbol]
    stm32f1xx_hal.o(.text.HAL_GetTick) refers to stm32f1xx_hal.o(.bss.uwTick) for uwTick
    stm32f1xx_hal.o(.ARM.exidx.text.HAL_GetTick) refers to stm32f1xx_hal.o(.text.HAL_GetTick) for [Anonymous Symbol]
    stm32f1xx_hal.o(.text.HAL_GetTickPrio) refers to stm32f1xx_hal.o(.data.uwTickPrio) for uwTickPrio
    stm32f1xx_hal.o(.ARM.exidx.text.HAL_GetTickPrio) refers to stm32f1xx_hal.o(.text.HAL_GetTickPrio) for [Anonymous Symbol]
    stm32f1xx_hal.o(.text.HAL_SetTickFreq) refers to stm32f1xx_hal.o(.data.uwTickFreq) for uwTickFreq
    stm32f1xx_hal.o(.text.HAL_SetTickFreq) refers to stm32f1xx_hal.o(.data.uwTickPrio) for uwTickPrio
    stm32f1xx_hal.o(.text.HAL_SetTickFreq) refers to stm32f1xx_hal_timebase_tim.o(.text.HAL_InitTick) for HAL_InitTick
    stm32f1xx_hal.o(.ARM.exidx.text.HAL_SetTickFreq) refers to stm32f1xx_hal.o(.text.HAL_SetTickFreq) for [Anonymous Symbol]
    stm32f1xx_hal.o(.text.HAL_GetTickFreq) refers to stm32f1xx_hal.o(.data.uwTickFreq) for uwTickFreq
    stm32f1xx_hal.o(.ARM.exidx.text.HAL_GetTickFreq) refers to stm32f1xx_hal.o(.text.HAL_GetTickFreq) for [Anonymous Symbol]
    stm32f1xx_hal.o(.text.HAL_Delay) refers to stm32f1xx_hal.o(.text.HAL_GetTick) for HAL_GetTick
    stm32f1xx_hal.o(.text.HAL_Delay) refers to stm32f1xx_hal.o(.data.uwTickFreq) for uwTickFreq
    stm32f1xx_hal.o(.ARM.exidx.text.HAL_Delay) refers to stm32f1xx_hal.o(.text.HAL_Delay) for [Anonymous Symbol]
    stm32f1xx_hal.o(.ARM.exidx.text.HAL_SuspendTick) refers to stm32f1xx_hal.o(.text.HAL_SuspendTick) for [Anonymous Symbol]
    stm32f1xx_hal.o(.ARM.exidx.text.HAL_ResumeTick) refers to stm32f1xx_hal.o(.text.HAL_ResumeTick) for [Anonymous Symbol]
    stm32f1xx_hal.o(.ARM.exidx.text.HAL_GetHalVersion) refers to stm32f1xx_hal.o(.text.HAL_GetHalVersion) for [Anonymous Symbol]
    stm32f1xx_hal.o(.ARM.exidx.text.HAL_GetREVID) refers to stm32f1xx_hal.o(.text.HAL_GetREVID) for [Anonymous Symbol]
    stm32f1xx_hal.o(.ARM.exidx.text.HAL_GetDEVID) refers to stm32f1xx_hal.o(.text.HAL_GetDEVID) for [Anonymous Symbol]
    stm32f1xx_hal.o(.ARM.exidx.text.HAL_GetUIDw0) refers to stm32f1xx_hal.o(.text.HAL_GetUIDw0) for [Anonymous Symbol]
    stm32f1xx_hal.o(.ARM.exidx.text.HAL_GetUIDw1) refers to stm32f1xx_hal.o(.text.HAL_GetUIDw1) for [Anonymous Symbol]
    stm32f1xx_hal.o(.ARM.exidx.text.HAL_GetUIDw2) refers to stm32f1xx_hal.o(.text.HAL_GetUIDw2) for [Anonymous Symbol]
    stm32f1xx_hal.o(.ARM.exidx.text.HAL_DBGMCU_EnableDBGSleepMode) refers to stm32f1xx_hal.o(.text.HAL_DBGMCU_EnableDBGSleepMode) for [Anonymous Symbol]
    stm32f1xx_hal.o(.ARM.exidx.text.HAL_DBGMCU_DisableDBGSleepMode) refers to stm32f1xx_hal.o(.text.HAL_DBGMCU_DisableDBGSleepMode) for [Anonymous Symbol]
    stm32f1xx_hal.o(.ARM.exidx.text.HAL_DBGMCU_EnableDBGStopMode) refers to stm32f1xx_hal.o(.text.HAL_DBGMCU_EnableDBGStopMode) for [Anonymous Symbol]
[...]
    Removing timers.o(.bss.xTimerTaskHandle), (4 bytes).
    Removing timers.o(.bss.pxCurrentTimerList), (4 bytes).
    Removing timers.o(.bss.pxOverflowTimerList), (4 bytes).
    Removing timers.o(.bss.prvSampleTimeNow.xLastTime), (4 bytes).
    Removing timers.o(.bss.xActiveTimerList1), (20 bytes).
    Removing timers.o(.bss.xActiveTimerList2), (20 bytes).
    Removing timers.o(.bss.prvCheckForValidListAndQueue.xStaticTimerQueue), (80 bytes).
    Removing timers.o(.bss.prvCheckForValidListAndQueue.ucStaticTimerQueueStorage), (160 bytes).
    Removing dma.o(.text), (0 bytes).
    Removing dma.o(.ARM.exidx.text.MX_DMA_Init), (8 bytes).
    Removing freertos.o(.text), (0 bytes).
    Removing freertos.o(.text.MX_FREERTOS_Init), (36 bytes).
    Removing freertos.o(.ARM.exidx.text.MX_FREERTOS_Init), (8 bytes).
    Removing freertos.o(.text.StartDefaultTask), (16 bytes).
    Removing freertos.o(.ARM.exidx.text.StartDefaultTask), (8 bytes).
    Removing freertos.o(.rodata.str1.1), (12 bytes).
    Removing freertos.o(.rodata.defaultTask_attributes), (36 bytes).
    Removing freertos.o(.bss.defaultTaskHandle), (4 bytes).
    Removing gpio.o(.text), (0 bytes).
    Removing gpio.o(.ARM.exidx.text.MX_GPIO_Init), (8 bytes).
    Removing main.o(.text), (0 bytes).
    Removing main.o(.ARM.exidx.text.main), (8 bytes).
    Removing main.o(.ARM.exidx.text.SystemClock_Config), (8 bytes).
    Removing main.o(.ARM.exidx.text.Error_Handler), (8 bytes).
    Removing main.o(.ARM.exidx.text.HAL_TIM_PeriodElapsedCallback), (8 bytes).
    Removing main.o(.ARM.use_no_argv), (4 bytes).
    Removing stm32f1xx_hal_msp.o(.text), (0 bytes).
    Removing stm32f1xx_hal_msp.o(.ARM.exidx.text.HAL_MspInit), (8 bytes).
    Removing stm32f1xx_hal_timebase_tim.o(.text), (0 bytes).
    Removing stm32f1xx_hal_timebase_tim.o(.ARM.exidx.text.HAL_InitTick), (8 bytes).
    Removing stm32f1xx_hal_timebase_tim.o(.text.HAL_SuspendTick), (20 bytes).
    Removing stm32f1xx_hal_timebase_tim.o(.ARM.exidx.text.HAL_SuspendTick), (8 bytes).
    Removing stm32f1xx_hal_timebase_tim.o(.text.HAL_ResumeTick), (20 bytes).
    Removing stm32f1xx_hal_timebase_tim.o(.ARM.exidx.text.HAL_ResumeTick), (8 bytes).
    Removing stm32f1xx_it.o(.text), (0 bytes).
    Removing stm32f1xx_it.o(.ARM.exidx.text.NMI_Handler), (8 bytes).
    Removing stm32f1xx_it.o(.ARM.exidx.text.HardFault_Handler), (8 bytes).
    Removing stm32f1xx_it.o(.ARM.exidx.text.MemManage_Handler), (8 bytes).
    Removing stm32f1xx_it.o(.ARM.exidx.text.BusFault_Handler), (8 bytes).
    Removing stm32f1xx_it.o(.ARM.exidx.text.UsageFault_Handler), (8 bytes).
    Removing stm32f1xx_it.o(.ARM.exidx.text.DebugMon_Handler), (8 bytes).
    Removing stm32f1xx_it.o(.ARM.exidx.text.DMA1_Channel4_IRQHandler), (8 bytes).
    Removing stm32f1xx_it.o(.ARM.exidx.text.DMA1_Channel5_IRQHandler), (8 bytes).
    Removing stm32f1xx_it.o(.ARM.exidx.text.TIM1_UP_IRQHandler), (8 bytes).
    Removing stm32f1xx_it.o(.ARM.exidx.text.USART1_IRQHandler), (8 bytes).
    Removing system_stm32f1xx.o(.text), (0 bytes).
    Removing system_stm32f1xx.o(.ARM.exidx.text.SystemInit), (8 bytes).
    Removing system_stm32f1xx.o(.text.SystemCoreClockUpdate), (290 bytes).
    Removing system_stm32f1xx.o(.ARM.exidx.text.SystemCoreClockUpdate), (8 bytes).
    Removing usart.o(.text), (0 bytes).
    Removing usart.o(.ARM.exidx.text.MX_USART1_UART_Init), (8 bytes).
    Removing usart.o(.ARM.exidx.text.HAL_UART_MspInit), (8 bytes).
    Removing usart.o(.text.HAL_UART_MspDeInit), (84 bytes).
    Removing usart.o(.ARM.exidx.text.HAL_UART_MspDeInit), (8 bytes).
    Removing app.o(.text), (0 bytes).
    Removing assert.o(.text), (0 bytes).
    Removing assert.o(.ARM.exidx.text._assert_func), (8 bytes).
    Removing log.o(.text), (0 bytes).
    Removing log.o(.text.u1_printf), (8 bytes).
    Removing log.o(.ARM.exidx.text.u1_printf), (8 bytes).
    Removing log.o(.text.log_lock), (14 bytes).
    Removing log.o(.ARM.exidx.text.log_lock), (8 bytes).
    Removing log.o(.text.log_unlock), (14 bytes).
    Removing log.o(.ARM.exidx.text.log_unlock), (8 bytes).
    Removing log.o(.ARM.exidx.text.log_set_level), (8 bytes).
    Removing log.o(.ARM.exidx.text._log), (8 bytes).
    Removing log.o(.bss.log_status), (1 bytes).
    Removing device.o(.text), (0 bytes).
    Removing device.o(.ARM.exidx.text.device_register), (8 bytes).
    Removing device.o(.ARM.exidx.text._device_add), (8 bytes).
    Removing device.o(.text.device_unregister), (8 bytes).
    Removing device.o(.ARM.exidx.text.device_unregister), (8 bytes).
    Removing driver.o(.text), (0 bytes).
    Removing drv_pin_mcu.o(.text), (0 bytes).
    Removing drv_pin_mcu.o(.ARM.exidx.text.driver_pin_mcu_init), (8 bytes).
    Removing drv_pin_mcu.o(.ARM.exidx.text.check_pin_name_valid), (8 bytes).
    Removing drv_pin_mcu.o(.ARM.exidx.text.gpio_clock_enable), (8 bytes).
    Removing drv_pin_mcu.o(.ARM.exidx.text._init), (8 bytes).
    Removing drv_pin_mcu.o(.ARM.exidx.text._set_mode), (8 bytes).
    Removing drv_pin_mcu.o(.ARM.exidx.text._set_status), (8 bytes).
    Removing drv_pin_mcu.o(.ARM.exidx.text._get_status), (8 bytes).
    Removing drv_pin_mcu.o(.ARM.exidx.text.get_port_from_name), (8 bytes).
    Removing drv_pin_mcu.o(.ARM.exidx.text.get_pin_from_name), (8 bytes).
    Removing hal_pin.o(.text), (0 bytes).
    Removing hal_pin.o(.ARM.exidx.text.hal_pin_register), (8 bytes).
    Removing hal_pin.o(.ARM.exidx.text.hal_pin_set_mode), (8 bytes).
    Removing hal_pin.o(.ARM.exidx.text.hal_pin_set_status), (8 bytes).
    Removing hal_pin.o(.text.hal_pin_get_status), (214 bytes).
    Removing hal_pin.o(.ARM.exidx.text.hal_pin_get_status), (8 bytes).

1345 unused section(s) (total 94525 bytes) removed from the image.

==============================================================================

Image Symbol Table

    Local Symbols

    Symbol Name                              Value     Ov Type        Size  Object(Section)

    ../clib/division.s                       0x00000000   Number         0  aeabi_sdiv.o ABSOLUTE
    ../clib/microlib/ctype/ctype.c           0x00000000   Number         0  ctype_o.o ABSOLUTE
    ../clib/microlib/ctype/ctype.c           0x00000000   Number         0  isalnum_o.o ABSOLUTE
    ../clib/microlib/ctype/ctype.c           0x00000000   Number         0  isalpha_o.o ABSOLUTE
    ../clib/microlib/ctype/ctype.c           0x00000000   Number         0  isblank_o.o ABSOLUTE
    ../clib/microlib/ctype/ctype.c           0x00000000   Number         0  iscntrl_o.o ABSOLUTE
    ../clib/microlib/ctype/ctype.c           0x00000000   Number         0  isdigit_o.o ABSOLUTE
    ../clib/microlib/ctype/ctype.c           0x00000000   Number         0  isgraph_o.o ABSOLUTE
    ../clib/microlib/ctype/ctype.c           0x00000000   Number         0  islower_o.o ABSOLUTE
    ../clib/microlib/ctype/ctype.c           0x00000000   Number         0  isprint_o.o ABSOLUTE
    ../clib/microlib/ctype/ctype.c           0x00000000   Number         0  ispunct_o.o ABSOLUTE
    ../clib/microlib/ctype/ctype.c           0x00000000   Number         0  isspace_o.o ABSOLUTE
    ../clib/microlib/ctype/ctype.c           0x00000000   Number         0  isupper_o.o ABSOLUTE
    ../clib/microlib/ctype/ctype.c           0x00000000   Number         0  isxdigit_o.o ABSOLUTE
    ../clib/microlib/division.c              0x00000000   Number         0  uidiv.o ABSOLUTE
    ../clib/microlib/division.c              0x00000000   Number         0  uldiv.o ABSOLUTE
    ../clib/microlib/errno.c                 0x00000000   Number         0  errno.o ABSOLUTE
    ../clib/microlib/init/entry.s            0x00000000   Number         0  entry.o ABSOLUTE
    ../clib/microlib/init/entry.s            0x00000000   Number         0  entry2.o ABSOLUTE
    ../clib/microlib/init/entry.s            0x00000000   Number         0  entry5.o ABSOLUTE
    ../clib/microlib/init/entry.s            0x00000000   Number         0  entry7a.o ABSOLUTE
    ../clib/microlib/init/entry.s            0x00000000   Number         0  entry7b.o ABSOLUTE
    ../clib/microlib/init/entry.s            0x00000000   Number         0  entry8a.o ABSOLUTE
    ../clib/microlib/init/entry.s            0x00000000   Number         0  entry8b.o ABSOLUTE
    ../clib/microlib/init/entry.s            0x00000000   Number         0  entry9a.o ABSOLUTE
    ../clib/microlib/init/entry.s            0x00000000   Number         0  entry9b.o ABSOLUTE
    ../clib/microlib/init/entry.s            0x00000000   Number         0  entry10a.o ABSOLUTE
    ../clib/microlib/init/entry.s            0x00000000   Number         0  entry10b.o ABSOLUTE
    ../clib/microlib/init/entry.s            0x00000000   Number         0  entry11a.o ABSOLUTE
    ../clib/microlib/init/entry.s            0x00000000   Number         0  entry11b.o ABSOLUTE
    ../clib/microlib/longlong.c              0x00000000   Number         0  llshl.o ABSOLUTE
    ../clib/microlib/longlong.c              0x00000000   Number         0  llushr.o ABSOLUTE
    ../clib/microlib/longlong.c              0x00000000   Number         0  llsshr.o ABSOLUTE
    ../clib/microlib/malloc/malloc.c         0x00000000   Number         0  malloc.o ABSOLUTE
    ../clib/microlib/malloc/malloc.c         0x00000000   Number         0  mallocr.o ABSOLUTE
    ../clib/microlib/malloc/malloc.c         0x00000000   Number         0  malloca.o ABSOLUTE
    ../clib/microlib/malloc/malloc.c         0x00000000   Number         0  mallocra.o ABSOLUTE
    ../clib/microlib/malloc/mvars.c          0x00000000   Number         0  mvars.o ABSOLUTE
    ../clib/microlib/printf/printf.c         0x00000000   Number         0  printfa.o ABSOLUTE
    ../clib/microlib/stdio/fputc.c           0x00000000   Number         0  fputc.o ABSOLUTE
    ../clib/microlib/stdio/fputc.c           0x00000000   Number         0  fputc_h.o ABSOLUTE
    ../clib/microlib/stdio/semi.s            0x00000000   Number         0  semi.o ABSOLUTE
    ../clib/microlib/stdio/streams.c         0x00000000   Number         0  stdout.o ABSOLUTE
    ../clib/microlib/string/memcpy.c         0x00000000   Number         0  memcpya.o ABSOLUTE
    ../clib/microlib/string/memcpy.c         0x00000000   Number         0  memcpyb.o ABSOLUTE
    ../clib/microlib/string/memset.c         0x00000000   Number         0  memseta.o ABSOLUTE
    ../clib/microlib/string/strlen.c         0x00000000   Number         0  strlen.o ABSOLUTE
    ../clib/microlib/stubs.s                 0x00000000   Number         0  iusefp.o ABSOLUTE
    ../clib/microlib/stubs.s                 0x00000000   Number         0  iusesemip.o ABSOLUTE
    ../clib/scanf.c                          0x00000000   Number         0  strtol.o ABSOLUTE
    ../clib/scanf.c                          0x00000000   Number         0  _strtoul.o ABSOLUTE
    ../clib/scanf.c                          0x00000000   Number         0  _chval.o ABSOLUTE
    ../fplib/microlib/fpadd.c                0x00000000   Number         0  dadd.o ABSOLUTE
    ../fplib/microlib/fpdiv.c                0x00000000   Number         0  ddiv.o ABSOLUTE
    ../fplib/microlib/fpepilogue.c           0x00000000   Number         0  depilogue.o ABSOLUTE
    ../fplib/microlib/fpfix.c                0x00000000   Number         0  dfixul.o ABSOLUTE
    ../fplib/microlib/fpmul.c                0x00000000   Number         0  dmul.o ABSOLUTE
    E:/ProgramSpace/SimpleProject/MDK-ARM/startup_stm32f103xb.s 0x00000000   Number         0  startup_stm32f103xb.o ABSOLUTE
    app.c                                    0x00000000   Number         0  app.o ABSOLUTE
    assert.c                                 0x00000000   Number         0  assert.o ABSOLUTE
    cdrcmple.s                               0x00000000   Number         0  cdrcmple.o ABSOLUTE
    cmsis_os2.c                              0x00000000   Number         0  cmsis_os2.o ABSOLUTE
    croutine.c                               0x00000000   Number         0  croutine.o ABSOLUTE
    dc.s                                     0x00000000   Number         0  dc.o ABSOLUTE
    device.c                                 0x00000000   Number         0  device.o ABSOLUTE
    dma.c                                    0x00000000   Number         0  dma.o ABSOLUTE
    driver.c                                 0x00000000   Number         0  driver.o ABSOLUTE
    drv_pin_mcu.c                            0x00000000   Number         0  drv_pin_mcu.o ABSOLUTE
    event_groups.c                           0x00000000   Number         0  event_groups.o ABSOLUTE
    freertos.c                               0x00000000   Number         0  freertos.o ABSOLUTE
    gpio.c                                   0x00000000   Number         0  gpio.o ABSOLUTE
    hal_pin.c                                0x00000000   Number         0  hal_pin.o ABSOLUTE
    handlers.s                               0x00000000   Number         0  handlers.o ABSOLUTE
    heap_4.c                                 0x00000000   Number         0  heap_4.o ABSOLUTE
    init.s                                   0x00000000   Number         0  init.o ABSOLUTE
    list.c                                   0x00000000   Number         0  list.o ABSOLUTE
    log.c                                    0x00000000   Number         0  log.o ABSOLUTE
    main.c                                   0x00000000   Number         0  main.o ABSOLUTE
    port.c                                   0x00000000   Number         0  port.o ABSOLUTE
    queue.c                                  0x00000000   Number         0  queue.o ABSOLUTE
    stm32f1xx_hal.c                          0x00000000   Number         0  stm32f1xx_hal.o ABSOLUTE
    stm32f1xx_hal_cortex.c                   0x00000000   Number         0  stm32f1xx_hal_cortex.o ABSOLUTE
    stm32f1xx_hal_dma.c                      0x00000000   Number         0  stm32f1xx_hal_dma.o ABSOLUTE
    stm32f1xx_hal_exti.c                     0x00000000   Number         0  stm32f1xx_hal_exti.o ABSOLUTE
    stm32f1xx_hal_flash.c                    0x00000000   Number         0  stm32f1xx_hal_flash.o ABSOLUTE
    stm32f1xx_hal_flash_ex.c                 0x00000000   Number         0  stm32f1xx_hal_flash_ex.o ABSOLUTE
    stm32f1xx_hal_gpio.c                     0x00000000   Number         0  stm32f1xx_hal_gpio.o ABSOLUTE
    stm32f1xx_hal_gpio_ex.c                  0x00000000   Number         0  stm32f1xx_hal_gpio_ex.o ABSOLUTE
    stm32f1xx_hal_msp.c                      0x00000000   Number         0  stm32f1xx_hal_msp.o ABSOLUTE
    stm32f1xx_hal_pwr.c                      0x00000000   Number         0  stm32f1xx_hal_pwr.o ABSOLUTE
    stm32f1xx_hal_rcc.c                      0x00000000   Number         0  stm32f1xx_hal_rcc.o ABSOLUTE
    stm32f1xx_hal_rcc_ex.c                   0x00000000   Number         0  stm32f1xx_hal_rcc_ex.o ABSOLUTE
    stm32f1xx_hal_tim.c                      0x00000000   Number         0  stm32f1xx_hal_tim.o ABSOLUTE
    stm32f1xx_hal_tim_ex.c                   0x00000000   Number         0  stm32f1xx_hal_tim_ex.o ABSOLUTE
    stm32f1xx_hal_timebase_tim.c             0x00000000   Number         0  stm32f1xx_hal_timebase_tim.o ABSOLUTE
    stm32f1xx_hal_uart.c                     0x00000000   Number         0  stm32f1xx_hal_uart.o ABSOLUTE
    stm32f1xx_it.c                           0x00000000   Number         0  stm32f1xx_it.o ABSOLUTE
    stream_buffer.c                          0x00000000   Number         0  stream_buffer.o ABSOLUTE
    system_stm32f1xx.c                       0x00000000   Number         0  system_stm32f1xx.o ABSOLUTE
    tasks.c                                  0x00000000   Number         0  tasks.o ABSOLUTE
    timers.c                                 0x00000000   Number         0  timers.o ABSOLUTE
    usart.c                                  0x00000000   Number         0  usart.o ABSOLUTE
    RESET                                    0x08000000   Section      236  startup_stm32f103xb.o(RESET)
    .ARM.Collect$$$$00000000                 0x080000ec   Section        0  entry.o(.ARM.Collect$$$$00000000)
    .ARM.Collect$$$$00000001                 0x080000ec   Section        4  entry2.o(.ARM.Collect$$$$00000001)
    .ARM.Collect$$$$00000004                 0x080000f0   Section        4  entry5.o(.ARM.Collect$$$$00000004)
    .ARM.Collect$$$$00000008                 0x080000f4   Section        0  entry7b.o(.ARM.Collect$$$$00000008)
    .ARM.Collect$$$$0000000A                 0x080000f4   Section        0  entry8b.o(.ARM.Collect$$$$0000000A)
    .ARM.Collect$$$$0000000B                 0x080000f4   Section        8  entry9a.o(.ARM.Collect$$$$0000000B)
    __lit__00000000                          0x080000fc   Data           4  entry2.o(.ARM.Collect$$$$00002712)
    .ARM.Collect$$$$0000000D                 0x080000fc   Section        0  entry10a.o(.ARM.Collect$$$$0000000D)
    .ARM.Collect$$$$0000000F                 0x080000fc   Section        0  entry11a.o(.ARM.Collect$$$$0000000F)
    .ARM.Collect$$$$00002712                 0x080000fc   Section        4  entry2.o(.ARM.Collect$$$$00002712)
    .text                                    0x08000100   Section       36  startup_stm32f103xb.o(.text)
    .text                                    0x08000124   Section        0  memseta.o(.text)
    .text                                    0x08000148   Section        0  strlen.o(.text)
    .text                                    0x08000156   Section        0  strtol.o(.text)
    .text                                    0x080001c6   Section        0  uidiv.o(.text)
    .text                                    0x080001f2   Section        0  uldiv.o(.text)
    .text                                    0x08000254   Section        0  ctype_o.o(.text)
    .text                                    0x0800025c   Section        0  _strtoul.o(.text)
    .text                                    0x080002fa   Section        0  iusefp.o(.text)
    .text                                    0x080002fa   Section        0  dadd.o(.text)
    .text                                    0x08000448   Section        0  dmul.o(.text)
    .text                                    0x0800052c   Section        0  ddiv.o(.text)
    .text                                    0x0800060a   Section        0  dfixul.o(.text)
    .text                                    0x0800063c   Section       48  cdrcmple.o(.text)
    .text                                    0x0800066c   Section       36  init.o(.text)
    .text                                    0x08000690   Section        0  llshl.o(.text)
    .text                                    0x080006ae   Section        0  llushr.o(.text)
    .text                                    0x080006ce   Section        0  llsshr.o(.text)
    .text                                    0x080006f2   Section        0  _chval.o(.text)
    .text                                    0x0800070e   Section        0  depilogue.o(.text)
    [Anonymous Symbol]                       0x080007c8   Section        0  stm32f1xx_it.o(.text.BusFault_Handler)
    [Anonymous Symbol]                       0x080007cc   Section        0  stm32f1xx_it.o(.text.DMA1_Channel4_IRQHandler)
    [Anonymous Symbol]                       0x080007dc   Section        0  stm32f1xx_it.o(.text.DMA1_Channel5_IRQHandler)
    [Anonymous Symbol]                       0x080007ec   Section        0  stm32f1xx_it.o(.text.DebugMon_Handler)
    [Anonymous Symbol]                       0x080007f0   Section        0  main.o(.text.Error_Handler)
    [Anonymous Symbol]                       0x08000800   Section        0  stm32f1xx_hal_dma.o(.text.HAL_DMA_Abort)
    [Anonymous Symbol]                       0x0800087c   Section        0  stm32f1xx_hal_dma.o(.text.HAL_DMA_Abort_IT)
    [Anonymous Symbol]                       0x08000998   Section        0  stm32f1xx_hal_dma.o(.text.HAL_DMA_IRQHandler)
    [Anonymous Symbol]                       0x08000c20   Section        0  stm32f1xx_hal_dma.o(.text.HAL_DMA_Init)
    [Anonymous Symbol]                       0x08000cd0   Section        0  stm32f1xx_hal.o(.text.HAL_Delay)
    [Anonymous Symbol]                       0x08000d14   Section        0  stm32f1xx_hal_gpio.o(.text.HAL_GPIO_Init)
    [Anonymous Symbol]                       0x08001034   Section        0  stm32f1xx_hal_gpio.o(.text.HAL_GPIO_ReadPin)
    [Anonymous Symbol]                       0x08001064   Section        0  stm32f1xx_hal_gpio.o(.text.HAL_GPIO_WritePin)
    [Anonymous Symbol]                       0x08001094   Section        0  stm32f1xx_hal.o(.text.HAL_GetTick)
    [Anonymous Symbol]                       0x080010a0   Section        0  stm32f1xx_hal.o(.text.HAL_IncTick)
    [Anonymous Symbol]                       0x080010bc   Section        0  stm32f1xx_hal.o(.text.HAL_Init)
    [Anonymous Symbol]                       0x080010e4   Section        0  stm32f1xx_hal_timebase_tim.o(.text.HAL_InitTick)
    [Anonymous Symbol]                       0x080011c0   Section        0  stm32f1xx_hal_msp.o(.text.HAL_MspInit)
    [Anonymous Symbol]                       0x08001234   Section        0  stm32f1xx_hal_uart.o(.text.HAL_MultiProcessor_Init)
    [Anonymous Symbol]                       0x08001300   Section        0  stm32f1xx_hal_cortex.o(.text.HAL_NVIC_EnableIRQ)
    [Anonymous Symbol]                       0x08001314   Section        0  stm32f1xx_hal_cortex.o(.text.HAL_NVIC_SetPriority)
    [Anonymous Symbol]                       0x08001348   Section        0  stm32f1xx_hal_cortex.o(.text.HAL_NVIC_SetPriorityGrouping)
    [Anonymous Symbol]                       0x08001358   Section        0  stm32f1xx_hal_rcc.o(.text.HAL_RCC_ClockConfig)
    [Anonymous Symbol]                       0x080015b0   Section        0  stm32f1xx_hal_rcc.o(.text.HAL_RCC_GetClockConfig)
    [Anonymous Symbol]                       0x08001604   Section        0  stm32f1xx_hal_rcc.o(.text.HAL_RCC_GetHCLKFreq)
    [Anonymous Symbol]                       0x08001610   Section        0  stm32f1xx_hal_rcc.o(.text.HAL_RCC_GetPCLK1Freq)
    [Anonymous Symbol]                       0x08001634   Section        0  stm32f1xx_hal_rcc.o(.text.HAL_RCC_GetPCLK2Freq)
    [Anonymous Symbol]                       0x08001658   Section        0  stm32f1xx_hal_rcc.o(.text.HAL_RCC_GetSysClockFreq)
    [Anonymous Symbol]                       0x08001714   Section        0  stm32f1xx_hal_rcc.o(.text.HAL_RCC_OscConfig)
    [Anonymous Symbol]                       0x08001d90   Section        0  stm32f1xx_hal_tim_ex.o(.text.HAL_TIMEx_BreakCallback)
    [Anonymous Symbol]                       0x08001d98   Section        0  stm32f1xx_hal_tim_ex.o(.text.HAL_TIMEx_CommutCallback)
    [Anonymous Symbol]                       0x08001da0   Section        0  stm32f1xx_hal_tim.o(.text.HAL_TIM_Base_Init)
    [Anonymous Symbol]                       0x08001e3c   Section        0  stm32f1xx_hal_tim.o(.text.HAL_TIM_Base_MspInit)
    [Anonymous Symbol]                       0x08001e44   Section        0  stm32f1xx_hal_tim.o(.text.HAL_TIM_Base_Start_IT)
    [Anonymous Symbol]                       0x08001ef4   Section        0  stm32f1xx_hal_tim.o(.text.HAL_TIM_IC_CaptureCallback)
    [Anonymous Symbol]                       0x08001efc   Section        0  stm32f1xx_hal_tim.o(.text.HAL_TIM_IRQHandler)
    [Anonymous Symbol]                       0x08002178   Section        0  stm32f1xx_hal_tim.o(.text.HAL_TIM_OC_DelayElapsedCallback)
    [Anonymous Symbol]                       0x08002180   Section        0  stm32f1xx_hal_tim.o(.text.HAL_TIM_PWM_PulseFinishedCallback)
    [Anonymous Symbol]                       0x08002188   Section        0  main.o(.text.HAL_TIM_PeriodElapsedCallback)
    [Anonymous Symbol]                       0x080021ac   Section        0  stm32f1xx_hal_tim.o(.text.HAL_TIM_TriggerCallback)
    [Anonymous Symbol]                       0x080021b4   Section        0  stm32f1xx_hal_uart.o(.text.HAL_UARTEx_RxEventCallback)
    [Anonymous Symbol]                       0x080021c0   Section        0  stm32f1xx_hal_uart.o(.text.HAL_UART_ErrorCallback)
    [Anonymous Symbol]                       0x080021c8   Section        0  stm32f1xx_hal_uart.o(.text.HAL_UART_IRQHandler)
    [Anonymous Symbol]                       0x080025f4   Section        0  usart.o(.text.HAL_UART_MspInit)
    [Anonymous Symbol]                       0x08002730   Section        0  stm32f1xx_hal_uart.o(.text.HAL_UART_RxCpltCallback)
    [Anonymous Symbol]                       0x08002738   Section        0  stm32f1xx_hal_uart.o(.text.HAL_UART_Transmit)
    [Anonymous Symbol]                       0x08002858   Section        0  stm32f1xx_hal_uart.o(.text.HAL_UART_TxCpltCallback)
    [Anonymous Symbol]                       0x08002860   Section        0  stm32f1xx_it.o(.text.HardFault_Handler)
    [Anonymous Symbol]                       0x08002864   Section        0  dma.o(.text.MX_DMA_Init)
    [Anonymous Symbol]                       0x080028b0   Section        0  gpio.o(.text.MX_GPIO_Init)
    [Anonymous Symbol]                       0x0800294c   Section        0  usart.o(.text.MX_USART1_UART_Init)
    [Anonymous Symbol]                       0x08002990   Section        0  stm32f1xx_it.o(.text.MemManage_Handler)
    [Anonymous Symbol]                       0x08002994   Section        0  stm32f1xx_it.o(.text.NMI_Handler)
    NVIC_EncodePriority                      0x08002999   Thumb Code   108  stm32f1xx_hal_cortex.o(.text.NVIC_EncodePriority)
    [Anonymous Symbol]                       0x08002998   Section        0  stm32f1xx_hal_cortex.o(.text.NVIC_EncodePriority)
    [Anonymous Symbol]                       0x08002a10   Section        0  port.o(.text.PendSV_Handler)
    pxCurrentTCBConst                        0x08002a50   Number         0  port.o(.text.PendSV_Handler)
    RCC_Delay                                0x08002a55   Thumb Code    58  stm32f1xx_hal_rcc.o(.text.RCC_Delay)
    [Anonymous Symbol]                       0x08002a54   Section        0  stm32f1xx_hal_rcc.o(.text.RCC_Delay)
    [Anonymous Symbol]                       0x08002a90   Section        0  port.o(.text.SVC_Handler)
    pxCurrentTCBConst2                       0x08002ab0   Number         0  port.o(.text.SVC_Handler)
    [Anonymous Symbol]                       0x08002ab4   Section        0  port.o(.text.SysTick_Handler)
    [Anonymous Symbol]                       0x08002af0   Section        0  main.o(.text.SystemClock_Config)
    [Anonymous Symbol]                       0x08002b5c   Section        0  system_stm32f1xx.o(.text.SystemInit)
    [Anonymous Symbol]                       0x08002b60   Section        0  stm32f1xx_it.o(.text.TIM1_UP_IRQHandler)
    [Anonymous Symbol]                       0x08002b70   Section        0  stm32f1xx_hal_tim.o(.text.TIM_Base_SetConfig)
    UART_DMAAbortOnError                     0x08002c61   Thumb Code    32  stm32f1xx_hal_uart.o(.text.UART_DMAAbortOnError)
    [Anonymous Symbol]                       0x08002c60   Section        0  stm32f1xx_hal_uart.o(.text.UART_DMAAbortOnError)
    UART_EndRxTransfer                       0x08002c81   Thumb Code   148  stm32f1xx_hal_uart.o(.text.UART_EndRxTransfer)
    [Anonymous Symbol]                       0x08002c80   Section        0  stm32f1xx_hal_uart.o(.text.UART_EndRxTransfer)
    UART_EndTransmit_IT                      0x08002d15   Thumb Code    38  stm32f1xx_hal_uart.o(.text.UART_EndTransmit_IT)
    [Anonymous Symbol]                       0x08002d14   Section        0  stm32f1xx_hal_uart.o(.text.UART_EndTransmit_IT)
    UART_Receive_IT                          0x08002d3d   Thumb Code   362  stm32f1xx_hal_uart.o(.text.UART_Receive_IT)
    [Anonymous Symbol]                       0x08002d3c   Section        0  stm32f1xx_hal_uart.o(.text.UART_Receive_IT)
    UART_SetConfig                           0x08002ea9   Thumb Code   186  stm32f1xx_hal_uart.o(.text.UART_SetConfig)
    [Anonymous Symbol]                       0x08002ea8   Section        0  stm32f1xx_hal_uart.o(.text.UART_SetConfig)
    UART_Transmit_IT                         0x08002f65   Thumb Code   148  stm32f1xx_hal_uart.o(.text.UART_Transmit_IT)
    [Anonymous Symbol]                       0x08002f64   Section        0  stm32f1xx_hal_uart.o(.text.UART_Transmit_IT)
    UART_WaitOnFlagUntilTimeout              0x08002ff9   Thumb Code   210  stm32f1xx_hal_uart.o(.text.UART_WaitOnFlagUntilTimeout)
    [Anonymous Symbol]                       0x08002ff8   Section        0  stm32f1xx_hal_uart.o(.text.UART_WaitOnFlagUntilTimeout)
    [Anonymous Symbol]                       0x080030cc   Section        0  stm32f1xx_it.o(.text.USART1_IRQHandler)
    [Anonymous Symbol]                       0x080030dc   Section        0  stm32f1xx_it.o(.text.UsageFault_Handler)
    __NVIC_EnableIRQ                         0x080030e1   Thumb Code    48  stm32f1xx_hal_cortex.o(.text.__NVIC_EnableIRQ)
    [Anonymous Symbol]                       0x080030e0   Section        0  stm32f1xx_hal_cortex.o(.text.__NVIC_EnableIRQ)
    __NVIC_GetPriorityGrouping               0x08003111   Thumb Code    16  stm32f1xx_hal_cortex.o(.text.__NVIC_GetPriorityGrouping)
    [Anonymous Symbol]                       0x08003110   Section        0  stm32f1xx_hal_cortex.o(.text.__NVIC_GetPriorityGrouping)
    __NVIC_SetPriority                       0x08003121   Thumb Code    66  stm32f1xx_hal_cortex.o(.text.__NVIC_SetPriority)
    [Anonymous Symbol]                       0x08003120   Section        0  stm32f1xx_hal_cortex.o(.text.__NVIC_SetPriority)
    __NVIC_SetPriorityGrouping               0x08003165   Thumb Code    60  stm32f1xx_hal_cortex.o(.text.__NVIC_SetPriorityGrouping)
    [Anonymous Symbol]                       0x08003164   Section        0  stm32f1xx_hal_cortex.o(.text.__NVIC_SetPriorityGrouping)
    [Anonymous Symbol]                       0x080031a0   Section        0  assert.o(.text._assert_func)
    _device_add                              0x080031a5   Thumb Code   184  device.o(.text._device_add)
    [Anonymous Symbol]                       0x080031a4   Section        0  device.o(.text._device_add)
    _get_status                              0x0800325d   Thumb Code   132  drv_pin_mcu.o(.text._get_status)
    [Anonymous Symbol]                       0x0800325c   Section        0  drv_pin_mcu.o(.text._get_status)
    _init                                    0x080032e1   Thumb Code   160  drv_pin_mcu.o(.text._init)
    [Anonymous Symbol]                       0x080032e0   Section        0  drv_pin_mcu.o(.text._init)
    [Anonymous Symbol]                       0x08003380   Section        0  log.o(.text._log)
    _set_mode                                0x0800344d   Thumb Code   320  drv_pin_mcu.o(.text._set_mode)
    [Anonymous Symbol]                       0x0800344c   Section        0  drv_pin_mcu.o(.text._set_mode)
    _set_status                              0x0800358d   Thumb Code   132  drv_pin_mcu.o(.text._set_status)
    [Anonymous Symbol]                       0x0800358c   Section        0  drv_pin_mcu.o(.text._set_status)
    check_pin_name_valid                     0x08003611   Thumb Code   206  drv_pin_mcu.o(.text.check_pin_name_valid)
    [Anonymous Symbol]                       0x08003610   Section        0  drv_pin_mcu.o(.text.check_pin_name_valid)
    [Anonymous Symbol]                       0x080036e0   Section        0  device.o(.text.device_register)
    [Anonymous Symbol]                       0x080037d4   Section        0  drv_pin_mcu.o(.text.driver_pin_mcu_init)
    get_pin_from_name                        0x080038d9   Thumb Code    40  drv_pin_mcu.o(.text.get_pin_from_name)
    [Anonymous Symbol]                       0x080038d8   Section        0  drv_pin_mcu.o(.text.get_pin_from_name)
    get_port_from_name                       0x08003901   Thumb Code    36  drv_pin_mcu.o(.text.get_port_from_name)
    [Anonymous Symbol]                       0x08003900   Section        0  drv_pin_mcu.o(.text.get_port_from_name)
    gpio_clock_enable                        0x08003925   Thumb Code   278  drv_pin_mcu.o(.text.gpio_clock_enable)
    [Anonymous Symbol]                       0x08003924   Section        0  drv_pin_mcu.o(.text.gpio_clock_enable)
    [Anonymous Symbol]                       0x08003a3c   Section        0  hal_pin.o(.text.hal_pin_register)
    [Anonymous Symbol]                       0x08003b58   Section        0  hal_pin.o(.text.hal_pin_set_mode)
    [Anonymous Symbol]                       0x08003c20   Section        0  hal_pin.o(.text.hal_pin_set_status)
    [Anonymous Symbol]                       0x08003d08   Section        0  log.o(.text.log_set_level)
    [Anonymous Symbol]                       0x08003d78   Section        0  main.o(.text.main)
    prvResetNextTaskUnblockTime              0x08003e3d   Thumb Code    70  tasks.o(.text.prvResetNextTaskUnblockTime)
    [Anonymous Symbol]                       0x08003e3c   Section        0  tasks.o(.text.prvResetNextTaskUnblockTime)
    [Anonymous Symbol]                       0x08003e84   Section        0  list.o(.text.uxListRemove)
    [Anonymous Symbol]                       0x08003ecc   Section        0  list.o(.text.vListInsertEnd)
    [Anonymous Symbol]                       0x08003f08   Section        0  tasks.o(.text.vTaskSwitchContext)
    [Anonymous Symbol]                       0x08003fd0   Section        0  tasks.o(.text.xTaskIncrementTick)
    i.__0sprintf                             0x08004194   Section        0  printfa.o(i.__0sprintf)
    i.__0vsprintf                            0x080041bc   Section        0  printfa.o(i.__0vsprintf)
    i.__aeabi_errno_addr                     0x080041e0   Section        0  errno.o(i.__aeabi_errno_addr)
    i.__scatterload_copy                     0x080041e8   Section       14  handlers.o(i.__scatterload_copy)
    i.__scatterload_null                     0x080041f6   Section        2  handlers.o(i.__scatterload_null)
    i.__scatterload_zeroinit                 0x080041f8   Section       14  handlers.o(i.__scatterload_zeroinit)
    _fp_digits                               0x08004209   Thumb Code   366  printfa.o(i._fp_digits)
    i._fp_digits                             0x08004208   Section        0  printfa.o(i._fp_digits)
    _printf_core                             0x0800438d   Thumb Code  1744  printfa.o(i._printf_core)
    i._printf_core                           0x0800438c   Section        0  printfa.o(i._printf_core)
    _printf_post_padding                     0x08004a69   Thumb Code    36  printfa.o(i._printf_post_padding)
    i._printf_post_padding                   0x08004a68   Section        0  printfa.o(i._printf_post_padding)
    _printf_pre_padding                      0x08004a8d   Thumb Code    46  printfa.o(i._printf_pre_padding)
    i._printf_pre_padding                    0x08004a8c   Section        0  printfa.o(i._printf_pre_padding)
    _sputc                                   0x08004abb   Thumb Code    10  printfa.o(i._sputc)
    i._sputc                                 0x08004aba   Section        0  printfa.o(i._sputc)
    i.malloc                                 0x08004ac4   Section        0  malloc.o(i.malloc)
    .constdata                               0x08004b30   Section      129  ctype_o.o(.constdata)
    table                                    0x08004bb4   Data           4  ctype_o.o(.constdata)
    .constdata                               0x08004bb4   Section        4  ctype_o.o(.constdata)
    HAL_RCC_GetSysClockFreq.aPLLMULFactorTable 0x08004bd0   Data          16  stm32f1xx_hal_rcc.o(.rodata.HAL_RCC_GetSysClockFreq.aPLLMULFactorTable)
    [Anonymous Symbol]                       0x08004bd0   Section        0  stm32f1xx_hal_rcc.o(.rodata.HAL_RCC_GetSysClockFreq.aPLLMULFactorTable)
    HAL_RCC_GetSysClockFreq.aPredivFactorTable 0x08004be0   Data           2  stm32f1xx_hal_rcc.o(.rodata.HAL_RCC_GetSysClockFreq.aPredivFactorTable)
    [Anonymous Symbol]                       0x08004be0   Section        0  stm32f1xx_hal_rcc.o(.rodata.HAL_RCC_GetSysClockFreq.aPredivFactorTable)
    driver_pin_ops                           0x08004be4   Data          16  drv_pin_mcu.o(.rodata.driver_pin_ops)
    [Anonymous Symbol]                       0x08004be4   Section        0  drv_pin_mcu.o(.rodata.driver_pin_ops)
    log_level_label                          0x08004bf4   Data          20  log.o(.rodata.log_level_label)
    [Anonymous Symbol]                       0x08004bf4   Section        0  log.o(.rodata.log_level_label)
    .L.str                                   0x08004c08   Data          18  main.o(.rodata.str1.1)
    .L.str                                   0x08004c08   Data          18  main.o(.rodata.str1.1)
    .L.str                                   0x08004c08   Data          18  main.o(.rodata.str1.1)
    .L.str                                   0x08004c08   Data          18  main.o(.rodata.str1.1)
    [Anonymous Symbol]                       0x08004c08   Section        0  main.o(.rodata.str1.1)
    .L.str.1                                 0x08004c1a   Data          18  main.o(.rodata.str1.1)
    .L.str.1                                 0x08004c1a   Data          18  main.o(.rodata.str1.1)
    .L.str.1                                 0x08004c1a   Data          18  main.o(.rodata.str1.1)
    .L.str.1                                 0x08004c1a   Data          18  main.o(.rodata.str1.1)
    .L.str.3                                 0x08004c2c   Data           5  main.o(.rodata.str1.1)
    .L.str.2                                 0x08004c38   Data           8  main.o(.rodata.str1.1)
    .L.str.1                                 0x08004c40   Data          43  log.o(.rodata.str1.1)
    [Anonymous Symbol]                       0x08004c40   Section        0  log.o(.rodata.str1.1)
    .L.str                                   0x08004c6b   Data          22  log.o(.rodata.str1.1)
    .L.str.3                                 0x08004c81   Data           9  log.o(.rodata.str1.1)
    .L.str.2                                 0x08004d08   Data           3  log.o(.rodata.str1.1)
    [Anonymous Symbol]                       0x08004d0b   Section        0  device.o(.rodata.str1.1)
    [Anonymous Symbol]                       0x08004d14   Section        0  drv_pin_mcu.o(.rodata.str1.1)
    [Anonymous Symbol]                       0x08004d1e   Section        0  hal_pin.o(.rodata.str1.1)
    .data                                    0x20000000   Section        4  mvars.o(.data)
    .data                                    0x20000004   Section        4  mvars.o(.data)
    _errno                                   0x20000008   Data           4  errno.o(.data)
    .data                                    0x20000008   Section        4  errno.o(.data)
    TAG                                      0x20000010   Data           4  main.o(.data.TAG)
    [Anonymous Symbol]                       0x20000010   Section        0  main.o(.data.TAG)
    TAG                                      0x20000014   Data           4  log.o(.data.TAG)
    [Anonymous Symbol]                       0x20000014   Section        0  log.o(.data.TAG)
    TAG                                      0x20000018   Data           4  device.o(.data.TAG)
    [Anonymous Symbol]                       0x20000018   Section        0  device.o(.data.TAG)
    TAG                                      0x2000001c   Data           4  drv_pin_mcu.o(.data.TAG)
    [Anonymous Symbol]                       0x2000001c   Section        0  drv_pin_mcu.o(.data.TAG)
    TAG                                      0x20000020   Data           4  hal_pin.o(.data.TAG)
    [Anonymous Symbol]                       0x20000020   Section        0  hal_pin.o(.data.TAG)
    get_port_from_name.port_table            0x20000024   Data          20  drv_pin_mcu.o(.data.get_port_from_name.port_table)
    [Anonymous Symbol]                       0x20000024   Section        0  drv_pin_mcu.o(.data.get_port_from_name.port_table)
    log_level                                0x20000038   Data           1  log.o(.data.log_level)
    [Anonymous Symbol]                       0x20000038   Section        0  log.o(.data.log_level)
    _device_count                            0x20000040   Data           2  device.o(.bss._device_count)
    [Anonymous Symbol]                       0x20000040   Section        0  device.o(.bss._device_count)
    _device_table                            0x20000044   Data         400  device.o(.bss._device_table)
    [Anonymous Symbol]                       0x20000044   Section        0  device.o(.bss._device_table)
    pxDelayedTaskList                        0x200002f0   Data           4  tasks.o(.bss.pxDelayedTaskList)
    [Anonymous Symbol]                       0x200002f0   Section        0  tasks.o(.bss.pxDelayedTaskList)
    pxOverflowDelayedTaskList                0x200002f4   Data           4  tasks.o(.bss.pxOverflowDelayedTaskList)
    [Anonymous Symbol]                       0x200002f4   Section        0  tasks.o(.bss.pxOverflowDelayedTaskList)
    pxReadyTasksLists                        0x200002f8   Data        1120  tasks.o(.bss.pxReadyTasksLists)
    [Anonymous Symbol]                       0x200002f8   Section        0  tasks.o(.bss.pxReadyTasksLists)
    usart_tx_buf                             0x20000758   Data        1024  log.o(.bss.usart_tx_buf)
    [Anonymous Symbol]                       0x20000758   Section        0  log.o(.bss.usart_tx_buf)
    uxPendedTicks                            0x20000b5c   Data           4  tasks.o(.bss.uxPendedTicks)
    [Anonymous Symbol]                       0x20000b5c   Section        0  tasks.o(.bss.uxPendedTicks)
    uxSchedulerSuspended                     0x20000b60   Data           4  tasks.o(.bss.uxSchedulerSuspended)
    [Anonymous Symbol]                       0x20000b60   Section        0  tasks.o(.bss.uxSchedulerSuspended)
    uxTopReadyPriority                       0x20000b64   Data           4  tasks.o(.bss.uxTopReadyPriority)
    [Anonymous Symbol]                       0x20000b64   Section        0  tasks.o(.bss.uxTopReadyPriority)
    xNextTaskUnblockTime                     0x20000b68   Data           4  tasks.o(.bss.xNextTaskUnblockTime)
    [Anonymous Symbol]                       0x20000b68   Section        0  tasks.o(.bss.xNextTaskUnblockTime)
    xNumOfOverflows                          0x20000b6c   Data           4  tasks.o(.bss.xNumOfOverflows)
    [Anonymous Symbol]                       0x20000b6c   Section        0  tasks.o(.bss.xNumOfOverflows)
    xTickCount                               0x20000b70   Data           4  tasks.o(.bss.xTickCount)
    [Anonymous Symbol]                       0x20000b70   Section        0  tasks.o(.bss.xTickCount)
    xYieldPending                            0x20000b74   Data           4  tasks.o(.bss.xYieldPending)
    [Anonymous Symbol]                       0x20000b74   Section        0  tasks.o(.bss.xYieldPending)
    HEAP                                     0x20000b78   Section      512  startup_stm32f103xb.o(HEAP)
    STACK                                    0x20000d78   Section     1024  startup_stm32f103xb.o(STACK)

    Global Symbols

    Symbol Name                              Value     Ov Type        Size  Object(Section)

    BuildAttributes$$THM_ISAv4$P$D$K$B$S$PE$A:L22UL41UL21$X:L11$S22US41US21$IEEE1$IW$~IW$USESV6$~STKCKD$USESV7$~SHL$OSPACE$ROPI$EBA8$MICROLIB$REQ8$PRES8$EABIv2 0x00000000   Number         0  anon$$obj.o ABSOLUTE
    __cpp_initialize__aeabi_                  - Undefined Weak Reference
    __cxa_finalize                            - Undefined Weak Reference
    __decompress                              - Undefined Weak Reference
    _clock_init                               - Undefined Weak Reference
    _microlib_exit                            - Undefined Weak Reference
    __Vectors_Size                           0x000000ec   Number         0  startup_stm32f103xb.o ABSOLUTE
    __Vectors                                0x08000000   Data           4  startup_stm32f103xb.o(RESET)
    __Vectors_End                            0x080000ec   Data           0  startup_stm32f103xb.o(RESET)
    __main                                   0x080000ed   Thumb Code     0  entry.o(.ARM.Collect$$$$00000000)
    _main_stk                                0x080000ed   Thumb Code     0  entry2.o(.ARM.Collect$$$$00000001)
    _main_scatterload                        0x080000f1   Thumb Code     0  entry5.o(.ARM.Collect$$$$00000004)
    __main_after_scatterload                 0x080000f5   Thumb Code     0  entry5.o(.ARM.Collect$$$$00000004)
    _main_clock                              0x080000f5   Thumb Code     0  entry7b.o(.ARM.Collect$$$$00000008)
    _main_cpp_init                           0x080000f5   Thumb Code     0  entry8b.o(.ARM.Collect$$$$0000000A)
    _main_init                               0x080000f5   Thumb Code     0  entry9a.o(.ARM.Collect$$$$0000000B)
    __rt_final_cpp                           0x080000fd   Thumb Code     0  entry10a.o(.ARM.Collect$$$$0000000D)
    __rt_final_exit                          0x080000fd   Thumb Code     0  entry11a.o(.ARM.Collect$$$$0000000F)
    Reset_Handler                            0x08000101   Thumb Code     8  startup_stm32f103xb.o(.text)
    ADC1_2_IRQHandler                        0x0800011b   Thumb Code     0  startup_stm32f103xb.o(.text)
    CAN1_RX1_IRQHandler                      0x0800011b   Thumb Code     0  startup_stm32f103xb.o(.text)
    CAN1_SCE_IRQHandler                      0x0800011b   Thumb Code     0  startup_stm32f103xb.o(.text)
    DMA1_Channel1_IRQHandler                 0x0800011b   Thumb Code     0  startup_stm32f103xb.o(.text)
    DMA1_Channel2_IRQHandler                 0x0800011b   Thumb Code     0  startup_stm32f103xb.o(.text)
    DMA1_Channel3_IRQHandler                 0x0800011b   Thumb Code     0  startup_stm32f103xb.o(.text)
    DMA1_Channel6_IRQHandler                 0x0800011b   Thumb Code     0  startup_stm32f103xb.o(.text)
    DMA1_Channel7_IRQHandler                 0x0800011b   Thumb Code     0  startup_stm32f103xb.o(.text)
    EXTI0_IRQHandler                         0x0800011b   Thumb Code     0  startup_stm32f103xb.o(.text)
    EXTI15_10_IRQHandler                     0x0800011b   Thumb Code     0  startup_stm32f103xb.o(.text)
    EXTI1_IRQHandler                         0x0800011b   Thumb Code     0  startup_stm32f103xb.o(.text)
    EXTI2_IRQHandler                         0x0800011b   Thumb Code     0  startup_stm32f103xb.o(.text)
    EXTI3_IRQHandler                         0x0800011b   Thumb Code     0  startup_stm32f103xb.o(.text)
    EXTI4_IRQHandler                         0x0800011b   Thumb Code     0  startup_stm32f103xb.o(.text)
    EXTI9_5_IRQHandler                       0x0800011b   Thumb Code     0  startup_stm32f103xb.o(.text)
    FLASH_IRQHandler                         0x0800011b   Thumb Code     0  startup_stm32f103xb.o(.text)
    I2C1_ER_IRQHandler                       0x0800011b   Thumb Code     0  startup_stm32f103xb.o(.text)
    I2C1_EV_IRQHandler                       0x0800011b   Thumb Code     0  startup_stm32f103xb.o(.text)
    I2C2_ER_IRQHandler                       0x0800011b   Thumb Code     0  startup_stm32f103xb.o(.text)
    I2C2_EV_IRQHandler                       0x0800011b   Thumb Code     0  startup_stm32f103xb.o(.text)
    PVD_IRQHandler                           0x0800011b   Thumb Code     0  startup_stm32f103xb.o(.text)
    RCC_IRQHandler                           0x0800011b   Thumb Code     0  startup_stm32f103xb.o(.text)
    RTC_Alarm_IRQHandler                     0x0800011b   Thumb Code     0  startup_stm32f103xb.o(.text)
    RTC_IRQHandler                           0x0800011b   Thumb Code     0  startup_stm32f103xb.o(.text)
    SPI1_IRQHandler                          0x0800011b   Thumb Code     0  startup_stm32f103xb.o(.text)
    SPI2_IRQHandler                          0x0800011b   Thumb Code     0  startup_stm32f103xb.o(.text)
    TAMPER_IRQHandler                        0x0800011b   Thumb Code     0  startup_stm32f103xb.o(.text)
    TIM1_BRK_IRQHandler                      0x0800011b   Thumb Code     0  startup_stm32f103xb.o(.text)
    TIM1_CC_IRQHandler                       0x0800011b   Thumb Code     0  startup_stm32f103xb.o(.text)
    TIM1_TRG_COM_IRQHandler                  0x0800011b   Thumb Code     0  startup_stm32f103xb.o(.text)
    TIM2_IRQHandler                          0x0800011b   Thumb Code     0  startup_stm32f103xb.o(.text)
    TIM3_IRQHandler                          0x0800011b   Thumb Code     0  startup_stm32f103xb.o(.text)
    TIM4_IRQHandler                          0x0800011b   Thumb Code     0  startup_stm32f103xb.o(.text)
    USART2_IRQHandler                        0x0800011b   Thumb Code     0  startup_stm32f103xb.o(.text)
    USART3_IRQHandler                        0x0800011b   Thumb Code     0  startup_stm32f103xb.o(.text)
    USBWakeUp_IRQHandler                     0x0800011b   Thumb Code     0  startup_stm32f103xb.o(.text)
    USB_HP_CAN1_TX_IRQHandler                0x0800011b   Thumb Code     0  startup_stm32f103xb.o(.text)
    USB_LP_CAN1_RX0_IRQHandler               0x0800011b   Thumb Code     0  startup_stm32f103xb.o(.text)
    WWDG_IRQHandler                          0x0800011b   Thumb Code     0  startup_stm32f103xb.o(.text)
    __aeabi_memset                           0x08000125   Thumb Code    14  memseta.o(.text)
    __aeabi_memset4                          0x08000125   Thumb Code     0  memseta.o(.text)
    __aeabi_memset8                          0x08000125   Thumb Code     0  memseta.o(.text)
    __aeabi_memclr                           0x08000133   Thumb Code     4  memseta.o(.text)
    __aeabi_memclr4                          0x08000133   Thumb Code     0  memseta.o(.text)
    __aeabi_memclr8                          0x08000133   Thumb Code     0  memseta.o(.text)
    _memset$wrapper                          0x08000137   Thumb Code    18  memseta.o(.text)
    strlen                                   0x08000149   Thumb Code    14  strlen.o(.text)
    strtol                                   0x08000157   Thumb Code   112  strtol.o(.text)
    __aeabi_uidiv                            0x080001c7   Thumb Code     0  uidiv.o(.text)
    __aeabi_uidivmod                         0x080001c7   Thumb Code    44  uidiv.o(.text)
    __aeabi_uldivmod                         0x080001f3   Thumb Code    98  uldiv.o(.text)
    __rt_ctype_table                         0x08000255   Thumb Code     4  ctype_o.o(.text)
    _strtoul                                 0x0800025d   Thumb Code   158  _strtoul.o(.text)
    __I$use$fp                               0x080002fb   Thumb Code     0  iusefp.o(.text)
    __aeabi_dadd                             0x080002fb   Thumb Code   322  dadd.o(.text)
    __aeabi_dsub                             0x0800043d   Thumb Code     6  dadd.o(.text)
    __aeabi_drsub                            0x08000443   Thumb Code     6  dadd.o(.text)
    __aeabi_dmul                             0x08000449   Thumb Code   228  dmul.o(.text)
    __aeabi_ddiv                             0x0800052d   Thumb Code   222  ddiv.o(.text)
    __aeabi_d2ulz                            0x0800060b   Thumb Code    48  dfixul.o(.text)
    __aeabi_cdrcmple                         0x0800063d   Thumb Code    48  cdrcmple.o(.text)
    __scatterload                            0x0800066d   Thumb Code    28  init.o(.text)
    __scatterload_rt2                        0x0800066d   Thumb Code     0  init.o(.text)
    __aeabi_llsl                             0x08000691   Thumb Code    30  llshl.o(.text)
    _ll_shift_l                              0x08000691   Thumb Code     0  llshl.o(.text)
    __aeabi_llsr                             0x080006af   Thumb Code    32  llushr.o(.text)
    _ll_ushift_r                             0x080006af   Thumb Code     0  llushr.o(.text)
    __aeabi_lasr                             0x080006cf   Thumb Code    36  llsshr.o(.text)
    _ll_sshift_r                             0x080006cf   Thumb Code     0  llsshr.o(.text)
    _chval                                   0x080006f3   Thumb Code    28  _chval.o(.text)
    _double_round                            0x0800070f   Thumb Code    30  depilogue.o(.text)
    _double_epilogue                         0x0800072d   Thumb Code   156  depilogue.o(.text)
    BusFault_Handler                         0x080007c9   Thumb Code     4  stm32f1xx_it.o(.text.BusFault_Handler)
    DMA1_Channel4_IRQHandler                 0x080007cd   Thumb Code    16  stm32f1xx_it.o(.text.DMA1_Channel4_IRQHandler)
    DMA1_Channel5_IRQHandler                 0x080007dd   Thumb Code    16  stm32f1xx_it.o(.text.DMA1_Channel5_IRQHandler)
    DebugMon_Handler                         0x080007ed   Thumb Code     2  stm32f1xx_it.o(.text.DebugMon_Handler)
    Error_Handler                            0x080007f1   Thumb Code    14  main.o(.text.Error_Handler)
    HAL_DMA_Abort                            0x08000801   Thumb Code   124  stm32f1xx_hal_dma.o(.text.HAL_DMA_Abort)
    HAL_DMA_Abort_IT                         0x0800087d   Thumb Code   284  stm32f1xx_hal_dma.o(.text.HAL_DMA_Abort_IT)
    HAL_DMA_IRQHandler                       0x08000999   Thumb Code   646  stm32f1xx_hal_dma.o(.text.HAL_DMA_IRQHandler)
    HAL_DMA_Init                             0x08000c21   Thumb Code   174  stm32f1xx_hal_dma.o(.text.HAL_DMA_Init)
    HAL_Delay                                0x08000cd1   Thumb Code    66  stm32f1xx_hal.o(.text.HAL_Delay)
    HAL_GPIO_Init                            0x08000d15   Thumb Code   798  stm32f1xx_hal_gpio.o(.text.HAL_GPIO_Init)
    HAL_GPIO_ReadPin                         0x08001035   Thumb Code    46  stm32f1xx_hal_gpio.o(.text.HAL_GPIO_ReadPin)
    HAL_GPIO_WritePin                        0x08001065   Thumb Code    46  stm32f1xx_hal_gpio.o(.text.HAL_GPIO_WritePin)
    HAL_GetTick                              0x08001095   Thumb Code    12  stm32f1xx_hal.o(.text.HAL_GetTick)
    HAL_IncTick                              0x080010a1   Thumb Code    26  stm32f1xx_hal.o(.text.HAL_IncTick)
    HAL_Init                                 0x080010bd   Thumb Code    38  stm32f1xx_hal.o(.text.HAL_Init)
    HAL_InitTick                             0x080010e5   Thumb Code   218  stm32f1xx_hal_timebase_tim.o(.text.HAL_InitTick)
    HAL_MspInit                              0x080011c1   Thumb Code   114  stm32f1xx_hal_msp.o(.text.HAL_MspInit)
    HAL_MultiProcessor_Init                  0x08001235   Thumb Code   202  stm32f1xx_hal_uart.o(.text.HAL_MultiProcessor_Init)
    HAL_NVIC_EnableIRQ                       0x08001301   Thumb Code    20  stm32f1xx_hal_cortex.o(.text.HAL_NVIC_EnableIRQ)
    HAL_NVIC_SetPriority                     0x08001315   Thumb Code    50  stm32f1xx_hal_cortex.o(.text.HAL_NVIC_SetPriority)
    HAL_NVIC_SetPriorityGrouping             0x08001349   Thumb Code    16  stm32f1xx_hal_cortex.o(.text.HAL_NVIC_SetPriorityGrouping)
    HAL_RCC_ClockConfig                      0x08001359   Thumb Code   598  stm32f1xx_hal_rcc.o(.text.HAL_RCC_ClockConfig)
    HAL_RCC_GetClockConfig                   0x080015b1   Thumb Code    84  stm32f1xx_hal_rcc.o(.text.HAL_RCC_GetClockConfig)
    HAL_RCC_GetHCLKFreq                      0x08001605   Thumb Code    12  stm32f1xx_hal_rcc.o(.text.HAL_RCC_GetHCLKFreq)
    HAL_RCC_GetPCLK1Freq                     0x08001611   Thumb Code    34  stm32f1xx_hal_rcc.o(.text.HAL_RCC_GetPCLK1Freq)
    HAL_RCC_GetPCLK2Freq                     0x08001635   Thumb Code    34  stm32f1xx_hal_rcc.o(.text.HAL_RCC_GetPCLK2Freq)
    HAL_RCC_GetSysClockFreq                  0x08001659   Thumb Code   188  stm32f1xx_hal_rcc.o(.text.HAL_RCC_GetSysClockFreq)
    HAL_RCC_OscConfig                        0x08001715   Thumb Code  1658  stm32f1xx_hal_rcc.o(.text.HAL_RCC_OscConfig)
    HAL_TIMEx_BreakCallback                  0x08001d91   Thumb Code     8  stm32f1xx_hal_tim_ex.o(.text.HAL_TIMEx_BreakCallback)
    HAL_TIMEx_CommutCallback                 0x08001d99   Thumb Code     8  stm32f1xx_hal_tim_ex.o(.text.HAL_TIMEx_CommutCallback)
    HAL_TIM_Base_Init                        0x08001da1   Thumb Code   156  stm32f1xx_hal_tim.o(.text.HAL_TIM_Base_Init)
    HAL_TIM_Base_MspInit                     0x08001e3d   Thumb Code     8  stm32f1xx_hal_tim.o(.text.HAL_TIM_Base_MspInit)
    HAL_TIM_Base_Start_IT                    0x08001e45   Thumb Code   176  stm32f1xx_hal_tim.o(.text.HAL_TIM_Base_Start_IT)
    HAL_TIM_IC_CaptureCallback               0x08001ef5   Thumb Code     8  stm32f1xx_hal_tim.o(.text.HAL_TIM_IC_CaptureCallback)
    HAL_TIM_IRQHandler                       0x08001efd   Thumb Code   634  stm32f1xx_hal_tim.o(.text.HAL_TIM_IRQHandler)
    HAL_TIM_OC_DelayElapsedCallback          0x08002179   Thumb Code     8  stm32f1xx_hal_tim.o(.text.HAL_TIM_OC_DelayElapsedCallback)
    HAL_TIM_PWM_PulseFinishedCallback        0x08002181   Thumb Code     8  stm32f1xx_hal_tim.o(.text.HAL_TIM_PWM_PulseFinishedCallback)
    HAL_TIM_PeriodElapsedCallback            0x08002189   Thumb Code    34  main.o(.text.HAL_TIM_PeriodElapsedCallback)
    HAL_TIM_TriggerCallback                  0x080021ad   Thumb Code     8  stm32f1xx_hal_tim.o(.text.HAL_TIM_TriggerCallback)
    HAL_UARTEx_RxEventCallback               0x080021b5   Thumb Code    12  stm32f1xx_hal_uart.o(.text.HAL_UARTEx_RxEventCallback)
    HAL_UART_ErrorCallback                   0x080021c1   Thumb Code     8  stm32f1xx_hal_uart.o(.text.HAL_UART_ErrorCallback)
    HAL_UART_IRQHandler                      0x080021c9   Thumb Code  1066  stm32f1xx_hal_uart.o(.text.HAL_UART_IRQHandler)
    HAL_UART_MspInit                         0x080025f5   Thumb Code   316  usart.o(.text.HAL_UART_MspInit)
    HAL_UART_RxCpltCallback                  0x08002731   Thumb Code     8  stm32f1xx_hal_uart.o(.text.HAL_UART_RxCpltCallback)
    HAL_UART_Transmit                        0x08002739   Thumb Code   286  stm32f1xx_hal_uart.o(.text.HAL_UART_Transmit)
    HAL_UART_TxCpltCallback                  0x08002859   Thumb Code     8  stm32f1xx_hal_uart.o(.text.HAL_UART_TxCpltCallback)
    HardFault_Handler                        0x08002861   Thumb Code     4  stm32f1xx_it.o(.text.HardFault_Handler)
    MX_DMA_Init                              0x08002865   Thumb Code    76  dma.o(.text.MX_DMA_Init)
    MX_GPIO_Init                             0x080028b1   Thumb Code   156  gpio.o(.text.MX_GPIO_Init)
    MX_USART1_UART_Init                      0x0800294d   Thumb Code    66  usart.o(.text.MX_USART1_UART_Init)
    MemManage_Handler                        0x08002991   Thumb Code     4  stm32f1xx_it.o(.text.MemManage_Handler)
    NMI_Handler                              0x08002995   Thumb Code     4  stm32f1xx_it.o(.text.NMI_Handler)
    PendSV_Handler                           0x08002a11   Thumb Code    68  port.o(.text.PendSV_Handler)
    SVC_Handler                              0x08002a91   Thumb Code    36  port.o(.text.SVC_Handler)
    SysTick_Handler                          0x08002ab5   Thumb Code    60  port.o(.text.SysTick_Handler)
    SystemClock_Config                       0x08002af1   Thumb Code   108  main.o(.text.SystemClock_Config)
    SystemInit                               0x08002b5d   Thumb Code     2  system_stm32f1xx.o(.text.SystemInit)
    TIM1_UP_IRQHandler                       0x08002b61   Thumb Code    16  stm32f1xx_it.o(.text.TIM1_UP_IRQHandler)
    TIM_Base_SetConfig                       0x08002b71   Thumb Code   240  stm32f1xx_hal_tim.o(.text.TIM_Base_SetConfig)
    USART1_IRQHandler                        0x080030cd   Thumb Code    16  stm32f1xx_it.o(.text.USART1_IRQHandler)
    UsageFault_Handler                       0x080030dd   Thumb Code     4  stm32f1xx_it.o(.text.UsageFault_Handler)
    _assert_func                             0x080031a1   Thumb Code     4  assert.o(.text._assert_func)
    _log                                     0x08003381   Thumb Code   202  log.o(.text._log)
    device_register                          0x080036e1   Thumb Code   242  device.o(.text.device_register)
    driver_pin_mcu_init                      0x080037d5   Thumb Code   258  drv_pin_mcu.o(.text.driver_pin_mcu_init)
    hal_pin_register                         0x08003a3d   Thumb Code   282  hal_pin.o(.text.hal_pin_register)
    hal_pin_set_mode                         0x08003b59   Thumb Code   198  hal_pin.o(.text.hal_pin_set_mode)
    hal_pin_set_status                       0x08003c21   Thumb Code   230  hal_pin.o(.text.hal_pin_set_status)
    log_set_level                            0x08003d09   Thumb Code   112  log.o(.text.log_set_level)
    main                                     0x08003d79   Thumb Code   194  main.o(.text.main)
    uxListRemove                             0x08003e85   Thumb Code    72  list.o(.text.uxListRemove)
    vListInsertEnd                           0x08003ecd   Thumb Code    58  list.o(.text.vListInsertEnd)
    vTaskSwitchContext                       0x08003f09   Thumb Code   198  tasks.o(.text.vTaskSwitchContext)
    xTaskIncrementTick                       0x08003fd1   Thumb Code   452  tasks.o(.text.xTaskIncrementTick)
    __0sprintf                               0x08004195   Thumb Code    34  printfa.o(i.__0sprintf)
    __1sprintf                               0x08004195   Thumb Code     0  printfa.o(i.__0sprintf)
    __2sprintf                               0x08004195   Thumb Code     0  printfa.o(i.__0sprintf)
    __c89sprintf                             0x08004195   Thumb Code     0  printfa.o(i.__0sprintf)
    sprintf                                  0x08004195   Thumb Code     0  printfa.o(i.__0sprintf)
    __0vsprintf                              0x080041bd   Thumb Code    30  printfa.o(i.__0vsprintf)
    __1vsprintf                              0x080041bd   Thumb Code     0  printfa.o(i.__0vsprintf)
    __2vsprintf                              0x080041bd   Thumb Code     0  printfa.o(i.__0vsprintf)
    __c89vsprintf                            0x080041bd   Thumb Code     0  printfa.o(i.__0vsprintf)
    vsprintf                                 0x080041bd   Thumb Code     0  printfa.o(i.__0vsprintf)
    __aeabi_errno_addr                       0x080041e1   Thumb Code     4  errno.o(i.__aeabi_errno_addr)
    __rt_errno_addr                          0x080041e1   Thumb Code     0  errno.o(i.__aeabi_errno_addr)
    __scatterload_copy                       0x080041e9   Thumb Code    14  handlers.o(i.__scatterload_copy)
    __scatterload_null                       0x080041f7   Thumb Code     2  handlers.o(i.__scatterload_null)
    __scatterload_zeroinit                   0x080041f9   Thumb Code    14  handlers.o(i.__scatterload_zeroinit)
    malloc                                   0x08004ac5   Thumb Code    92  malloc.o(i.malloc)
    __ctype_table                            0x08004b30   Data         129  ctype_o.o(.constdata)
    AHBPrescTable                            0x08004bb8   Data          16  system_stm32f1xx.o(.rodata.AHBPrescTable)
    APBPrescTable                            0x08004bc8   Data           8  system_stm32f1xx.o(.rodata.APBPrescTable)
    Region$$Table$$Base                      0x08004d28   Number         0  anon$$obj.o(Region$$Table)
    Region$$Table$$Limit                     0x08004d48   Number         0  anon$$obj.o(Region$$Table)
    __microlib_freelist                      0x20000000   Data           4  mvars.o(.data)
    __microlib_freelist_initialised          0x20000004   Data           4  mvars.o(.data)
    SystemCoreClock                          0x2000000c   Data           4  system_stm32f1xx.o(.data.SystemCoreClock)
    uwTickFreq                               0x20000039   Data           1  stm32f1xx_hal.o(.data.uwTickFreq)
    uwTickPrio                               0x2000003c   Data           4  stm32f1xx_hal.o(.data.uwTickPrio)
    hdma_usart1_rx                           0x200001d4   Data          68  usart.o(.bss.hdma_usart1_rx)
    hdma_usart1_tx                           0x20000218   Data          68  usart.o(.bss.hdma_usart1_tx)
    htim1                                    0x2000025c   Data          72  stm32f1xx_hal_timebase_tim.o(.bss.htim1)
    huart1                                   0x200002a4   Data          72  usart.o(.bss.huart1)
    pxCurrentTCB                             0x200002ec   Data           4  tasks.o(.bss.pxCurrentTCB)
    uwTick                                   0x20000b58   Data           4  stm32f1xx_hal.o(.bss.uwTick)
    __heap_base                              0x20000b78   Data           0  startup_stm32f103xb.o(HEAP)
    __heap_limit                             0x20000d78   Data           0  startup_stm32f103xb.o(HEAP)
    __initial_sp                             0x20001178   Data           0  startup_stm32f103xb.o(STACK)



==============================================================================

Memory Map of the image

  Image Entry point : 0x080000ed

  Load Region LR_IROM1 (Base: 0x08000000, Size: 0x00004d88, Max: 0x00010000, ABSOLUTE)

    Execution Region ER_IROM1 (Exec base: 0x08000000, Load base: 0x08000000, Size: 0x00004d48, Max: 0x00010000, ABSOLUTE)

    Exec Addr    Load Addr    Size         Type   Attr      Idx    E Section Name        Object

    0x08000000   0x08000000   0x000000ec   Data   RO          861    RESET               startup_stm32f103xb.o
    0x080000ec   0x080000ec   0x00000000   Code   RO         1711  * .ARM.Collect$$$$00000000  mc_w.l(entry.o)
    0x080000ec   0x080000ec   0x00000004   Code   RO         1780    .ARM.Collect$$$$00000001  mc_w.l(entry2.o)
    0x080000f0   0x080000f0   0x00000004   Code   RO         1783    .ARM.Collect$$$$00000004  mc_w.l(entry5.o)
    0x080000f4   0x080000f4   0x00000000   Code   RO         1785    .ARM.Collect$$$$00000008  mc_w.l(entry7b.o)
    0x080000f4   0x080000f4   0x00000000   Code   RO         1787    .ARM.Collect$$$$0000000A  mc_w.l(entry8b.o)
    0x080000f4   0x080000f4   0x00000008   Code   RO         1788    .ARM.Collect$$$$0000000B  mc_w.l(entry9a.o)
    0x080000fc   0x080000fc   0x00000000   Code   RO         1790    .ARM.Collect$$$$0000000D  mc_w.l(entry10a.o)
    0x080000fc   0x080000fc   0x00000000   Code   RO         1792    .ARM.Collect$$$$0000000F  mc_w.l(entry11a.o)
    0x080000fc   0x080000fc   0x00000004   Code   RO         1781    .ARM.Collect$$$$00002712  mc_w.l(entry2.o)
    0x08000100   0x08000100   0x00000024   Code   RO          862    .text               startup_stm32f103xb.o
    0x08000124   0x08000124   0x00000024   Code   RO         1716    .text               mc_w.l(memseta.o)
    0x08000148   0x08000148   0x0000000e   Code   RO         1718    .text               mc_w.l(strlen.o)
    0x08000156   0x08000156   0x00000070   Code   RO         1778    .text               mc_w.l(strtol.o)
    0x080001c6   0x080001c6   0x0000002c   Code   RO         1808    .text               mc_w.l(uidiv.o)
    0x080001f2   0x080001f2   0x00000062   Code   RO         1810    .text               mc_w.l(uldiv.o)
    0x08000254   0x08000254   0x00000008   Code   RO         1812    .text               mc_w.l(ctype_o.o)
    0x0800025c   0x0800025c   0x0000009e   Code   RO         1849    .text               mc_w.l(_strtoul.o)
    0x080002fa   0x080002fa   0x00000000   Code   RO         1851    .text               mc_w.l(iusefp.o)
    0x080002fa   0x080002fa   0x0000014e   Code   RO         1852    .text               mf_w.l(dadd.o)
    0x08000448   0x08000448   0x000000e4   Code   RO         1854    .text               mf_w.l(dmul.o)
    0x0800052c   0x0800052c   0x000000de   Code   RO         1856    .text               mf_w.l(ddiv.o)
    0x0800060a   0x0800060a   0x00000030   Code   RO         1858    .text               mf_w.l(dfixul.o)
    0x0800063a   0x0800063a   0x00000002   PAD
    0x0800063c   0x0800063c   0x00000030   Code   RO         1860    .text               mf_w.l(cdrcmple.o)
    0x0800066c   0x0800066c   0x00000024   Code   RO         1862    .text               mc_w.l(init.o)
    0x08000690   0x08000690   0x0000001e   Code   RO         1865    .text               mc_w.l(llshl.o)
    0x080006ae   0x080006ae   0x00000020   Code   RO         1867    .text               mc_w.l(llushr.o)
    0x080006ce   0x080006ce   0x00000024   Code   RO         1869    .text               mc_w.l(llsshr.o)
    0x080006f2   0x080006f2   0x0000001c   Code   RO         1871    .text               mc_w.l(_chval.o)
    0x0800070e   0x0800070e   0x000000ba   Code   RO         1874    .text               mf_w.l(depilogue.o)
    0x080007c8   0x080007c8   0x00000004   Code   RO         1565    .text.BusFault_Handler  stm32f1xx_it.o
    0x080007cc   0x080007cc   0x00000010   Code   RO         1571    .text.DMA1_Channel4_IRQHandler  stm32f1xx_it.o
    0x080007dc   0x080007dc   0x00000010   Code   RO         1573    .text.DMA1_Channel5_IRQHandler  stm32f1xx_it.o
    0x080007ec   0x080007ec   0x00000002   Code   RO         1569    .text.DebugMon_Handler  stm32f1xx_it.o
    0x080007ee   0x080007ee   0x00000002   PAD
    0x080007f0   0x080007f0   0x0000000e   Code   RO         1523    .text.Error_Handler  main.o
    0x080007fe   0x080007fe   0x00000002   PAD
    0x08000800   0x08000800   0x0000007c   Code   RO          137    .text.HAL_DMA_Abort  stm32f1xx_hal_dma.o
    0x0800087c   0x0800087c   0x0000011c   Code   RO          139    .text.HAL_DMA_Abort_IT  stm32f1xx_hal_dma.o
    0x08000998   0x08000998   0x00000286   Code   RO          143    .text.HAL_DMA_IRQHandler  stm32f1xx_hal_dma.o
    0x08000c1e   0x08000c1e   0x00000002   PAD
    0x08000c20   0x08000c20   0x000000ae   Code   RO          127    .text.HAL_DMA_Init  stm32f1xx_hal_dma.o
    0x08000cce   0x08000cce   0x00000002   PAD
    0x08000cd0   0x08000cd0   0x00000042   Code   RO           22    .text.HAL_Delay     stm32f1xx_hal.o
    0x08000d12   0x08000d12   0x00000002   PAD
    0x08000d14   0x08000d14   0x0000031e   Code   RO          260    .text.HAL_GPIO_Init  stm32f1xx_hal_gpio.o
    0x08001032   0x08001032   0x00000002   PAD
    0x08001034   0x08001034   0x0000002e   Code   RO          264    .text.HAL_GPIO_ReadPin  stm32f1xx_hal_gpio.o
    0x08001062   0x08001062   0x00000002   PAD
    0x08001064   0x08001064   0x0000002e   Code   RO          266    .text.HAL_GPIO_WritePin  stm32f1xx_hal_gpio.o
    0x08001092   0x08001092   0x00000002   PAD
    0x08001094   0x08001094   0x0000000c   Code   RO           14    .text.HAL_GetTick   stm32f1xx_hal.o
    0x080010a0   0x080010a0   0x0000001a   Code   RO           12    .text.HAL_IncTick   stm32f1xx_hal.o
    0x080010ba   0x080010ba   0x00000002   PAD
    0x080010bc   0x080010bc   0x00000026   Code   RO            2    .text.HAL_Init      stm32f1xx_hal.o
    0x080010e2   0x080010e2   0x00000002   PAD
    0x080010e4   0x080010e4   0x000000da   Code   RO         1545    .text.HAL_InitTick  stm32f1xx_hal_timebase_tim.o
    0x080011be   0x080011be   0x00000002   PAD
    0x080011c0   0x080011c0   0x00000072   Code   RO         1537    .text.HAL_MspInit   stm32f1xx_hal_msp.o
    0x08001232   0x08001232   0x00000002   PAD
    0x08001234   0x08001234   0x000000ca   Code   RO          739    .text.HAL_MultiProcessor_Init  stm32f1xx_hal_uart.o
    0x080012fe   0x080012fe   0x00000002   PAD
    0x08001300   0x08001300   0x00000014   Code   RO           74    .text.HAL_NVIC_EnableIRQ  stm32f1xx_hal_cortex.o
    0x08001314   0x08001314   0x00000032   Code   RO           66    .text.HAL_NVIC_SetPriority  stm32f1xx_hal_cortex.o
    0x08001346   0x08001346   0x00000002   PAD
    0x08001348   0x08001348   0x00000010   Code   RO           62    .text.HAL_NVIC_SetPriorityGrouping  stm32f1xx_hal_cortex.o
    0x08001358   0x08001358   0x00000256   Code   RO          345    .text.HAL_RCC_ClockConfig  stm32f1xx_hal_rcc.o
    0x080015ae   0x080015ae   0x00000002   PAD
    0x080015b0   0x080015b0   0x00000054   Code   RO          363    .text.HAL_RCC_GetClockConfig  stm32f1xx_hal_rcc.o
    0x08001604   0x08001604   0x0000000c   Code   RO          355    .text.HAL_RCC_GetHCLKFreq  stm32f1xx_hal_rcc.o
    0x08001610   0x08001610   0x00000022   Code   RO          357    .text.HAL_RCC_GetPCLK1Freq  stm32f1xx_hal_rcc.o
    0x08001632   0x08001632   0x00000002   PAD
    0x08001634   0x08001634   0x00000022   Code   RO          359    .text.HAL_RCC_GetPCLK2Freq  stm32f1xx_hal_rcc.o
    0x08001656   0x08001656   0x00000002   PAD
    0x08001658   0x08001658   0x000000bc   Code   RO          347    .text.HAL_RCC_GetSysClockFreq  stm32f1xx_hal_rcc.o
    0x08001714   0x08001714   0x0000067a   Code   RO          341    .text.HAL_RCC_OscConfig  stm32f1xx_hal_rcc.o
    0x08001d8e   0x08001d8e   0x00000002   PAD
    0x08001d90   0x08001d90   0x00000008   Code   RO          716    .text.HAL_TIMEx_BreakCallback  stm32f1xx_hal_tim_ex.o
    0x08001d98   0x08001d98   0x00000008   Code   RO          712    .text.HAL_TIMEx_CommutCallback  stm32f1xx_hal_tim_ex.o
    0x08001da0   0x08001da0   0x0000009c   Code   RO          393    .text.HAL_TIM_Base_Init  stm32f1xx_hal_tim.o
    0x08001e3c   0x08001e3c   0x00000008   Code   RO          395    .text.HAL_TIM_Base_MspInit  stm32f1xx_hal_tim.o
    0x08001e44   0x08001e44   0x000000b0   Code   RO          407    .text.HAL_TIM_Base_Start_IT  stm32f1xx_hal_tim.o
    0x08001ef4   0x08001ef4   0x00000008   Code   RO          529    .text.HAL_TIM_IC_CaptureCallback  stm32f1xx_hal_tim.o
    0x08001efc   0x08001efc   0x0000027a   Code   RO          527    .text.HAL_TIM_IRQHandler  stm32f1xx_hal_tim.o
    0x08002176   0x08002176   0x00000002   PAD
    0x08002178   0x08002178   0x00000008   Code   RO          531    .text.HAL_TIM_OC_DelayElapsedCallback  stm32f1xx_hal_tim.o
    0x08002180   0x08002180   0x00000008   Code   RO          533    .text.HAL_TIM_PWM_PulseFinishedCallback  stm32f1xx_hal_tim.o
    0x08002188   0x08002188   0x00000022   Code   RO         1525    .text.HAL_TIM_PeriodElapsedCallback  main.o
    0x080021aa   0x080021aa   0x00000002   PAD
    0x080021ac   0x080021ac   0x00000008   Code   RO          537    .text.HAL_TIM_TriggerCallback  stm32f1xx_hal_tim.o
    0x080021b4   0x080021b4   0x0000000c   Code   RO          821    .text.HAL_UARTEx_RxEventCallback  stm32f1xx_hal_uart.o
    0x080021c0   0x080021c0   0x00000008   Code   RO          819    .text.HAL_UART_ErrorCallback  stm32f1xx_hal_uart.o
    0x080021c8   0x080021c8   0x0000042a   Code   RO          813    .text.HAL_UART_IRQHandler  stm32f1xx_hal_uart.o
    0x080025f2   0x080025f2   0x00000002   PAD
    0x080025f4   0x080025f4   0x0000013c   Code   RO         1602    .text.HAL_UART_MspInit  usart.o
    0x08002730   0x08002730   0x00000008   Code   RO          831    .text.HAL_UART_RxCpltCallback  stm32f1xx_hal_uart.o
    0x08002738   0x08002738   0x0000011e   Code   RO          745    .text.HAL_UART_Transmit  stm32f1xx_hal_uart.o
    0x08002856   0x08002856   0x00000002   PAD
    0x08002858   0x08002858   0x00000008   Code   RO          827    .text.HAL_UART_TxCpltCallback  stm32f1xx_hal_uart.o
    0x08002860   0x08002860   0x00000004   Code   RO         1561    .text.HardFault_Handler  stm32f1xx_it.o
    0x08002864   0x08002864   0x0000004c   Code   RO         1489    .text.MX_DMA_Init   dma.o
    0x080028b0   0x080028b0   0x0000009c   Code   RO         1511    .text.MX_GPIO_Init  gpio.o
    0x0800294c   0x0800294c   0x00000042   Code   RO         1600    .text.MX_USART1_UART_Init  usart.o
    0x0800298e   0x0800298e   0x00000002   PAD
    0x08002990   0x08002990   0x00000004   Code   RO         1563    .text.MemManage_Handler  stm32f1xx_it.o
    0x08002994   0x08002994   0x00000004   Code   RO         1559    .text.NMI_Handler   stm32f1xx_it.o
    0x08002998   0x08002998   0x0000006c   Code   RO           72    .text.NVIC_EncodePriority  stm32f1xx_hal_cortex.o
    0x08002a04   0x08002a04   0x0000000c   PAD
    0x08002a10   0x08002a10   0x00000044   Code   RO         1114    .text.PendSV_Handler  port.o
    0x08002a54   0x08002a54   0x0000003a   Code   RO          343    .text.RCC_Delay     stm32f1xx_hal_rcc.o
    0x08002a8e   0x08002a8e   0x00000002   PAD
    0x08002a90   0x08002a90   0x00000024   Code   RO         1100    .text.SVC_Handler   port.o
    0x08002ab4   0x08002ab4   0x0000003c   Code   RO         1116    .text.SysTick_Handler  port.o
    0x08002af0   0x08002af0   0x0000006c   Code   RO         1521    .text.SystemClock_Config  main.o
    0x08002b5c   0x08002b5c   0x00000002   Code   RO         1586    .text.SystemInit    system_stm32f1xx.o
    0x08002b5e   0x08002b5e   0x00000002   PAD
    0x08002b60   0x08002b60   0x00000010   Code   RO         1575    .text.TIM1_UP_IRQHandler  stm32f1xx_it.o
    0x08002b70   0x08002b70   0x000000f0   Code   RO          397    .text.TIM_Base_SetConfig  stm32f1xx_hal_tim.o
    0x08002c60   0x08002c60   0x00000020   Code   RO          817    .text.UART_DMAAbortOnError  stm32f1xx_hal_uart.o
    0x08002c80   0x08002c80   0x00000094   Code   RO          777    .text.UART_EndRxTransfer  stm32f1xx_hal_uart.o
    0x08002d14   0x08002d14   0x00000026   Code   RO          825    .text.UART_EndTransmit_IT  stm32f1xx_hal_uart.o
    0x08002d3a   0x08002d3a   0x00000002   PAD
    0x08002d3c   0x08002d3c   0x0000016a   Code   RO          815    .text.UART_Receive_IT  stm32f1xx_hal_uart.o
    0x08002ea6   0x08002ea6   0x00000002   PAD
    0x08002ea8   0x08002ea8   0x000000ba   Code   RO          733    .text.UART_SetConfig  stm32f1xx_hal_uart.o
    0x08002f62   0x08002f62   0x00000002   PAD
    0x08002f64   0x08002f64   0x00000094   Code   RO          823    .text.UART_Transmit_IT  stm32f1xx_hal_uart.o
    0x08002ff8   0x08002ff8   0x000000d2   Code   RO          747    .text.UART_WaitOnFlagUntilTimeout  stm32f1xx_hal_uart.o
    0x080030ca   0x080030ca   0x00000002   PAD
    0x080030cc   0x080030cc   0x00000010   Code   RO         1577    .text.USART1_IRQHandler  stm32f1xx_it.o
    0x080030dc   0x080030dc   0x00000004   Code   RO         1567    .text.UsageFault_Handler  stm32f1xx_it.o
    0x080030e0   0x080030e0   0x00000030   Code   RO           76    .text.__NVIC_EnableIRQ  stm32f1xx_hal_cortex.o
    0x08003110   0x08003110   0x00000010   Code   RO           68    .text.__NVIC_GetPriorityGrouping  stm32f1xx_hal_cortex.o
    0x08003120   0x08003120   0x00000042   Code   RO           70    .text.__NVIC_SetPriority  stm32f1xx_hal_cortex.o
    0x08003162   0x08003162   0x00000002   PAD
    0x08003164   0x08003164   0x0000003c   Code   RO           64    .text.__NVIC_SetPriorityGrouping  stm32f1xx_hal_cortex.o
    0x080031a0   0x080031a0   0x00000004   Code   RO         1617    .text._assert_func  assert.o
    0x080031a4   0x080031a4   0x000000b8   Code   RO         1650    .text._device_add   device.o
    0x0800325c   0x0800325c   0x00000084   Code   RO         1678    .text._get_status   drv_pin_mcu.o
    0x080032e0   0x080032e0   0x000000a0   Code   RO         1672    .text._init         drv_pin_mcu.o
    0x08003380   0x08003380   0x000000ca   Code   RO         1633    .text._log          log.o
    0x0800344a   0x0800344a   0x00000002   PAD
    0x0800344c   0x0800344c   0x00000140   Code   RO         1674    .text._set_mode     drv_pin_mcu.o
    0x0800358c   0x0800358c   0x00000084   Code   RO         1676    .text._set_status   drv_pin_mcu.o
    0x08003610   0x08003610   0x000000ce   Code   RO         1668    .text.check_pin_name_valid  drv_pin_mcu.o
    0x080036de   0x080036de   0x00000002   PAD
    0x080036e0   0x080036e0   0x000000f2   Code   RO         1648    .text.device_register  device.o
    0x080037d2   0x080037d2   0x00000002   PAD
    0x080037d4   0x080037d4   0x00000102   Code   RO         1666    .text.driver_pin_mcu_init  drv_pin_mcu.o
    0x080038d6   0x080038d6   0x00000002   PAD
    0x080038d8   0x080038d8   0x00000028   Code   RO         1682    .text.get_pin_from_name  drv_pin_mcu.o
    0x08003900   0x08003900   0x00000024   Code   RO         1680    .text.get_port_from_name  drv_pin_mcu.o
    0x08003924   0x08003924   0x00000116   Code   RO         1670    .text.gpio_clock_enable  drv_pin_mcu.o
    0x08003a3a   0x08003a3a   0x00000002   PAD
    0x08003a3c   0x08003a3c   0x0000011a   Code   RO         1695    .text.hal_pin_register  hal_pin.o
    0x08003b56   0x08003b56   0x00000002   PAD
    0x08003b58   0x08003b58   0x000000c6   Code   RO         1697    .text.hal_pin_set_mode  hal_pin.o
    0x08003c1e   0x08003c1e   0x00000002   PAD
    0x08003c20   0x08003c20   0x000000e6   Code   RO         1699    .text.hal_pin_set_status  hal_pin.o
    0x08003d06   0x08003d06   0x00000002   PAD
    0x08003d08   0x08003d08   0x00000070   Code   RO         1631    .text.log_set_level  log.o
    0x08003d78   0x08003d78   0x000000c2   Code   RO         1519    .text.main          main.o
    0x08003e3a   0x08003e3a   0x00000002   PAD
    0x08003e3c   0x08003e3c   0x00000046   Code   RO         1285    .text.prvResetNextTaskUnblockTime  tasks.o
    0x08003e82   0x08003e82   0x00000002   PAD
    0x08003e84   0x08003e84   0x00000048   Code   RO         1060    .text.uxListRemove  list.o
    0x08003ecc   0x08003ecc   0x0000003a   Code   RO         1056    .text.vListInsertEnd  list.o
    0x08003f06   0x08003f06   0x00000002   PAD
    0x08003f08   0x08003f08   0x000000c6   Code   RO         1307    .text.vTaskSwitchContext  tasks.o
    0x08003fce   0x08003fce   0x00000002   PAD
    0x08003fd0   0x08003fd0   0x000001c4   Code   RO         1321    .text.xTaskIncrementTick  tasks.o
    0x08004194   0x08004194   0x00000028   Code   RO         1725    i.__0sprintf        mc_w.l(printfa.o)
    0x080041bc   0x080041bc   0x00000024   Code   RO         1729    i.__0vsprintf       mc_w.l(printfa.o)
    0x080041e0   0x080041e0   0x00000008   Code   RO         1842    i.__aeabi_errno_addr  mc_w.l(errno.o)
    0x080041e8   0x080041e8   0x0000000e   Code   RO         1878    i.__scatterload_copy  mc_w.l(handlers.o)
    0x080041f6   0x080041f6   0x00000002   Code   RO         1879    i.__scatterload_null  mc_w.l(handlers.o)
    0x080041f8   0x080041f8   0x0000000e   Code   RO         1880    i.__scatterload_zeroinit  mc_w.l(handlers.o)
    0x08004206   0x08004206   0x00000002   PAD
    0x08004208   0x08004208   0x00000184   Code   RO         1730    i._fp_digits        mc_w.l(printfa.o)
    0x0800438c   0x0800438c   0x000006dc   Code   RO         1731    i._printf_core      mc_w.l(printfa.o)
    0x08004a68   0x08004a68   0x00000024   Code   RO         1732    i._printf_post_padding  mc_w.l(printfa.o)
    0x08004a8c   0x08004a8c   0x0000002e   Code   RO         1733    i._printf_pre_padding  mc_w.l(printfa.o)
    0x08004aba   0x08004aba   0x0000000a   Code   RO         1735    i._sputc            mc_w.l(printfa.o)
    0x08004ac4   0x08004ac4   0x0000006c   Code   RO         1751    i.malloc            mc_w.l(malloc.o)
    0x08004b30   0x08004b30   0x00000081   Data   RO         1813    .constdata          mc_w.l(ctype_o.o)
    0x08004bb1   0x08004bb1   0x00000003   PAD
    0x08004bb4   0x08004bb4   0x00000004   Data   RO         1814    .constdata          mc_w.l(ctype_o.o)
    0x08004bb8   0x08004bb8   0x00000010   Data   RO         1591    .rodata.AHBPrescTable  system_stm32f1xx.o
    0x08004bc8   0x08004bc8   0x00000008   Data   RO         1592    .rodata.APBPrescTable  system_stm32f1xx.o
    0x08004bd0   0x08004bd0   0x00000010   Data   RO          369    .rodata.HAL_RCC_GetSysClockFreq.aPLLMULFactorTable  stm32f1xx_hal_rcc.o
    0x08004be0   0x08004be0   0x00000002   Data   RO          370    .rodata.HAL_RCC_GetSysClockFreq.aPredivFactorTable  stm32f1xx_hal_rcc.o
    0x08004be2   0x08004be2   0x00000002   PAD
    0x08004be4   0x08004be4   0x00000010   Data   RO         1686    .rodata.driver_pin_ops  drv_pin_mcu.o
    0x08004bf4   0x08004bf4   0x00000014   Data   RO         1640    .rodata.log_level_label  log.o
    0x08004c08   0x08004c08   0x00000038   Data   RO         1528    .rodata.str1.1      main.o
    0x08004c40   0x08004c40   0x000000cb   Data   RO         1638    .rodata.str1.1      log.o
    0x08004d0b   0x08004d0b   0x00000009   Data   RO         1655    .rodata.str1.1      device.o
    0x08004d14   0x08004d14   0x0000000a   Data   RO         1685    .rodata.str1.1      drv_pin_mcu.o
    0x08004d1e   0x08004d1e   0x0000000a   Data   RO         1704    .rodata.str1.1      hal_pin.o
    0x08004d28   0x08004d28   0x00000020   Data   RO         1877    Region$$Table       anon$$obj.o


    Execution Region RW_IRAM1 (Exec base: 0x20000000, Load base: 0x08004d48, Size: 0x00001178, Max: 0x00005000, ABSOLUTE)

    Exec Addr    Load Addr    Size         Type   Attr      Idx    E Section Name        Object

    0x20000000   0x08004d48   0x00000004   Data   RW         1840    .data               mc_w.l(mvars.o)
    0x20000004   0x08004d4c   0x00000004   Data   RW         1841    .data               mc_w.l(mvars.o)
    0x20000008   0x08004d50   0x00000004   Data   RW         1845    .data               mc_w.l(errno.o)
    0x2000000c   0x08004d54   0x00000004   Data   RW         1590    .data.SystemCoreClock  system_stm32f1xx.o
    0x20000010   0x08004d58   0x00000004   Data   RW         1527    .data.TAG           main.o
    0x20000014   0x08004d5c   0x00000004   Data   RW         1637    .data.TAG           log.o
    0x20000018   0x08004d60   0x00000004   Data   RW         1654    .data.TAG           device.o
    0x2000001c   0x08004d64   0x00000004   Data   RW         1684    .data.TAG           drv_pin_mcu.o
    0x20000020   0x08004d68   0x00000004   Data   RW         1703    .data.TAG           hal_pin.o
    0x20000024   0x08004d6c   0x00000014   Data   RW         1687    .data.get_port_from_name.port_table  drv_pin_mcu.o
    0x20000038   0x08004d80   0x00000001   Data   RW         1636    .data.log_level     log.o
    0x20000039   0x08004d81   0x00000001   Data   RW           53    .data.uwTickFreq    stm32f1xx_hal.o
    0x2000003a   0x08004d82   0x00000002   PAD
    0x2000003c   0x08004d84   0x00000004   Data   RW           52    .data.uwTickPrio    stm32f1xx_hal.o
    0x20000040        -       0x00000002   Zero   RW         1656    .bss._device_count  device.o
    0x20000042   0x08004d88   0x00000002   PAD
    0x20000044        -       0x00000190   Zero   RW         1657    .bss._device_table  device.o
    0x200001d4        -       0x00000044   Zero   RW         1608    .bss.hdma_usart1_rx  usart.o
    0x20000218        -       0x00000044   Zero   RW         1607    .bss.hdma_usart1_tx  usart.o
    0x2000025c        -       0x00000048   Zero   RW         1551    .bss.htim1          stm32f1xx_hal_timebase_tim.o
    0x200002a4        -       0x00000048   Zero   RW         1606    .bss.huart1         usart.o
    0x200002ec        -       0x00000004   Zero   RW         1393    .bss.pxCurrentTCB   tasks.o
    0x200002f0        -       0x00000004   Zero   RW         1401    .bss.pxDelayedTaskList  tasks.o
    0x200002f4        -       0x00000004   Zero   RW         1402    .bss.pxOverflowDelayedTaskList  tasks.o
    0x200002f8        -       0x00000460   Zero   RW         1404    .bss.pxReadyTasksLists  tasks.o
    0x20000758        -       0x00000400   Zero   RW         1639    .bss.usart_tx_buf   log.o
    0x20000b58        -       0x00000004   Zero   RW           54    .bss.uwTick         stm32f1xx_hal.o
    0x20000b5c        -       0x00000004   Zero   RW         1411    .bss.uxPendedTicks  tasks.o
    0x20000b60        -       0x00000004   Zero   RW         1399    .bss.uxSchedulerSuspended  tasks.o
    0x20000b64        -       0x00000004   Zero   RW         1405    .bss.uxTopReadyPriority  tasks.o
    0x20000b68        -       0x00000004   Zero   RW         1409    .bss.xNextTaskUnblockTime  tasks.o
    0x20000b6c        -       0x00000004   Zero   RW         1412    .bss.xNumOfOverflows  tasks.o
    0x20000b70        -       0x00000004   Zero   RW         1400    .bss.xTickCount     tasks.o
    0x20000b74        -       0x00000004   Zero   RW         1410    .bss.xYieldPending  tasks.o
    0x20000b78        -       0x00000200   Zero   RW          860    HEAP                startup_stm32f103xb.o
    0x20000d78        -       0x00000400   Zero   RW          859    STACK               startup_stm32f103xb.o


==============================================================================

Image component sizes


      Code (inc. data)   RO Data    RW Data    ZI Data      Debug   Object Name

         4          0          0          0          0        423   assert.o
       426          0          9          4        402       2072   device.o
        76          0          0          0          0       2069   dma.o
      1562          0         26         24          0       5334   drv_pin_mcu.o
       156          0          0          0          0       1602   gpio.o
       710          0         10          4          0       2950   hal_pin.o
       130          0          0          0          0       2315   list.o
       314          0        223          5       1024       2085   log.o
       350          0         56          4          0       6277   main.o
       164          8          0          0          0       3693   port.o
        36          8        236          0       1536        872   startup_stm32f103xb.o
       142          0          0          5          4       5693   stm32f1xx_hal.o
       384          0          0          0          0       7617   stm32f1xx_hal_cortex.o
      1228          0          0          0          0       6377   stm32f1xx_hal_dma.o
       890          0          0          0          0       4321   stm32f1xx_hal_gpio.o
       114          0          0          0          0       2370   stm32f1xx_hal_msp.o
      2666          0         18          0          0       7517   stm32f1xx_hal_rcc.o
      1246          0          0          0          0      35558   stm32f1xx_hal_tim.o
        16          0          0          0          0      15177   stm32f1xx_hal_tim_ex.o
       218          0          0          0         72       5720   stm32f1xx_hal_timebase_tim.o
      2714          0          0          0          0      20038   stm32f1xx_hal_uart.o
        86          0          0          0          0       1206   stm32f1xx_it.o
         2          0         24          4          0       1639   system_stm32f1xx.o
       720          0          0          0       1160      23502   tasks.o
       382          0          0          0        208       5438   usart.o

    ----------------------------------------------------------------------
     14832         16        636         52       4408     171865   Object Totals
         0          0         32          0          0          0   (incl. Generated)
        96          0          2          2          2          0   (incl. Padding)

    ----------------------------------------------------------------------

      Code (inc. data)   RO Data    RW Data    ZI Data      Debug   Library Member Name

        28          0          0          0          0         68   _chval.o
       158          0          0          0          0         92   _strtoul.o
         8          4        133          0          0         68   ctype_o.o
         0          0          0          0          0          0   entry.o
         0          0          0          0          0          0   entry10a.o
         0          0          0          0          0          0   entry11a.o
         8          4          0          0          0          0   entry2.o
         4          0          0          0          0          0   entry5.o
         0          0          0          0          0          0   entry7b.o
         0          0          0          0          0          0   entry8b.o
         8          4          0          0          0          0   entry9a.o
         8          4          0          4          0         68   errno.o
        30          0          0          0          0          0   handlers.o
        36          8          0          0          0         68   init.o
         0          0          0          0          0          0   iusefp.o
        30          0          0          0          0         68   llshl.o
        36          0          0          0          0         68   llsshr.o
        32          0          0          0          0         68   llushr.o
       108         16          0          0          0         84   malloc.o
        36          0          0          0          0        108   memseta.o
         0          0          0          8          0          0   mvars.o
      2312         92          0          0          0        600   printfa.o
        14          0          0          0          0         68   strlen.o
       112          0          0          0          0         88   strtol.o
        44          0          0          0          0         80   uidiv.o
        98          0          0          0          0         92   uldiv.o
        48          0          0          0          0         68   cdrcmple.o
       334          0          0          0          0        148   dadd.o
       222          0          0          0          0        100   ddiv.o
       186          0          0          0          0        176   depilogue.o
        48          0          0          0          0         68   dfixul.o
       228          0          0          0          0         96   dmul.o

    ----------------------------------------------------------------------
      4180        132        136         12          0       2344   Library Totals
         4          0          3          0          0          0   (incl. Padding)

    ----------------------------------------------------------------------

      Code (inc. data)   RO Data    RW Data    ZI Data      Debug   Library Name

      3110        132        133         12          0       1688   mc_w.l
      1066          0          0          0          0        656   mf_w.l

    ----------------------------------------------------------------------
      4180        132        136         12          0       2344   Library Totals

    ----------------------------------------------------------------------

==============================================================================


      Code (inc. data)   RO Data    RW Data    ZI Data      Debug   

     19012        148        772         64       4408     172705   Grand Totals
     19012        148        772         64       4408     172705   ELF Image Totals
     19012        148        772         64          0          0   ROM Totals

==============================================================================

    Total RO  Size (Code + RO Data)                19784 (  19.32kB)
    Total RW  Size (RW Data + ZI Data)              4472 (   4.37kB)
    Total ROM Size (Code + RO Data + RW Data)      19848 (  19.38kB)

==============================================================================

