Component: Arm Compiler for Embedded 6.19 Tool: armlink [5e73cb00]

==============================================================================

Section Cross References

    startup_stm32f103xb.o(RESET) refers to startup_stm32f103xb.o(STACK) for __initial_sp
    startup_stm32f103xb.o(RESET) refers to startup_stm32f103xb.o(.text) for Reset_Handler
    startup_stm32f103xb.o(RESET) refers to stm32f1xx_it.o(.text.NMI_Handler) for NMI_Handler
    startup_stm32f103xb.o(RESET) refers to stm32f1xx_it.o(.text.HardFault_Handler) for HardFault_Handler
    startup_stm32f103xb.o(RESET) refers to stm32f1xx_it.o(.text.MemManage_Handler) for MemManage_Handler
    startup_stm32f103xb.o(RESET) refers to stm32f1xx_it.o(.text.BusFault_Handler) for BusFault_Handler
    startup_stm32f103xb.o(RESET) refers to stm32f1xx_it.o(.text.UsageFault_Handler) for UsageFault_Handler
    startup_stm32f103xb.o(RESET) refers to port.o(.text.SVC_Handler) for SVC_Handler
    startup_stm32f103xb.o(RESET) refers to stm32f1xx_it.o(.text.DebugMon_Handler) for DebugMon_Handler
    startup_stm32f103xb.o(RESET) refers to port.o(.text.PendSV_Handler) for PendSV_Handler
    startup_stm32f103xb.o(RESET) refers to port.o(.text.SysTick_Handler) for SysTick_Handler
    startup_stm32f103xb.o(RESET) refers to stm32f1xx_it.o(.text.DMA1_Channel4_IRQHandler) for DMA1_Channel4_IRQHandler
    startup_stm32f103xb.o(RESET) refers to stm32f1xx_it.o(.text.DMA1_Channel5_IRQHandler) for DMA1_Channel5_IRQHandler
    startup_stm32f103xb.o(RESET) refers to stm32f1xx_it.o(.text.TIM1_UP_IRQHandler) for TIM1_UP_IRQHandler
    startup_stm32f103xb.o(RESET) refers to stm32f1xx_it.o(.text.USART1_IRQHandler) for USART1_IRQHandler
    startup_stm32f103xb.o(.text) refers to system_stm32f1xx.o(.text.SystemInit) for SystemInit
    startup_stm32f103xb.o(.text) refers to entry.o(.ARM.Collect$$$$00000000) for __main
    main.o(.text.main) refers to stm32f1xx_hal.o(.text.HAL_Init) for HAL_Init
    main.o(.text.main) refers to memseta.o(.text) for __aeabi_memclr4
    main.o(.text.main) refers to stm32f1xx_hal_rcc.o(.text.HAL_RCC_OscConfig) for HAL_RCC_OscConfig
    main.o(.text.main) refers to stm32f1xx_hal_rcc.o(.text.HAL_RCC_ClockConfig) for HAL_RCC_ClockConfig
    main.o(.text.main) refers to gpio.o(.text.MX_GPIO_Init) for MX_GPIO_Init
    main.o(.text.main) refers to dma.o(.text.MX_DMA_Init) for MX_DMA_Init
    main.o(.text.main) refers to usart.o(.text.MX_USART1_UART_Init) for MX_USART1_UART_Init
    main.o(.text.main) refers to app.o(.text.app_main) for app_main
    main.o(.ARM.exidx.text.main) refers to main.o(.text.main) for [Anonymous Symbol]
    main.o(.text.SystemClock_Config) refers to memseta.o(.text) for __aeabi_memclr4
    main.o(.text.SystemClock_Config) refers to stm32f1xx_hal_rcc.o(.text.HAL_RCC_OscConfig) for HAL_RCC_OscConfig
    main.o(.text.SystemClock_Config) refers to stm32f1xx_hal_rcc.o(.text.HAL_RCC_ClockConfig) for HAL_RCC_ClockConfig
    main.o(.ARM.exidx.text.SystemClock_Config) refers to main.o(.text.SystemClock_Config) for [Anonymous Symbol]
    main.o(.ARM.exidx.text.Error_Handler) refers to main.o(.text.Error_Handler) for [Anonymous Symbol]
    main.o(.text.HAL_TIM_PeriodElapsedCallback) refers to stm32f1xx_hal.o(.text.HAL_IncTick) for HAL_IncTick
    main.o(.ARM.exidx.text.HAL_TIM_PeriodElapsedCallback) refers to main.o(.text.HAL_TIM_PeriodElapsedCallback) for [Anonymous Symbol]
    gpio.o(.text.MX_GPIO_Init) refers to stm32f1xx_hal_gpio.o(.text.HAL_GPIO_WritePin) for HAL_GPIO_WritePin
    gpio.o(.text.MX_GPIO_Init) refers to stm32f1xx_hal_gpio.o(.text.HAL_GPIO_Init) for HAL_GPIO_Init
    gpio.o(.ARM.exidx.text.MX_GPIO_Init) refers to gpio.o(.text.MX_GPIO_Init) for [Anonymous Symbol]
    freertos.o(.text.MX_FREERTOS_Init) refers to freertos.o(.text.StartDefaultTask) for StartDefaultTask
    freertos.o(.text.MX_FREERTOS_Init) refers to freertos.o(.rodata.defaultTask_attributes) for defaultTask_attributes
    freertos.o(.text.MX_FREERTOS_Init) refers to cmsis_os2.o(.text.osThreadNew) for osThreadNew
    freertos.o(.text.MX_FREERTOS_Init) refers to freertos.o(.bss.defaultTaskHandle) for defaultTaskHandle
    freertos.o(.ARM.exidx.text.MX_FREERTOS_Init) refers to freertos.o(.text.MX_FREERTOS_Init) for [Anonymous Symbol]
    freertos.o(.text.StartDefaultTask) refers to cmsis_os2.o(.text.osDelay) for osDelay
    freertos.o(.ARM.exidx.text.StartDefaultTask) refers to freertos.o(.text.StartDefaultTask) for [Anonymous Symbol]
    freertos.o(.rodata.defaultTask_attributes) refers to freertos.o(.rodata.str1.1) for [Anonymous Symbol]
    dma.o(.text.MX_DMA_Init) refers to stm32f1xx_hal_cortex.o(.text.HAL_NVIC_SetPriority) for HAL_NVIC_SetPriority
    dma.o(.text.MX_DMA_Init) refers to stm32f1xx_hal_cortex.o(.text.HAL_NVIC_EnableIRQ) for HAL_NVIC_EnableIRQ
    dma.o(.ARM.exidx.text.MX_DMA_Init) refers to dma.o(.text.MX_DMA_Init) for [Anonymous Symbol]
    usart.o(.text.MX_USART1_UART_Init) refers to usart.o(.bss.huart1) for huart1
[...]
    Removing port.o(.ARM.exidx.text.pxPortInitialiseStack), (8 bytes).
    Removing port.o(.ARM.exidx.text.prvTaskExitError), (8 bytes).
    Removing port.o(.ARM.exidx.text.SVC_Handler), (8 bytes).
    Removing port.o(.ARM.exidx.text.xPortStartScheduler), (8 bytes).
    Removing port.o(.ARM.exidx.text.vPortSetupTimerInterrupt), (8 bytes).
    Removing port.o(.ARM.exidx.text.prvPortStartFirstTask), (8 bytes).
    Removing port.o(.text.vPortEndScheduler), (38 bytes).
    Removing port.o(.ARM.exidx.text.vPortEndScheduler), (8 bytes).
    Removing port.o(.ARM.exidx.text.vPortEnterCritical), (8 bytes).
    Removing port.o(.ARM.exidx.text.vPortExitCritical), (8 bytes).
    Removing port.o(.ARM.exidx.text.PendSV_Handler), (8 bytes).
    Removing port.o(.ARM.exidx.text.SysTick_Handler), (8 bytes).
    Removing port.o(.text.vPortValidateInterruptPriority), (98 bytes).
    Removing port.o(.ARM.exidx.text.vPortValidateInterruptPriority), (8 bytes).
    Removing app.o(.text), (0 bytes).
    Removing app.o(.ARM.exidx.text.start_task), (8 bytes).
    Removing app.o(.ARM.exidx.text.led_task), (8 bytes).
    Removing app.o(.ARM.exidx.text.uart_task), (8 bytes).
    Removing app.o(.ARM.exidx.text.app_main), (8 bytes).
    Removing assert.o(.text), (0 bytes).
    Removing assert.o(.text._assert_func), (2 bytes).
    Removing assert.o(.ARM.exidx.text._assert_func), (8 bytes).
    Removing log.o(.text), (0 bytes).
    Removing log.o(.text.u1_printf), (2 bytes).
    Removing log.o(.ARM.exidx.text.u1_printf), (8 bytes).
    Removing log.o(.text.log_lock), (2 bytes).
    Removing log.o(.ARM.exidx.text.log_lock), (8 bytes).
    Removing log.o(.text.log_unlock), (2 bytes).
    Removing log.o(.ARM.exidx.text.log_unlock), (8 bytes).
    Removing log.o(.text.log_set_level), (140 bytes).
    Removing log.o(.ARM.exidx.text.log_set_level), (8 bytes).
    Removing log.o(.text._log), (156 bytes).
    Removing log.o(.ARM.exidx.text._log), (8 bytes).
    Removing log.o(.data.log_level), (1 bytes).
    Removing log.o(.bss.usart_tx_buf), (1024 bytes).
    Removing log.o(.rodata.str1.1), (126 bytes).
    Removing device.o(.text), (0 bytes).
    Removing device.o(.text.device_register), (250 bytes).
    Removing device.o(.ARM.exidx.text.device_register), (8 bytes).
    Removing device.o(.text.device_unregister), (2 bytes).
    Removing device.o(.ARM.exidx.text.device_unregister), (8 bytes).
    Removing device.o(.rodata.str1.1), (45 bytes).
    Removing device.o(.bss._device_count), (2 bytes).
    Removing device.o(.bss._device_table), (400 bytes).
    Removing device_uart.o(.text), (0 bytes).
    Removing driver.o(.text), (0 bytes).
    Removing drv_pin_mcu.o(.text), (0 bytes).
    Removing drv_pin_mcu.o(.text.driver_pin_mcu_init), (446 bytes).
    Removing drv_pin_mcu.o(.ARM.exidx.text.driver_pin_mcu_init), (8 bytes).
    Removing drv_pin_mcu.o(.text._init), (146 bytes).
    Removing drv_pin_mcu.o(.ARM.exidx.text._init), (8 bytes).
    Removing drv_pin_mcu.o(.text._set_mode), (248 bytes).
    Removing drv_pin_mcu.o(.ARM.exidx.text._set_mode), (8 bytes).
    Removing drv_pin_mcu.o(.text._set_status), (116 bytes).
    Removing drv_pin_mcu.o(.ARM.exidx.text._set_status), (8 bytes).
    Removing drv_pin_mcu.o(.text._get_status), (126 bytes).
    Removing drv_pin_mcu.o(.ARM.exidx.text._get_status), (8 bytes).
    Removing drv_pin_mcu.o(.rodata.str1.1), (46 bytes).
    Removing drv_pin_mcu.o(.rodata.driver_pin_ops), (16 bytes).
    Removing drv_pin_mcu.o(.rodata.get_port_from_name.port_table), (20 bytes).
    Removing driver_uart.o(.text), (0 bytes).
    Removing hal_pin.o(.text), (0 bytes).
    Removing hal_pin.o(.text.hal_pin_register), (198 bytes).
    Removing hal_pin.o(.ARM.exidx.text.hal_pin_register), (8 bytes).
    Removing hal_pin.o(.text.hal_pin_set_mode), (128 bytes).
    Removing hal_pin.o(.ARM.exidx.text.hal_pin_set_mode), (8 bytes).
    Removing hal_pin.o(.text.hal_pin_set_status), (148 bytes).
    Removing hal_pin.o(.ARM.exidx.text.hal_pin_set_status), (8 bytes).
    Removing hal_pin.o(.text.hal_pin_get_status), (150 bytes).
    Removing hal_pin.o(.ARM.exidx.text.hal_pin_get_status), (8 bytes).
    Removing hal_pin.o(.rodata.str1.1), (46 bytes).
    Removing dadd.o(.text), (334 bytes).
    Removing dmul.o(.text), (228 bytes).
    Removing ddiv.o(.text), (222 bytes).
    Removing dfixul.o(.text), (48 bytes).
    Removing cdrcmple.o(.text), (48 bytes).
    Removing depilogue.o(.text), (186 bytes).

1171 unused section(s) (total 59614 bytes) removed from the image.

==============================================================================

Image Symbol Table

    Local Symbols

    Symbol Name                              Value     Ov Type        Size  Object(Section)

    ../clib/division.s                       0x00000000   Number         0  aeabi_sdiv.o ABSOLUTE
    ../clib/microlib/ctype/ctype.c           0x00000000   Number         0  ctype_o.o ABSOLUTE
    ../clib/microlib/ctype/ctype.c           0x00000000   Number         0  isalnum_o.o ABSOLUTE
    ../clib/microlib/ctype/ctype.c           0x00000000   Number         0  isalpha_o.o ABSOLUTE
    ../clib/microlib/ctype/ctype.c           0x00000000   Number         0  isblank_o.o ABSOLUTE
    ../clib/microlib/ctype/ctype.c           0x00000000   Number         0  iscntrl_o.o ABSOLUTE
    ../clib/microlib/ctype/ctype.c           0x00000000   Number         0  isdigit_o.o ABSOLUTE
    ../clib/microlib/ctype/ctype.c           0x00000000   Number         0  isgraph_o.o ABSOLUTE
    ../clib/microlib/ctype/ctype.c           0x00000000   Number         0  islower_o.o ABSOLUTE
    ../clib/microlib/ctype/ctype.c           0x00000000   Number         0  isprint_o.o ABSOLUTE
    ../clib/microlib/ctype/ctype.c           0x00000000   Number         0  ispunct_o.o ABSOLUTE
    ../clib/microlib/ctype/ctype.c           0x00000000   Number         0  isspace_o.o ABSOLUTE
    ../clib/microlib/ctype/ctype.c           0x00000000   Number         0  isupper_o.o ABSOLUTE
    ../clib/microlib/ctype/ctype.c           0x00000000   Number         0  isxdigit_o.o ABSOLUTE
    ../clib/microlib/division.c              0x00000000   Number         0  uidiv.o ABSOLUTE
    ../clib/microlib/division.c              0x00000000   Number         0  uldiv.o ABSOLUTE
    ../clib/microlib/errno.c                 0x00000000   Number         0  errno.o ABSOLUTE
    ../clib/microlib/init/entry.s            0x00000000   Number         0  entry.o ABSOLUTE
    ../clib/microlib/init/entry.s            0x00000000   Number         0  entry2.o ABSOLUTE
    ../clib/microlib/init/entry.s            0x00000000   Number         0  entry5.o ABSOLUTE
    ../clib/microlib/init/entry.s            0x00000000   Number         0  entry7a.o ABSOLUTE
    ../clib/microlib/init/entry.s            0x00000000   Number         0  entry7b.o ABSOLUTE
    ../clib/microlib/init/entry.s            0x00000000   Number         0  entry8a.o ABSOLUTE
    ../clib/microlib/init/entry.s            0x00000000   Number         0  entry8b.o ABSOLUTE
    ../clib/microlib/init/entry.s            0x00000000   Number         0  entry9a.o ABSOLUTE
    ../clib/microlib/init/entry.s            0x00000000   Number         0  entry9b.o ABSOLUTE
    ../clib/microlib/init/entry.s            0x00000000   Number         0  entry10a.o ABSOLUTE
    ../clib/microlib/init/entry.s            0x00000000   Number         0  entry10b.o ABSOLUTE
    ../clib/microlib/init/entry.s            0x00000000   Number         0  entry11a.o ABSOLUTE
    ../clib/microlib/init/entry.s            0x00000000   Number         0  entry11b.o ABSOLUTE
    ../clib/microlib/longlong.c              0x00000000   Number         0  llshl.o ABSOLUTE
    ../clib/microlib/longlong.c              0x00000000   Number         0  llushr.o ABSOLUTE
    ../clib/microlib/longlong.c              0x00000000   Number         0  llsshr.o ABSOLUTE
    ../clib/microlib/printf/printf.c         0x00000000   Number         0  printfb.o ABSOLUTE
    ../clib/microlib/printf/printf.c         0x00000000   Number         0  printf0.o ABSOLUTE
    ../clib/microlib/printf/printf.c         0x00000000   Number         0  printf1.o ABSOLUTE
    ../clib/microlib/printf/printf.c         0x00000000   Number         0  printf2.o ABSOLUTE
    ../clib/microlib/printf/printf.c         0x00000000   Number         0  printf3.o ABSOLUTE
    ../clib/microlib/printf/printf.c         0x00000000   Number         0  printf4.o ABSOLUTE
    ../clib/microlib/printf/printf.c         0x00000000   Number         0  printf5.o ABSOLUTE
    ../clib/microlib/printf/printf.c         0x00000000   Number         0  printf6.o ABSOLUTE
    ../clib/microlib/printf/printf.c         0x00000000   Number         0  printf7.o ABSOLUTE
    ../clib/microlib/printf/printf.c         0x00000000   Number         0  printf8.o ABSOLUTE
    ../clib/microlib/printf/printf.c         0x00000000   Number         0  printfa.o ABSOLUTE
    ../clib/microlib/printf/stubs.s          0x00000000   Number         0  printfstubs.o ABSOLUTE
    ../clib/microlib/stdio/fputc.c           0x00000000   Number         0  fputc.o ABSOLUTE
    ../clib/microlib/stdio/fputc.c           0x00000000   Number         0  fputc_h.o ABSOLUTE
    ../clib/microlib/stdio/semi.s            0x00000000   Number         0  semi.o ABSOLUTE
    ../clib/microlib/stdio/streams.c         0x00000000   Number         0  stdout.o ABSOLUTE
    ../clib/microlib/string/memcpy.c         0x00000000   Number         0  memcpya.o ABSOLUTE
    ../clib/microlib/string/memcpy.c         0x00000000   Number         0  memcpyb.o ABSOLUTE
    ../clib/microlib/string/memset.c         0x00000000   Number         0  memseta.o ABSOLUTE
    ../clib/microlib/string/strcpy.c         0x00000000   Number         0  strcpy.o ABSOLUTE
    ../clib/microlib/string/strlen.c         0x00000000   Number         0  strlen.o ABSOLUTE
    ../clib/microlib/stubs.s                 0x00000000   Number         0  iusefp.o ABSOLUTE
    ../clib/microlib/stubs.s                 0x00000000   Number         0  iusesemip.o ABSOLUTE
    ../clib/scanf.c                          0x00000000   Number         0  strtol.o ABSOLUTE
    ../clib/scanf.c                          0x00000000   Number         0  _strtoul.o ABSOLUTE
    ../clib/scanf.c                          0x00000000   Number         0  _chval.o ABSOLUTE
    ../fplib/microlib/fpadd.c                0x00000000   Number         0  dadd.o ABSOLUTE
    ../fplib/microlib/fpdiv.c                0x00000000   Number         0  ddiv.o ABSOLUTE
    ../fplib/microlib/fpepilogue.c           0x00000000   Number         0  depilogue.o ABSOLUTE
    ../fplib/microlib/fpfix.c                0x00000000   Number         0  dfixul.o ABSOLUTE
    ../fplib/microlib/fpmul.c                0x00000000   Number         0  dmul.o ABSOLUTE
    app.c                                    0x00000000   Number         0  app.o ABSOLUTE
    assert.c                                 0x00000000   Number         0  assert.o ABSOLUTE
    cdrcmple.s                               0x00000000   Number         0  cdrcmple.o ABSOLUTE
    cmsis_os2.c                              0x00000000   Number         0  cmsis_os2.o ABSOLUTE
    croutine.c                               0x00000000   Number         0  croutine.o ABSOLUTE
    dc.s                                     0x00000000   Number         0  dc.o ABSOLUTE
    device.c                                 0x00000000   Number         0  device.o ABSOLUTE
    device_uart.c                            0x00000000   Number         0  device_uart.o ABSOLUTE
    dma.c                                    0x00000000   Number         0  dma.o ABSOLUTE
    driver.c                                 0x00000000   Number         0  driver.o ABSOLUTE
    driver_uart.c                            0x00000000   Number         0  driver_uart.o ABSOLUTE
    drv_pin_mcu.c                            0x00000000   Number         0  drv_pin_mcu.o ABSOLUTE
    event_groups.c                           0x00000000   Number         0  event_groups.o ABSOLUTE
    freertos.c                               0x00000000   Number         0  freertos.o ABSOLUTE
    gpio.c                                   0x00000000   Number         0  gpio.o ABSOLUTE
    hal_pin.c                                0x00000000   Number         0  hal_pin.o ABSOLUTE
    handlers.s                               0x00000000   Number         0  handlers.o ABSOLUTE
    heap_4.c                                 0x00000000   Number         0  heap_4.o ABSOLUTE
    init.s                                   0x00000000   Number         0  init.o ABSOLUTE
    list.c                                   0x00000000   Number         0  list.o ABSOLUTE
    log.c                                    0x00000000   Number         0  log.o ABSOLUTE
    main.c                                   0x00000000   Number         0  main.o ABSOLUTE
    port.c                                   0x00000000   Number         0  port.o ABSOLUTE
    queue.c                                  0x00000000   Number         0  queue.o ABSOLUTE
    startup_stm32f103xb.s                    0x00000000   Number         0  startup_stm32f103xb.o ABSOLUTE
    stm32f1xx_hal.c                          0x00000000   Number         0  stm32f1xx_hal.o ABSOLUTE
    stm32f1xx_hal_cortex.c                   0x00000000   Number         0  stm32f1xx_hal_cortex.o ABSOLUTE
    stm32f1xx_hal_dma.c                      0x00000000   Number         0  stm32f1xx_hal_dma.o ABSOLUTE
    stm32f1xx_hal_exti.c                     0x00000000   Number         0  stm32f1xx_hal_exti.o ABSOLUTE
    stm32f1xx_hal_flash.c                    0x00000000   Number         0  stm32f1xx_hal_flash.o ABSOLUTE
    stm32f1xx_hal_flash_ex.c                 0x00000000   Number         0  stm32f1xx_hal_flash_ex.o ABSOLUTE
    stm32f1xx_hal_gpio.c                     0x00000000   Number         0  stm32f1xx_hal_gpio.o ABSOLUTE
    stm32f1xx_hal_gpio_ex.c                  0x00000000   Number         0  stm32f1xx_hal_gpio_ex.o ABSOLUTE
    stm32f1xx_hal_msp.c                      0x00000000   Number         0  stm32f1xx_hal_msp.o ABSOLUTE
    stm32f1xx_hal_pwr.c                      0x00000000   Number         0  stm32f1xx_hal_pwr.o ABSOLUTE
    stm32f1xx_hal_rcc.c                      0x00000000   Number         0  stm32f1xx_hal_rcc.o ABSOLUTE
    stm32f1xx_hal_rcc_ex.c                   0x00000000   Number         0  stm32f1xx_hal_rcc_ex.o ABSOLUTE
    stm32f1xx_hal_tim.c                      0x00000000   Number         0  stm32f1xx_hal_tim.o ABSOLUTE
    stm32f1xx_hal_tim_ex.c                   0x00000000   Number         0  stm32f1xx_hal_tim_ex.o ABSOLUTE
    stm32f1xx_hal_timebase_tim.c             0x00000000   Number         0  stm32f1xx_hal_timebase_tim.o ABSOLUTE
    stm32f1xx_hal_uart.c                     0x00000000   Number         0  stm32f1xx_hal_uart.o ABSOLUTE
    stm32f1xx_it.c                           0x00000000   Number         0  stm32f1xx_it.o ABSOLUTE
    stream_buffer.c                          0x00000000   Number         0  stream_buffer.o ABSOLUTE
    system_stm32f1xx.c                       0x00000000   Number         0  system_stm32f1xx.o ABSOLUTE
    tasks.c                                  0x00000000   Number         0  tasks.o ABSOLUTE
    timers.c                                 0x00000000   Number         0  timers.o ABSOLUTE
    usart.c                                  0x00000000   Number         0  usart.o ABSOLUTE
    RESET                                    0x08000000   Section      236  startup_stm32f103xb.o(RESET)
    .ARM.Collect$$$$00000000                 0x080000ec   Section        0  entry.o(.ARM.Collect$$$$00000000)
    .ARM.Collect$$$$00000001                 0x080000ec   Section        4  entry2.o(.ARM.Collect$$$$00000001)
    .ARM.Collect$$$$00000004                 0x080000f0   Section        4  entry5.o(.ARM.Collect$$$$00000004)
    .ARM.Collect$$$$00000008                 0x080000f4   Section        0  entry7b.o(.ARM.Collect$$$$00000008)
    .ARM.Collect$$$$0000000A                 0x080000f4   Section        0  entry8b.o(.ARM.Collect$$$$0000000A)
    .ARM.Collect$$$$0000000B                 0x080000f4   Section        8  entry9a.o(.ARM.Collect$$$$0000000B)
    __lit__00000000                          0x080000fc   Data           4  entry2.o(.ARM.Collect$$$$00002712)
    .ARM.Collect$$$$0000000D                 0x080000fc   Section        0  entry10a.o(.ARM.Collect$$$$0000000D)
    .ARM.Collect$$$$0000000F                 0x080000fc   Section        0  entry11a.o(.ARM.Collect$$$$0000000F)
    .ARM.Collect$$$$00002712                 0x080000fc   Section        4  entry2.o(.ARM.Collect$$$$00002712)
    .text                                    0x08000100   Section       36  startup_stm32f103xb.o(.text)
    .text                                    0x08000124   Section        0  memcpya.o(.text)
    .text                                    0x08000148   Section        0  memseta.o(.text)
    .text                                    0x0800016c   Section       36  init.o(.text)
    [Anonymous Symbol]                       0x08000190   Section        0  stm32f1xx_it.o(.text.BusFault_Handler)
    [Anonymous Symbol]                       0x08000194   Section        0  stm32f1xx_it.o(.text.DMA1_Channel4_IRQHandler)
    [Anonymous Symbol]                       0x080001a0   Section        0  stm32f1xx_it.o(.text.DMA1_Channel5_IRQHandler)
    [Anonymous Symbol]                       0x080001ac   Section        0  stm32f1xx_it.o(.text.DebugMon_Handler)
    [Anonymous Symbol]                       0x080001b0   Section        0  main.o(.text.Error_Handler)
    [Anonymous Symbol]                       0x080001bc   Section        0  stm32f1xx_hal_dma.o(.text.HAL_DMA_Abort)
    [Anonymous Symbol]                       0x080001fc   Section        0  stm32f1xx_hal_dma.o(.text.HAL_DMA_Abort_IT)
    [Anonymous Symbol]                       0x080002a8   Section        0  stm32f1xx_hal_dma.o(.text.HAL_DMA_IRQHandler)
    [Anonymous Symbol]                       0x08000418   Section        0  stm32f1xx_hal_dma.o(.text.HAL_DMA_Init)
    [Anonymous Symbol]                       0x080004a0   Section        0  stm32f1xx_hal_gpio.o(.text.HAL_GPIO_Init)
    [Anonymous Symbol]                       0x080006a0   Section        0  stm32f1xx_hal_gpio.o(.text.HAL_GPIO_WritePin)
    [Anonymous Symbol]                       0x080006ac   Section        0  stm32f1xx_hal.o(.text.HAL_GetTick)
    [Anonymous Symbol]                       0x080006b8   Section        0  stm32f1xx_hal.o(.text.HAL_IncTick)
    [Anonymous Symbol]                       0x080006d4   Section        0  stm32f1xx_hal.o(.text.HAL_Init)
    [Anonymous Symbol]                       0x080006fc   Section        0  stm32f1xx_hal_timebase_tim.o(.text.HAL_InitTick)
    [Anonymous Symbol]                       0x080007a0   Section        0  stm32f1xx_hal_msp.o(.text.HAL_MspInit)
    [Anonymous Symbol]                       0x080007f0   Section        0  stm32f1xx_hal_uart.o(.text.HAL_MultiProcessor_Init)
    [Anonymous Symbol]                       0x080008f0   Section        0  stm32f1xx_hal_cortex.o(.text.HAL_NVIC_EnableIRQ)
    [Anonymous Symbol]                       0x08000910   Section        0  stm32f1xx_hal_cortex.o(.text.HAL_NVIC_SetPriority)
    [Anonymous Symbol]                       0x08000968   Section        0  stm32f1xx_hal_cortex.o(.text.HAL_NVIC_SetPriorityGrouping)
    [Anonymous Symbol]                       0x08000988   Section        0  stm32f1xx_hal_rcc.o(.text.HAL_RCC_ClockConfig)
    [Anonymous Symbol]                       0x08000b44   Section        0  stm32f1xx_hal_rcc.o(.text.HAL_RCC_GetClockConfig)
    [Anonymous Symbol]                       0x08000b88   Section        0  stm32f1xx_hal_rcc.o(.text.HAL_RCC_GetPCLK1Freq)
    [Anonymous Symbol]                       0x08000bb0   Section        0  stm32f1xx_hal_rcc.o(.text.HAL_RCC_GetPCLK2Freq)
    [Anonymous Symbol]                       0x08000bd8   Section        0  stm32f1xx_hal_rcc.o(.text.HAL_RCC_OscConfig)
    [Anonymous Symbol]                       0x08000f08   Section        0  stm32f1xx_hal_tim_ex.o(.text.HAL_TIMEx_BreakCallback)
    [Anonymous Symbol]                       0x08000f0c   Section        0  stm32f1xx_hal_tim_ex.o(.text.HAL_TIMEx_CommutCallback)
    [Anonymous Symbol]                       0x08000f10   Section        0  stm32f1xx_hal_tim.o(.text.HAL_TIM_Base_Init)
    [Anonymous Symbol]                       0x08000fe8   Section        0  stm32f1xx_hal_tim.o(.text.HAL_TIM_Base_MspInit)
    [Anonymous Symbol]                       0x08000fec   Section        0  stm32f1xx_hal_tim.o(.text.HAL_TIM_Base_Start_IT)
    [Anonymous Symbol]                       0x08001054   Section        0  stm32f1xx_hal_tim.o(.text.HAL_TIM_IC_CaptureCallback)
    [Anonymous Symbol]                       0x08001058   Section        0  stm32f1xx_hal_tim.o(.text.HAL_TIM_IRQHandler)
    [Anonymous Symbol]                       0x080011c4   Section        0  stm32f1xx_hal_tim.o(.text.HAL_TIM_OC_DelayElapsedCallback)
    [Anonymous Symbol]                       0x080011c8   Section        0  stm32f1xx_hal_tim.o(.text.HAL_TIM_PWM_PulseFinishedCallback)
    [Anonymous Symbol]                       0x080011cc   Section        0  main.o(.text.HAL_TIM_PeriodElapsedCallback)
    [Anonymous Symbol]                       0x080011e0   Section        0  stm32f1xx_hal_tim.o(.text.HAL_TIM_TriggerCallback)
    [Anonymous Symbol]                       0x080011e4   Section        0  stm32f1xx_hal_uart.o(.text.HAL_UARTEx_RxEventCallback)
    [Anonymous Symbol]                       0x080011e8   Section        0  stm32f1xx_hal_uart.o(.text.HAL_UART_ErrorCallback)
    [Anonymous Symbol]                       0x080011ec   Section        0  stm32f1xx_hal_uart.o(.text.HAL_UART_IRQHandler)
    [Anonymous Symbol]                       0x080014f8   Section        0  usart.o(.text.HAL_UART_MspInit)
    [Anonymous Symbol]                       0x080015f4   Section        0  stm32f1xx_hal_uart.o(.text.HAL_UART_RxCpltCallback)
    [Anonymous Symbol]                       0x080015f8   Section        0  stm32f1xx_hal_uart.o(.text.HAL_UART_TxCpltCallback)
    [Anonymous Symbol]                       0x080015fc   Section        0  stm32f1xx_it.o(.text.HardFault_Handler)
    [Anonymous Symbol]                       0x08001600   Section        0  dma.o(.text.MX_DMA_Init)
    [Anonymous Symbol]                       0x08001644   Section        0  gpio.o(.text.MX_GPIO_Init)
    [Anonymous Symbol]                       0x080016c0   Section        0  usart.o(.text.MX_USART1_UART_Init)
    [Anonymous Symbol]                       0x08001700   Section        0  stm32f1xx_it.o(.text.MemManage_Handler)
    [Anonymous Symbol]                       0x08001704   Section        0  stm32f1xx_it.o(.text.NMI_Handler)
    [Anonymous Symbol]                       0x08001710   Section        0  port.o(.text.PendSV_Handler)
    pxCurrentTCBConst                        0x08001750   Number         0  port.o(.text.PendSV_Handler)
    [Anonymous Symbol]                       0x08001760   Section        0  port.o(.text.SVC_Handler)
    pxCurrentTCBConst2                       0x08001780   Number         0  port.o(.text.SVC_Handler)
    [Anonymous Symbol]                       0x08001784   Section        0  port.o(.text.SysTick_Handler)
    [Anonymous Symbol]                       0x080017b4   Section        0  system_stm32f1xx.o(.text.SystemInit)
    [Anonymous Symbol]                       0x080017b8   Section        0  stm32f1xx_it.o(.text.TIM1_UP_IRQHandler)
    UART_DMAAbortOnError                     0x080017c5   Thumb Code    12  stm32f1xx_hal_uart.o(.text.UART_DMAAbortOnError)
    [Anonymous Symbol]                       0x080017c4   Section        0  stm32f1xx_hal_uart.o(.text.UART_DMAAbortOnError)
    UART_Receive_IT                          0x080017d1   Thumb Code   194  stm32f1xx_hal_uart.o(.text.UART_Receive_IT)
    [Anonymous Symbol]                       0x080017d0   Section        0  stm32f1xx_hal_uart.o(.text.UART_Receive_IT)
    [Anonymous Symbol]                       0x08001894   Section        0  stm32f1xx_it.o(.text.USART1_IRQHandler)
    [Anonymous Symbol]                       0x080018a0   Section        0  stm32f1xx_it.o(.text.UsageFault_Handler)
    [Anonymous Symbol]                       0x080018a4   Section        0  app.o(.text.app_main)
    [Anonymous Symbol]                       0x080018d8   Section        0  app.o(.text.led_task)
    [Anonymous Symbol]                       0x08001900   Section        0  main.o(.text.main)
    prvAddCurrentTaskToDelayedList           0x08001981   Thumb Code   132  tasks.o(.text.prvAddCurrentTaskToDelayedList)
    [Anonymous Symbol]                       0x08001980   Section        0  tasks.o(.text.prvAddCurrentTaskToDelayedList)
    prvAddNewTaskToReadyList                 0x08001a05   Thumb Code   284  tasks.o(.text.prvAddNewTaskToReadyList)
    [Anonymous Symbol]                       0x08001a04   Section        0  tasks.o(.text.prvAddNewTaskToReadyList)
    prvCheckForValidListAndQueue             0x08001b21   Thumb Code   116  timers.o(.text.prvCheckForValidListAndQueue)
    [Anonymous Symbol]                       0x08001b20   Section        0  timers.o(.text.prvCheckForValidListAndQueue)
    prvIdleTask                              0x08001b9d   Thumb Code   150  tasks.o(.text.prvIdleTask)
    [Anonymous Symbol]                       0x08001b9c   Section        0  tasks.o(.text.prvIdleTask)
    prvPortStartFirstTask                    0x08001c35   Thumb Code    26  port.o(.text.prvPortStartFirstTask)
    [Anonymous Symbol]                       0x08001c34   Section        0  port.o(.text.prvPortStartFirstTask)
    prvSampleTimeNow                         0x08001c55   Thumb Code   230  timers.o(.text.prvSampleTimeNow)
    [Anonymous Symbol]                       0x08001c54   Section        0  timers.o(.text.prvSampleTimeNow)
    prvTaskExitError                         0x08001d3d   Thumb Code    50  port.o(.text.prvTaskExitError)
    [Anonymous Symbol]                       0x08001d3c   Section        0  port.o(.text.prvTaskExitError)
    prvTimerTask                             0x08001d71   Thumb Code   662  timers.o(.text.prvTimerTask)
    [Anonymous Symbol]                       0x08001d70   Section        0  timers.o(.text.prvTimerTask)
    prvUnlockQueue                           0x08002009   Thumb Code   116  queue.o(.text.prvUnlockQueue)
    [Anonymous Symbol]                       0x08002008   Section        0  queue.o(.text.prvUnlockQueue)
    [Anonymous Symbol]                       0x0800207c   Section        0  heap_4.o(.text.pvPortMalloc)
    [Anonymous Symbol]                       0x08002234   Section        0  port.o(.text.pxPortInitialiseStack)
    [Anonymous Symbol]                       0x08002254   Section        0  app.o(.text.start_task)
    [Anonymous Symbol]                       0x080022c8   Section        0  app.o(.text.uart_task)
    [Anonymous Symbol]                       0x080022d4   Section        0  list.o(.text.uxListRemove)
    [Anonymous Symbol]                       0x080022f8   Section        0  cmsis_os2.o(.text.vApplicationGetIdleTaskMemory)
    [Anonymous Symbol]                       0x08002314   Section        0  cmsis_os2.o(.text.vApplicationGetTimerTaskMemory)
    [Anonymous Symbol]                       0x08002330   Section        0  list.o(.text.vListInitialise)
    [Anonymous Symbol]                       0x08002348   Section        0  list.o(.text.vListInitialiseItem)
    [Anonymous Symbol]                       0x08002350   Section        0  list.o(.text.vListInsert)
    [Anonymous Symbol]                       0x0800238c   Section        0  list.o(.text.vListInsertEnd)
    [Anonymous Symbol]                       0x080023a8   Section        0  port.o(.text.vPortEnterCritical)
    [Anonymous Symbol]                       0x080023f0   Section        0  port.o(.text.vPortExitCritical)
    [Anonymous Symbol]                       0x08002420   Section        0  heap_4.o(.text.vPortFree)
    [Anonymous Symbol]                       0x080024e4   Section        0  port.o(.text.vPortSetupTimerInterrupt)
    [Anonymous Symbol]                       0x08002518   Section        0  queue.o(.text.vQueueAddToRegistry)
    [Anonymous Symbol]                       0x08002540   Section        0  queue.o(.text.vQueueWaitForMessageRestricted)
    [Anonymous Symbol]                       0x08002588   Section        0  tasks.o(.text.vTaskDelay)
    [Anonymous Symbol]                       0x08002630   Section        0  tasks.o(.text.vTaskDelete)
    [Anonymous Symbol]                       0x08002748   Section        0  tasks.o(.text.vTaskInternalSetTimeOutState)
    [Anonymous Symbol]                       0x08002764   Section        0  tasks.o(.text.vTaskMissedYield)
    [Anonymous Symbol]                       0x08002774   Section        0  tasks.o(.text.vTaskPlaceOnEventList)
    [Anonymous Symbol]                       0x080027ac   Section        0  tasks.o(.text.vTaskPlaceOnEventListRestricted)
    [Anonymous Symbol]                       0x080027ec   Section        0  tasks.o(.text.vTaskStartScheduler)
    [Anonymous Symbol]                       0x08002890   Section        0  tasks.o(.text.vTaskSuspendAll)
    [Anonymous Symbol]                       0x080028a0   Section        0  tasks.o(.text.vTaskSwitchContext)
    [Anonymous Symbol]                       0x0800293c   Section        0  port.o(.text.xPortStartScheduler)
    [Anonymous Symbol]                       0x08002a18   Section        0  queue.o(.text.xQueueGenericCreateStatic)
    [Anonymous Symbol]                       0x08002af4   Section        0  queue.o(.text.xQueueGenericSend)
    [Anonymous Symbol]                       0x08002d08   Section        0  queue.o(.text.xQueueReceive)
    [Anonymous Symbol]                       0x08002eb0   Section        0  tasks.o(.text.xTaskCheckForTimeOut)
    [Anonymous Symbol]                       0x08002f40   Section        0  tasks.o(.text.xTaskCreate)
    [Anonymous Symbol]                       0x08003018   Section        0  tasks.o(.text.xTaskCreateStatic)
    [Anonymous Symbol]                       0x080030f8   Section        0  tasks.o(.text.xTaskGetSchedulerState)
    [Anonymous Symbol]                       0x08003120   Section        0  tasks.o(.text.xTaskGetTickCount)
    [Anonymous Symbol]                       0x0800312c   Section        0  tasks.o(.text.xTaskIncrementTick)
    [Anonymous Symbol]                       0x0800329c   Section        0  tasks.o(.text.xTaskPriorityDisinherit)
    [Anonymous Symbol]                       0x08003330   Section        0  tasks.o(.text.xTaskRemoveFromEventList)
    [Anonymous Symbol]                       0x080033c0   Section        0  tasks.o(.text.xTaskResumeAll)
    [Anonymous Symbol]                       0x080034f8   Section        0  timers.o(.text.xTimerCreateTimerTask)
    i.__scatterload_copy                     0x0800356c   Section       14  handlers.o(i.__scatterload_copy)
    i.__scatterload_null                     0x0800357a   Section        2  handlers.o(i.__scatterload_null)
    i.__scatterload_zeroinit                 0x0800357c   Section       14  handlers.o(i.__scatterload_zeroinit)
    HAL_RCC_GetSysClockFreq.aPredivFactorTable 0x080035a2   Data           2  stm32f1xx_hal_rcc.o(.rodata.HAL_RCC_GetSysClockFreq.aPredivFactorTable)
    [Anonymous Symbol]                       0x080035a2   Section        0  stm32f1xx_hal_rcc.o(.rodata.HAL_RCC_GetSysClockFreq.aPredivFactorTable)
    HAL_RCC_GetSysClockFreq.aPLLMULFactorTable 0x080035a4   Data          16  stm32f1xx_hal_rcc.o(.rodata.cst16)
    [Anonymous Symbol]                       0x080035a4   Section        0  stm32f1xx_hal_rcc.o(.rodata.cst16)
    uxCriticalNesting                        0x2000000c   Data           4  port.o(.data.uxCriticalNesting)
    [Anonymous Symbol]                       0x2000000c   Section        0  port.o(.data.uxCriticalNesting)
    Idle_Stack                               0x20000010   Data         512  cmsis_os2.o(.bss.Idle_Stack)
    [Anonymous Symbol]                       0x20000010   Section        0  cmsis_os2.o(.bss.Idle_Stack)
    Idle_TCB                                 0x20000210   Data          92  cmsis_os2.o(.bss.Idle_TCB)
    [Anonymous Symbol]                       0x20000210   Section        0  cmsis_os2.o(.bss.Idle_TCB)
    Timer_Stack                              0x20000270   Data        1024  cmsis_os2.o(.bss.Timer_Stack)
    [Anonymous Symbol]                       0x20000270   Section        0  cmsis_os2.o(.bss.Timer_Stack)
    Timer_TCB                                0x20000670   Data          92  cmsis_os2.o(.bss.Timer_TCB)
    [Anonymous Symbol]                       0x20000670   Section        0  cmsis_os2.o(.bss.Timer_TCB)
    prvCheckForValidListAndQueue.ucStaticTimerQueueStorage 0x200007e8   Data         160  timers.o(.bss.prvCheckForValidListAndQueue.ucStaticTimerQueueStorage)
    [Anonymous Symbol]                       0x200007e8   Section        0  timers.o(.bss.prvCheckForValidListAndQueue.ucStaticTimerQueueStorage)
    prvCheckForValidListAndQueue.xStaticTimerQueue 0x20000888   Data          80  timers.o(.bss.prvCheckForValidListAndQueue.xStaticTimerQueue)
    [Anonymous Symbol]                       0x20000888   Section        0  timers.o(.bss.prvCheckForValidListAndQueue.xStaticTimerQueue)
    prvSampleTimeNow.xLastTime               0x200008d8   Data           4  timers.o(.bss.prvSampleTimeNow.xLastTime)
    [Anonymous Symbol]                       0x200008d8   Section        0  timers.o(.bss.prvSampleTimeNow.xLastTime)
    pxCurrentTimerList                       0x200008e0   Data           4  timers.o(.bss.pxCurrentTimerList)
    [Anonymous Symbol]                       0x200008e0   Section        0  timers.o(.bss.pxCurrentTimerList)
    pxDelayedTaskList                        0x200008e4   Data           4  tasks.o(.bss.pxDelayedTaskList)
    [Anonymous Symbol]                       0x200008e4   Section        0  tasks.o(.bss.pxDelayedTaskList)
    pxEnd                                    0x200008e8   Data           4  heap_4.o(.bss.pxEnd)
    [Anonymous Symbol]                       0x200008e8   Section        0  heap_4.o(.bss.pxEnd)
    pxOverflowDelayedTaskList                0x200008ec   Data           4  tasks.o(.bss.pxOverflowDelayedTaskList)
    [Anonymous Symbol]                       0x200008ec   Section        0  tasks.o(.bss.pxOverflowDelayedTaskList)
    pxOverflowTimerList                      0x200008f0   Data           4  timers.o(.bss.pxOverflowTimerList)
    [Anonymous Symbol]                       0x200008f0   Section        0  timers.o(.bss.pxOverflowTimerList)
    pxReadyTasksLists                        0x200008f4   Data        1120  tasks.o(.bss.pxReadyTasksLists)
    [Anonymous Symbol]                       0x200008f4   Section        0  tasks.o(.bss.pxReadyTasksLists)
    ucHeap                                   0x20000d54   Data        3072  heap_4.o(.bss.ucHeap)
    [Anonymous Symbol]                       0x20000d54   Section        0  heap_4.o(.bss.ucHeap)
    ucMaxSysCallPriority                     0x20001954   Data           1  port.o(.bss.ucMaxSysCallPriority)
    [Anonymous Symbol]                       0x20001954   Section        0  port.o(.bss.ucMaxSysCallPriority)
    ulMaxPRIGROUPValue                       0x20001958   Data           4  port.o(.bss.ulMaxPRIGROUPValue)
    [Anonymous Symbol]                       0x20001958   Section        0  port.o(.bss.ulMaxPRIGROUPValue)
    uxCurrentNumberOfTasks                   0x20001960   Data           4  tasks.o(.bss.uxCurrentNumberOfTasks)
    [Anonymous Symbol]                       0x20001960   Section        0  tasks.o(.bss.uxCurrentNumberOfTasks)
    uxDeletedTasksWaitingCleanUp             0x20001964   Data           4  tasks.o(.bss.uxDeletedTasksWaitingCleanUp)
    [Anonymous Symbol]                       0x20001964   Section        0  tasks.o(.bss.uxDeletedTasksWaitingCleanUp)
    uxPendedTicks                            0x20001968   Data           4  tasks.o(.bss.uxPendedTicks)
    [Anonymous Symbol]                       0x20001968   Section        0  tasks.o(.bss.uxPendedTicks)
    uxSchedulerSuspended                     0x2000196c   Data           4  tasks.o(.bss.uxSchedulerSuspended)
    [Anonymous Symbol]                       0x2000196c   Section        0  tasks.o(.bss.uxSchedulerSuspended)
    uxTaskNumber                             0x20001970   Data           4  tasks.o(.bss.uxTaskNumber)
    [Anonymous Symbol]                       0x20001970   Section        0  tasks.o(.bss.uxTaskNumber)
    uxTopReadyPriority                       0x20001974   Data           4  tasks.o(.bss.uxTopReadyPriority)
    [Anonymous Symbol]                       0x20001974   Section        0  tasks.o(.bss.uxTopReadyPriority)
    xActiveTimerList1                        0x20001978   Data          20  timers.o(.bss.xActiveTimerList1)
    [Anonymous Symbol]                       0x20001978   Section        0  timers.o(.bss.xActiveTimerList1)
    xActiveTimerList2                        0x2000198c   Data          20  timers.o(.bss.xActiveTimerList2)
    [Anonymous Symbol]                       0x2000198c   Section        0  timers.o(.bss.xActiveTimerList2)
    xBlockAllocatedBit                       0x200019a0   Data           1  heap_4.o(.bss.xBlockAllocatedBit)
    [Anonymous Symbol]                       0x200019a0   Section        0  heap_4.o(.bss.xBlockAllocatedBit)
    xDelayedTaskList1                        0x200019a4   Data          20  tasks.o(.bss.xDelayedTaskList1)
    [Anonymous Symbol]                       0x200019a4   Section        0  tasks.o(.bss.xDelayedTaskList1)
    xDelayedTaskList2                        0x200019b8   Data          20  tasks.o(.bss.xDelayedTaskList2)
    [Anonymous Symbol]                       0x200019b8   Section        0  tasks.o(.bss.xDelayedTaskList2)
    xFreeBytesRemaining                      0x200019cc   Data           4  heap_4.o(.bss.xFreeBytesRemaining)
    [Anonymous Symbol]                       0x200019cc   Section        0  heap_4.o(.bss.xFreeBytesRemaining)
    xIdleTaskHandle                          0x200019d0   Data           4  tasks.o(.bss.xIdleTaskHandle)
    [Anonymous Symbol]                       0x200019d0   Section        0  tasks.o(.bss.xIdleTaskHandle)
    xMinimumEverFreeBytesRemaining           0x200019d4   Data           4  heap_4.o(.bss.xMinimumEverFreeBytesRemaining)
    [Anonymous Symbol]                       0x200019d4   Section        0  heap_4.o(.bss.xMinimumEverFreeBytesRemaining)
    xNextTaskUnblockTime                     0x200019d8   Data           4  tasks.o(.bss.xNextTaskUnblockTime)
    [Anonymous Symbol]                       0x200019d8   Section        0  tasks.o(.bss.xNextTaskUnblockTime)
    xNumOfOverflows                          0x200019dc   Data           4  tasks.o(.bss.xNumOfOverflows)
    [Anonymous Symbol]                       0x200019dc   Section        0  tasks.o(.bss.xNumOfOverflows)
    xPendingReadyList                        0x200019e0   Data          20  tasks.o(.bss.xPendingReadyList)
    [Anonymous Symbol]                       0x200019e0   Section        0  tasks.o(.bss.xPendingReadyList)
    xSchedulerRunning                        0x20001a34   Data           4  tasks.o(.bss.xSchedulerRunning)
    [Anonymous Symbol]                       0x20001a34   Section        0  tasks.o(.bss.xSchedulerRunning)
    xStart                                   0x20001a38   Data           8  heap_4.o(.bss.xStart)
    [Anonymous Symbol]                       0x20001a38   Section        0  heap_4.o(.bss.xStart)
    xSuspendedTaskList                       0x20001a40   Data          20  tasks.o(.bss.xSuspendedTaskList)
    [Anonymous Symbol]                       0x20001a40   Section        0  tasks.o(.bss.xSuspendedTaskList)
    xTasksWaitingTermination                 0x20001a54   Data          20  tasks.o(.bss.xTasksWaitingTermination)
    [Anonymous Symbol]                       0x20001a54   Section        0  tasks.o(.bss.xTasksWaitingTermination)
    xTickCount                               0x20001a68   Data           4  tasks.o(.bss.xTickCount)
    [Anonymous Symbol]                       0x20001a68   Section        0  tasks.o(.bss.xTickCount)
    xTimerQueue                              0x20001a6c   Data           4  timers.o(.bss.xTimerQueue)
    [Anonymous Symbol]                       0x20001a6c   Section        0  timers.o(.bss.xTimerQueue)
    xTimerTaskHandle                         0x20001a70   Data           4  timers.o(.bss.xTimerTaskHandle)
    [Anonymous Symbol]                       0x20001a70   Section        0  timers.o(.bss.xTimerTaskHandle)
    xYieldPending                            0x20001a74   Data           4  tasks.o(.bss.xYieldPending)
    [Anonymous Symbol]                       0x20001a74   Section        0  tasks.o(.bss.xYieldPending)
    STACK                                    0x20001a78   Section     1024  startup_stm32f103xb.o(STACK)

    Global Symbols

    Symbol Name                              Value     Ov Type        Size  Object(Section)

    BuildAttributes$$THM_ISAv4$P$D$K$B$S$PE$A:L22UL41UL21$X:L11$S22US41US21$IEEE1$IW$~IW$USESV6$~STKCKD$USESV7$~SHL$OTIME$ROPI$EBA8$MICROLIB$REQ8$PRES8$EABIv2 0x00000000   Number         0  anon$$obj.o ABSOLUTE
    _printf_a                                0x00000000   Number         0  printfstubs.o ABSOLUTE
    _printf_c                                0x00000000   Number         0  printfstubs.o ABSOLUTE
    _printf_charcount                        0x00000000   Number         0  printfstubs.o ABSOLUTE
    _printf_d                                0x00000000   Number         0  printfstubs.o ABSOLUTE
    _printf_e                                0x00000000   Number         0  printfstubs.o ABSOLUTE
    _printf_f                                0x00000000   Number         0  printfstubs.o ABSOLUTE
    _printf_flags                            0x00000000   Number         0  printfstubs.o ABSOLUTE
    _printf_fp_dec                           0x00000000   Number         0  printfstubs.o ABSOLUTE
    _printf_fp_hex                           0x00000000   Number         0  printfstubs.o ABSOLUTE
    _printf_g                                0x00000000   Number         0  printfstubs.o ABSOLUTE
    _printf_i                                0x00000000   Number         0  printfstubs.o ABSOLUTE
    _printf_int_dec                          0x00000000   Number         0  printfstubs.o ABSOLUTE
    _printf_l                                0x00000000   Number         0  printfstubs.o ABSOLUTE
    _printf_lc                               0x00000000   Number         0  printfstubs.o ABSOLUTE
    _printf_ll                               0x00000000   Number         0  printfstubs.o ABSOLUTE
    _printf_lld                              0x00000000   Number         0  printfstubs.o ABSOLUTE
    _printf_lli                              0x00000000   Number         0  printfstubs.o ABSOLUTE
    _printf_llo                              0x00000000   Number         0  printfstubs.o ABSOLUTE
    _printf_llu                              0x00000000   Number         0  printfstubs.o ABSOLUTE
    _printf_llx                              0x00000000   Number         0  printfstubs.o ABSOLUTE
    _printf_longlong_dec                     0x00000000   Number         0  printfstubs.o ABSOLUTE
    _printf_longlong_hex                     0x00000000   Number         0  printfstubs.o ABSOLUTE
    _printf_longlong_oct                     0x00000000   Number         0  printfstubs.o ABSOLUTE
    _printf_ls                               0x00000000   Number         0  printfstubs.o ABSOLUTE
    _printf_mbtowc                           0x00000000   Number         0  printfstubs.o ABSOLUTE
    _printf_n                                0x00000000   Number         0  printfstubs.o ABSOLUTE
    _printf_o                                0x00000000   Number         0  printfstubs.o ABSOLUTE
    _printf_p                                0x00000000   Number         0  printfstubs.o ABSOLUTE
    _printf_percent                          0x00000000   Number         0  printfstubs.o ABSOLUTE
    _printf_pre_padding                      0x00000000   Number         0  printfstubs.o ABSOLUTE
    _printf_return_value                     0x00000000   Number         0  printfstubs.o ABSOLUTE
    _printf_s                                0x00000000   Number         0  printfstubs.o ABSOLUTE
    _printf_sizespec                         0x00000000   Number         0  printfstubs.o ABSOLUTE
    _printf_str                              0x00000000   Number         0  printfstubs.o ABSOLUTE
    _printf_truncate_signed                  0x00000000   Number         0  printfstubs.o ABSOLUTE
    _printf_truncate_unsigned                0x00000000   Number         0  printfstubs.o ABSOLUTE
    _printf_u                                0x00000000   Number         0  printfstubs.o ABSOLUTE
    _printf_wc                               0x00000000   Number         0  printfstubs.o ABSOLUTE
    _printf_wctomb                           0x00000000   Number         0  printfstubs.o ABSOLUTE
    _printf_widthprec                        0x00000000   Number         0  printfstubs.o ABSOLUTE
    _printf_x                                0x00000000   Number         0  printfstubs.o ABSOLUTE
    __cpp_initialize__aeabi_                  - Undefined Weak Reference
    __cxa_finalize                            - Undefined Weak Reference
    __decompress                              - Undefined Weak Reference
    _clock_init                               - Undefined Weak Reference
    _microlib_exit                            - Undefined Weak Reference
    __Vectors_Size                           0x000000ec   Number         0  startup_stm32f103xb.o ABSOLUTE
    __Vectors                                0x08000000   Data           4  startup_stm32f103xb.o(RESET)
    __Vectors_End                            0x080000ec   Data           0  startup_stm32f103xb.o(RESET)
    __main                                   0x080000ed   Thumb Code     0  entry.o(.ARM.Collect$$$$00000000)
    _main_stk                                0x080000ed   Thumb Code     0  entry2.o(.ARM.Collect$$$$00000001)
    _main_scatterload                        0x080000f1   Thumb Code     0  entry5.o(.ARM.Collect$$$$00000004)
    __main_after_scatterload                 0x080000f5   Thumb Code     0  entry5.o(.ARM.Collect$$$$00000004)
    _main_clock                              0x080000f5   Thumb Code     0  entry7b.o(.ARM.Collect$$$$00000008)
    _main_cpp_init                           0x080000f5   Thumb Code     0  entry8b.o(.ARM.Collect$$$$0000000A)
    _main_init                               0x080000f5   Thumb Code     0  entry9a.o(.ARM.Collect$$$$0000000B)
    __rt_final_cpp                           0x080000fd   Thumb Code     0  entry10a.o(.ARM.Collect$$$$0000000D)
    __rt_final_exit                          0x080000fd   Thumb Code     0  entry11a.o(.ARM.Collect$$$$0000000F)
    Reset_Handler                            0x08000101   Thumb Code     8  startup_stm32f103xb.o(.text)
    ADC1_2_IRQHandler                        0x0800011b   Thumb Code     0  startup_stm32f103xb.o(.text)
    CAN1_RX1_IRQHandler                      0x0800011b   Thumb Code     0  startup_stm32f103xb.o(.text)
    CAN1_SCE_IRQHandler                      0x0800011b   Thumb Code     0  startup_stm32f103xb.o(.text)
    DMA1_Channel1_IRQHandler                 0x0800011b   Thumb Code     0  startup_stm32f103xb.o(.text)
    DMA1_Channel2_IRQHandler                 0x0800011b   Thumb Code     0  startup_stm32f103xb.o(.text)
    DMA1_Channel3_IRQHandler                 0x0800011b   Thumb Code     0  startup_stm32f103xb.o(.text)
    DMA1_Channel6_IRQHandler                 0x0800011b   Thumb Code     0  startup_stm32f103xb.o(.text)
    DMA1_Channel7_IRQHandler                 0x0800011b   Thumb Code     0  startup_stm32f103xb.o(.text)
    EXTI0_IRQHandler                         0x0800011b   Thumb Code     0  startup_stm32f103xb.o(.text)
    EXTI15_10_IRQHandler                     0x0800011b   Thumb Code     0  startup_stm32f103xb.o(.text)
    EXTI1_IRQHandler                         0x0800011b   Thumb Code     0  startup_stm32f103xb.o(.text)
    EXTI2_IRQHandler                         0x0800011b   Thumb Code     0  startup_stm32f103xb.o(.text)
    EXTI3_IRQHandler                         0x0800011b   Thumb Code     0  startup_stm32f103xb.o(.text)
    EXTI4_IRQHandler                         0x0800011b   Thumb Code     0  startup_stm32f103xb.o(.text)
    EXTI9_5_IRQHandler                       0x0800011b   Thumb Code     0  startup_stm32f103xb.o(.text)
    FLASH_IRQHandler                         0x0800011b   Thumb Code     0  startup_stm32f103xb.o(.text)
    I2C1_ER_IRQHandler                       0x0800011b   Thumb Code     0  startup_stm32f103xb.o(.text)
    I2C1_EV_IRQHandler                       0x0800011b   Thumb Code     0  startup_stm32f103xb.o(.text)
    I2C2_ER_IRQHandler                       0x0800011b   Thumb Code     0  startup_stm32f103xb.o(.text)
    I2C2_EV_IRQHandler                       0x0800011b   Thumb Code     0  startup_stm32f103xb.o(.text)
    PVD_IRQHandler                           0x0800011b   Thumb Code     0  startup_stm32f103xb.o(.text)
    RCC_IRQHandler                           0x0800011b   Thumb Code     0  startup_stm32f103xb.o(.text)
    RTC_Alarm_IRQHandler                     0x0800011b   Thumb Code     0  startup_stm32f103xb.o(.text)
    RTC_IRQHandler                           0x0800011b   Thumb Code     0  startup_stm32f103xb.o(.text)
    SPI1_IRQHandler                          0x0800011b   Thumb Code     0  startup_stm32f103xb.o(.text)
    SPI2_IRQHandler                          0x0800011b   Thumb Code     0  startup_stm32f103xb.o(.text)
    TAMPER_IRQHandler                        0x0800011b   Thumb Code     0  startup_stm32f103xb.o(.text)
    TIM1_BRK_IRQHandler                      0x0800011b   Thumb Code     0  startup_stm32f103xb.o(.text)
    TIM1_CC_IRQHandler                       0x0800011b   Thumb Code     0  startup_stm32f103xb.o(.text)
    TIM1_TRG_COM_IRQHandler                  0x0800011b   Thumb Code     0  startup_stm32f103xb.o(.text)
    TIM2_IRQHandler                          0x0800011b   Thumb Code     0  startup_stm32f103xb.o(.text)
    TIM3_IRQHandler                          0x0800011b   Thumb Code     0  startup_stm32f103xb.o(.text)
    TIM4_IRQHandler                          0x0800011b   Thumb Code     0  startup_stm32f103xb.o(.text)
    USART2_IRQHandler                        0x0800011b   Thumb Code     0  startup_stm32f103xb.o(.text)
    USART3_IRQHandler                        0x0800011b   Thumb Code     0  startup_stm32f103xb.o(.text)
    USBWakeUp_IRQHandler                     0x0800011b   Thumb Code     0  startup_stm32f103xb.o(.text)
    USB_HP_CAN1_TX_IRQHandler                0x0800011b   Thumb Code     0  startup_stm32f103xb.o(.text)
    USB_LP_CAN1_RX0_IRQHandler               0x0800011b   Thumb Code     0  startup_stm32f103xb.o(.text)
    WWDG_IRQHandler                          0x0800011b   Thumb Code     0  startup_stm32f103xb.o(.text)
    __aeabi_memcpy                           0x08000125   Thumb Code    36  memcpya.o(.text)
    __aeabi_memcpy4                          0x08000125   Thumb Code     0  memcpya.o(.text)
    __aeabi_memcpy8                          0x08000125   Thumb Code     0  memcpya.o(.text)
    __aeabi_memset                           0x08000149   Thumb Code    14  memseta.o(.text)
    __aeabi_memset4                          0x08000149   Thumb Code     0  memseta.o(.text)
    __aeabi_memset8                          0x08000149   Thumb Code     0  memseta.o(.text)
    __aeabi_memclr                           0x08000157   Thumb Code     4  memseta.o(.text)
    __aeabi_memclr4                          0x08000157   Thumb Code     0  memseta.o(.text)
    __aeabi_memclr8                          0x08000157   Thumb Code     0  memseta.o(.text)
    _memset$wrapper                          0x0800015b   Thumb Code    18  memseta.o(.text)
    __scatterload                            0x0800016d   Thumb Code    28  init.o(.text)
    __scatterload_rt2                        0x0800016d   Thumb Code     0  init.o(.text)
    BusFault_Handler                         0x08000191   Thumb Code     2  stm32f1xx_it.o(.text.BusFault_Handler)
    DMA1_Channel4_IRQHandler                 0x08000195   Thumb Code    12  stm32f1xx_it.o(.text.DMA1_Channel4_IRQHandler)
    DMA1_Channel5_IRQHandler                 0x080001a1   Thumb Code    12  stm32f1xx_it.o(.text.DMA1_Channel5_IRQHandler)
    DebugMon_Handler                         0x080001ad   Thumb Code     2  stm32f1xx_it.o(.text.DebugMon_Handler)
    Error_Handler                            0x080001b1   Thumb Code    10  main.o(.text.Error_Handler)
    HAL_DMA_Abort                            0x080001bd   Thumb Code    64  stm32f1xx_hal_dma.o(.text.HAL_DMA_Abort)
    HAL_DMA_Abort_IT                         0x080001fd   Thumb Code   172  stm32f1xx_hal_dma.o(.text.HAL_DMA_Abort_IT)
    HAL_DMA_IRQHandler                       0x080002a9   Thumb Code   368  stm32f1xx_hal_dma.o(.text.HAL_DMA_IRQHandler)
    HAL_DMA_Init                             0x08000419   Thumb Code   136  stm32f1xx_hal_dma.o(.text.HAL_DMA_Init)
    HAL_GPIO_Init                            0x080004a1   Thumb Code   512  stm32f1xx_hal_gpio.o(.text.HAL_GPIO_Init)
    HAL_GPIO_WritePin                        0x080006a1   Thumb Code    10  stm32f1xx_hal_gpio.o(.text.HAL_GPIO_WritePin)
    HAL_GetTick                              0x080006ad   Thumb Code    12  stm32f1xx_hal.o(.text.HAL_GetTick)
    HAL_IncTick                              0x080006b9   Thumb Code    26  stm32f1xx_hal.o(.text.HAL_IncTick)
    HAL_Init                                 0x080006d5   Thumb Code    38  stm32f1xx_hal.o(.text.HAL_Init)
    HAL_InitTick                             0x080006fd   Thumb Code   162  stm32f1xx_hal_timebase_tim.o(.text.HAL_InitTick)
    HAL_MspInit                              0x080007a1   Thumb Code    80  stm32f1xx_hal_msp.o(.text.HAL_MspInit)
    HAL_MultiProcessor_Init                  0x080007f1   Thumb Code   256  stm32f1xx_hal_uart.o(.text.HAL_MultiProcessor_Init)
    HAL_NVIC_EnableIRQ                       0x080008f1   Thumb Code    32  stm32f1xx_hal_cortex.o(.text.HAL_NVIC_EnableIRQ)
    HAL_NVIC_SetPriority                     0x08000911   Thumb Code    86  stm32f1xx_hal_cortex.o(.text.HAL_NVIC_SetPriority)
    HAL_NVIC_SetPriorityGrouping             0x08000969   Thumb Code    32  stm32f1xx_hal_cortex.o(.text.HAL_NVIC_SetPriorityGrouping)
    HAL_RCC_ClockConfig                      0x08000989   Thumb Code   442  stm32f1xx_hal_rcc.o(.text.HAL_RCC_ClockConfig)
    HAL_RCC_GetClockConfig                   0x08000b45   Thumb Code    66  stm32f1xx_hal_rcc.o(.text.HAL_RCC_GetClockConfig)
    HAL_RCC_GetPCLK1Freq                     0x08000b89   Thumb Code    38  stm32f1xx_hal_rcc.o(.text.HAL_RCC_GetPCLK1Freq)
    HAL_RCC_GetPCLK2Freq                     0x08000bb1   Thumb Code    38  stm32f1xx_hal_rcc.o(.text.HAL_RCC_GetPCLK2Freq)
    HAL_RCC_OscConfig                        0x08000bd9   Thumb Code   816  stm32f1xx_hal_rcc.o(.text.HAL_RCC_OscConfig)
    HAL_TIMEx_BreakCallback                  0x08000f09   Thumb Code     2  stm32f1xx_hal_tim_ex.o(.text.HAL_TIMEx_BreakCallback)
    HAL_TIMEx_CommutCallback                 0x08000f0d   Thumb Code     2  stm32f1xx_hal_tim_ex.o(.text.HAL_TIMEx_CommutCallback)
    HAL_TIM_Base_Init                        0x08000f11   Thumb Code   216  stm32f1xx_hal_tim.o(.text.HAL_TIM_Base_Init)
    HAL_TIM_Base_MspInit                     0x08000fe9   Thumb Code     2  stm32f1xx_hal_tim.o(.text.HAL_TIM_Base_MspInit)
    HAL_TIM_Base_Start_IT                    0x08000fed   Thumb Code   102  stm32f1xx_hal_tim.o(.text.HAL_TIM_Base_Start_IT)
    HAL_TIM_IC_CaptureCallback               0x08001055   Thumb Code     2  stm32f1xx_hal_tim.o(.text.HAL_TIM_IC_CaptureCallback)
    HAL_TIM_IRQHandler                       0x08001059   Thumb Code   362  stm32f1xx_hal_tim.o(.text.HAL_TIM_IRQHandler)
    HAL_TIM_OC_DelayElapsedCallback          0x080011c5   Thumb Code     2  stm32f1xx_hal_tim.o(.text.HAL_TIM_OC_DelayElapsedCallback)
    HAL_TIM_PWM_PulseFinishedCallback        0x080011c9   Thumb Code     2  stm32f1xx_hal_tim.o(.text.HAL_TIM_PWM_PulseFinishedCallback)
    HAL_TIM_PeriodElapsedCallback            0x080011cd   Thumb Code    20  main.o(.text.HAL_TIM_PeriodElapsedCallback)
    HAL_TIM_TriggerCallback                  0x080011e1   Thumb Code     2  stm32f1xx_hal_tim.o(.text.HAL_TIM_TriggerCallback)
    HAL_UARTEx_RxEventCallback               0x080011e5   Thumb Code     2  stm32f1xx_hal_uart.o(.text.HAL_UARTEx_RxEventCallback)
    HAL_UART_ErrorCallback                   0x080011e9   Thumb Code     2  stm32f1xx_hal_uart.o(.text.HAL_UART_ErrorCallback)
    HAL_UART_IRQHandler                      0x080011ed   Thumb Code   778  stm32f1xx_hal_uart.o(.text.HAL_UART_IRQHandler)
    HAL_UART_MspInit                         0x080014f9   Thumb Code   252  usart.o(.text.HAL_UART_MspInit)
    HAL_UART_RxCpltCallback                  0x080015f5   Thumb Code     2  stm32f1xx_hal_uart.o(.text.HAL_UART_RxCpltCallback)
    HAL_UART_TxCpltCallback                  0x080015f9   Thumb Code     2  stm32f1xx_hal_uart.o(.text.HAL_UART_TxCpltCallback)
    HardFault_Handler                        0x080015fd   Thumb Code     2  stm32f1xx_it.o(.text.HardFault_Handler)
    MX_DMA_Init                              0x08001601   Thumb Code    68  dma.o(.text.MX_DMA_Init)
    MX_GPIO_Init                             0x08001645   Thumb Code   124  gpio.o(.text.MX_GPIO_Init)
    MX_USART1_UART_Init                      0x080016c1   Thumb Code    64  usart.o(.text.MX_USART1_UART_Init)
    MemManage_Handler                        0x08001701   Thumb Code     2  stm32f1xx_it.o(.text.MemManage_Handler)
    NMI_Handler                              0x08001705   Thumb Code     2  stm32f1xx_it.o(.text.NMI_Handler)
    PendSV_Handler                           0x08001711   Thumb Code    68  port.o(.text.PendSV_Handler)
    SVC_Handler                              0x08001761   Thumb Code    36  port.o(.text.SVC_Handler)
    SysTick_Handler                          0x08001785   Thumb Code    46  port.o(.text.SysTick_Handler)
    SystemInit                               0x080017b5   Thumb Code     2  system_stm32f1xx.o(.text.SystemInit)
    TIM1_UP_IRQHandler                       0x080017b9   Thumb Code    12  stm32f1xx_it.o(.text.TIM1_UP_IRQHandler)
    USART1_IRQHandler                        0x08001895   Thumb Code    12  stm32f1xx_it.o(.text.USART1_IRQHandler)
    UsageFault_Handler                       0x080018a1   Thumb Code     2  stm32f1xx_it.o(.text.UsageFault_Handler)
    app_main                                 0x080018a5   Thumb Code    40  app.o(.text.app_main)
    led_task                                 0x080018d9   Thumb Code    38  app.o(.text.led_task)
    main                                     0x08001901   Thumb Code   126  main.o(.text.main)
    pvPortMalloc                             0x0800207d   Thumb Code   440  heap_4.o(.text.pvPortMalloc)
    pxPortInitialiseStack                    0x08002235   Thumb Code    32  port.o(.text.pxPortInitialiseStack)
    start_task                               0x08002255   Thumb Code    92  app.o(.text.start_task)
    uart_task                                0x080022c9   Thumb Code    10  app.o(.text.uart_task)
    uxListRemove                             0x080022d5   Thumb Code    36  list.o(.text.uxListRemove)
    vApplicationGetIdleTaskMemory            0x080022f9   Thumb Code    26  cmsis_os2.o(.text.vApplicationGetIdleTaskMemory)
    vApplicationGetTimerTaskMemory           0x08002315   Thumb Code    28  cmsis_os2.o(.text.vApplicationGetTimerTaskMemory)
    vListInitialise                          0x08002331   Thumb Code    22  list.o(.text.vListInitialise)
    vListInitialiseItem                      0x08002349   Thumb Code     6  list.o(.text.vListInitialiseItem)
    vListInsert                              0x08002351   Thumb Code    58  list.o(.text.vListInsert)
    vListInsertEnd                           0x0800238d   Thumb Code    28  list.o(.text.vListInsertEnd)
    vPortEnterCritical                       0x080023a9   Thumb Code    70  port.o(.text.vPortEnterCritical)
    vPortExitCritical                        0x080023f1   Thumb Code    46  port.o(.text.vPortExitCritical)
    vPortFree                                0x08002421   Thumb Code   196  heap_4.o(.text.vPortFree)
    vPortSetupTimerInterrupt                 0x080024e5   Thumb Code    52  port.o(.text.vPortSetupTimerInterrupt)
    vQueueAddToRegistry                      0x08002519   Thumb Code    40  queue.o(.text.vQueueAddToRegistry)
    vQueueWaitForMessageRestricted           0x08002541   Thumb Code    70  queue.o(.text.vQueueWaitForMessageRestricted)
    vTaskDelay                               0x08002589   Thumb Code   166  tasks.o(.text.vTaskDelay)
    vTaskDelete                              0x08002631   Thumb Code   278  tasks.o(.text.vTaskDelete)
    vTaskInternalSetTimeOutState             0x08002749   Thumb Code    26  tasks.o(.text.vTaskInternalSetTimeOutState)
    vTaskMissedYield                         0x08002765   Thumb Code    14  tasks.o(.text.vTaskMissedYield)
    vTaskPlaceOnEventList                    0x08002775   Thumb Code    54  tasks.o(.text.vTaskPlaceOnEventList)
    vTaskPlaceOnEventListRestricted          0x080027ad   Thumb Code    62  tasks.o(.text.vTaskPlaceOnEventListRestricted)
    vTaskStartScheduler                      0x080027ed   Thumb Code   156  tasks.o(.text.vTaskStartScheduler)
    vTaskSuspendAll                          0x08002891   Thumb Code    16  tasks.o(.text.vTaskSuspendAll)
    vTaskSwitchContext                       0x080028a1   Thumb Code   154  tasks.o(.text.vTaskSwitchContext)
    xPortStartScheduler                      0x0800293d   Thumb Code   218  port.o(.text.xPortStartScheduler)
    xQueueGenericCreateStatic                0x08002a19   Thumb Code   218  queue.o(.text.xQueueGenericCreateStatic)
    xQueueGenericSend                        0x08002af5   Thumb Code   530  queue.o(.text.xQueueGenericSend)
    xQueueReceive                            0x08002d09   Thumb Code   424  queue.o(.text.xQueueReceive)
    xTaskCheckForTimeOut                     0x08002eb1   Thumb Code   142  tasks.o(.text.xTaskCheckForTimeOut)
    xTaskCreate                              0x08002f41   Thumb Code   216  tasks.o(.text.xTaskCreate)
    xTaskCreateStatic                        0x08003019   Thumb Code   222  tasks.o(.text.xTaskCreateStatic)
    xTaskGetSchedulerState                   0x080030f9   Thumb Code    38  tasks.o(.text.xTaskGetSchedulerState)
    xTaskGetTickCount                        0x08003121   Thumb Code    12  tasks.o(.text.xTaskGetTickCount)
    xTaskIncrementTick                       0x0800312d   Thumb Code   366  tasks.o(.text.xTaskIncrementTick)
    xTaskPriorityDisinherit                  0x0800329d   Thumb Code   146  tasks.o(.text.xTaskPriorityDisinherit)
    xTaskRemoveFromEventList                 0x08003331   Thumb Code   142  tasks.o(.text.xTaskRemoveFromEventList)
    xTaskResumeAll                           0x080033c1   Thumb Code   312  tasks.o(.text.xTaskResumeAll)
    xTimerCreateTimerTask                    0x080034f9   Thumb Code   108  timers.o(.text.xTimerCreateTimerTask)
    __scatterload_copy                       0x0800356d   Thumb Code    14  handlers.o(i.__scatterload_copy)
    __scatterload_null                       0x0800357b   Thumb Code     2  handlers.o(i.__scatterload_null)
    __scatterload_zeroinit                   0x0800357d   Thumb Code    14  handlers.o(i.__scatterload_zeroinit)
    AHBPrescTable                            0x0800358a   Data          16  system_stm32f1xx.o(.rodata.AHBPrescTable)
    APBPrescTable                            0x0800359a   Data           8  system_stm32f1xx.o(.rodata.APBPrescTable)
    Region$$Table$$Base                      0x080035b4   Number         0  anon$$obj.o(Region$$Table)
    Region$$Table$$Limit                     0x080035d4   Number         0  anon$$obj.o(Region$$Table)
    SystemCoreClock                          0x20000000   Data           4  system_stm32f1xx.o(.data.SystemCoreClock)
    uwTickFreq                               0x20000004   Data           1  stm32f1xx_hal.o(.data.uwTickFreq)
    uwTickPrio                               0x20000008   Data           4  stm32f1xx_hal.o(.data.uwTickPrio)
    LED_TaskHandle                           0x2000026c   Data           4  app.o(.bss.LED_TaskHandle)
    UART_TaskHandle                          0x200006cc   Data           4  app.o(.bss.UART_TaskHandle)
    hdma_usart1_rx                           0x200006d0   Data          68  usart.o(.bss.hdma_usart1_rx)
    hdma_usart1_tx                           0x20000714   Data          68  usart.o(.bss.hdma_usart1_tx)
    htim1                                    0x20000758   Data          72  stm32f1xx_hal_timebase_tim.o(.bss.htim1)
    huart1                                   0x200007a0   Data          72  usart.o(.bss.huart1)
    pxCurrentTCB                             0x200008dc   Data           4  tasks.o(.bss.pxCurrentTCB)
    uwTick                                   0x2000195c   Data           4  stm32f1xx_hal.o(.bss.uwTick)
    xQueueRegistry                           0x200019f4   Data          64  queue.o(.bss.xQueueRegistry)
    __initial_sp                             0x20001e78   Data           0  startup_stm32f103xb.o(STACK)



==============================================================================

Memory Map of the image

  Image Entry point : 0x080000ed

  Load Region LR_IROM1 (Base: 0x08000000, Size: 0x000035e8, Max: 0x00010000, ABSOLUTE)

    Execution Region ER_IROM1 (Exec base: 0x08000000, Load base: 0x08000000, Size: 0x000035d4, Max: 0x00010000, ABSOLUTE)

    Exec Addr    Load Addr    Size         Type   Attr      Idx    E Section Name        Object

    0x08000000   0x08000000   0x000000ec   Data   RO            3    RESET               startup_stm32f103xb.o
    0x080000ec   0x080000ec   0x00000000   Code   RO         1601  * .ARM.Collect$$$$00000000  mc_w.l(entry.o)
    0x080000ec   0x080000ec   0x00000004   Code   RO         1877    .ARM.Collect$$$$00000001  mc_w.l(entry2.o)
    0x080000f0   0x080000f0   0x00000004   Code   RO         1880    .ARM.Collect$$$$00000004  mc_w.l(entry5.o)
    0x080000f4   0x080000f4   0x00000000   Code   RO         1882    .ARM.Collect$$$$00000008  mc_w.l(entry7b.o)
    0x080000f4   0x080000f4   0x00000000   Code   RO         1884    .ARM.Collect$$$$0000000A  mc_w.l(entry8b.o)
    0x080000f4   0x080000f4   0x00000008   Code   RO         1885    .ARM.Collect$$$$0000000B  mc_w.l(entry9a.o)
    0x080000fc   0x080000fc   0x00000000   Code   RO         1887    .ARM.Collect$$$$0000000D  mc_w.l(entry10a.o)
    0x080000fc   0x080000fc   0x00000000   Code   RO         1889    .ARM.Collect$$$$0000000F  mc_w.l(entry11a.o)
    0x080000fc   0x080000fc   0x00000004   Code   RO         1878    .ARM.Collect$$$$00002712  mc_w.l(entry2.o)
    0x08000100   0x08000100   0x00000024   Code   RO            4    .text               startup_stm32f103xb.o
    0x08000124   0x08000124   0x00000024   Code   RO         1604    .text               mc_w.l(memcpya.o)
    0x08000148   0x08000148   0x00000024   Code   RO         1606    .text               mc_w.l(memseta.o)
    0x0800016c   0x0800016c   0x00000024   Code   RO         1957    .text               mc_w.l(init.o)
    0x08000190   0x08000190   0x00000002   Code   RO           83    .text.BusFault_Handler  stm32f1xx_it.o
    0x08000192   0x08000192   0x00000002   PAD
    0x08000194   0x08000194   0x0000000c   Code   RO           89    .text.DMA1_Channel4_IRQHandler  stm32f1xx_it.o
    0x080001a0   0x080001a0   0x0000000c   Code   RO           91    .text.DMA1_Channel5_IRQHandler  stm32f1xx_it.o
    0x080001ac   0x080001ac   0x00000002   Code   RO           87    .text.DebugMon_Handler  stm32f1xx_it.o
    0x080001ae   0x080001ae   0x00000002   PAD
    0x080001b0   0x080001b0   0x0000000a   Code   RO           15    .text.Error_Handler  main.o
    0x080001ba   0x080001ba   0x00000002   PAD
    0x080001bc   0x080001bc   0x00000040   Code   RO          288    .text.HAL_DMA_Abort  stm32f1xx_hal_dma.o
    0x080001fc   0x080001fc   0x000000ac   Code   RO          290    .text.HAL_DMA_Abort_IT  stm32f1xx_hal_dma.o
    0x080002a8   0x080002a8   0x00000170   Code   RO          294    .text.HAL_DMA_IRQHandler  stm32f1xx_hal_dma.o
    0x08000418   0x08000418   0x00000088   Code   RO          280    .text.HAL_DMA_Init  stm32f1xx_hal_dma.o
    0x080004a0   0x080004a0   0x00000200   Code   RO          256    .text.HAL_GPIO_Init  stm32f1xx_hal_gpio.o
    0x080006a0   0x080006a0   0x0000000a   Code   RO          262    .text.HAL_GPIO_WritePin  stm32f1xx_hal_gpio.o
    0x080006aa   0x080006aa   0x00000002   PAD
    0x080006ac   0x080006ac   0x0000000c   Code   RO          155    .text.HAL_GetTick   stm32f1xx_hal.o
    0x080006b8   0x080006b8   0x0000001a   Code   RO          153    .text.HAL_IncTick   stm32f1xx_hal.o
    0x080006d2   0x080006d2   0x00000002   PAD
    0x080006d4   0x080006d4   0x00000026   Code   RO          143    .text.HAL_Init      stm32f1xx_hal.o
    0x080006fa   0x080006fa   0x00000002   PAD
    0x080006fc   0x080006fc   0x000000a2   Code   RO          114    .text.HAL_InitTick  stm32f1xx_hal_timebase_tim.o
    0x0800079e   0x0800079e   0x00000002   PAD
    0x080007a0   0x080007a0   0x00000050   Code   RO          104    .text.HAL_MspInit   stm32f1xx_hal_msp.o
    0x080007f0   0x080007f0   0x00000100   Code   RO          804    .text.HAL_MultiProcessor_Init  stm32f1xx_hal_uart.o
    0x080008f0   0x080008f0   0x00000020   Code   RO          316    .text.HAL_NVIC_EnableIRQ  stm32f1xx_hal_cortex.o
    0x08000910   0x08000910   0x00000056   Code   RO          314    .text.HAL_NVIC_SetPriority  stm32f1xx_hal_cortex.o
    0x08000966   0x08000966   0x00000002   PAD
    0x08000968   0x08000968   0x00000020   Code   RO          312    .text.HAL_NVIC_SetPriorityGrouping  stm32f1xx_hal_cortex.o
    0x08000988   0x08000988   0x000001ba   Code   RO          208    .text.HAL_RCC_ClockConfig  stm32f1xx_hal_rcc.o
    0x08000b42   0x08000b42   0x00000002   PAD
    0x08000b44   0x08000b44   0x00000042   Code   RO          226    .text.HAL_RCC_GetClockConfig  stm32f1xx_hal_rcc.o
    0x08000b86   0x08000b86   0x00000002   PAD
    0x08000b88   0x08000b88   0x00000026   Code   RO          220    .text.HAL_RCC_GetPCLK1Freq  stm32f1xx_hal_rcc.o
    0x08000bae   0x08000bae   0x00000002   PAD
    0x08000bb0   0x08000bb0   0x00000026   Code   RO          222    .text.HAL_RCC_GetPCLK2Freq  stm32f1xx_hal_rcc.o
    0x08000bd6   0x08000bd6   0x00000002   PAD
    0x08000bd8   0x08000bd8   0x00000330   Code   RO          206    .text.HAL_RCC_OscConfig  stm32f1xx_hal_rcc.o
    0x08000f08   0x08000f08   0x00000002   Code   RO          782    .text.HAL_TIMEx_BreakCallback  stm32f1xx_hal_tim_ex.o
    0x08000f0a   0x08000f0a   0x00000002   PAD
    0x08000f0c   0x08000f0c   0x00000002   Code   RO          778    .text.HAL_TIMEx_CommutCallback  stm32f1xx_hal_tim_ex.o
    0x08000f0e   0x08000f0e   0x00000002   PAD
    0x08000f10   0x08000f10   0x000000d8   Code   RO          477    .text.HAL_TIM_Base_Init  stm32f1xx_hal_tim.o
    0x08000fe8   0x08000fe8   0x00000002   Code   RO          479    .text.HAL_TIM_Base_MspInit  stm32f1xx_hal_tim.o
    0x08000fea   0x08000fea   0x00000002   PAD
    0x08000fec   0x08000fec   0x00000066   Code   RO          491    .text.HAL_TIM_Base_Start_IT  stm32f1xx_hal_tim.o
    0x08001052   0x08001052   0x00000002   PAD
    0x08001054   0x08001054   0x00000002   Code   RO          613    .text.HAL_TIM_IC_CaptureCallback  stm32f1xx_hal_tim.o
    0x08001056   0x08001056   0x00000002   PAD
    0x08001058   0x08001058   0x0000016a   Code   RO          611    .text.HAL_TIM_IRQHandler  stm32f1xx_hal_tim.o
    0x080011c2   0x080011c2   0x00000002   PAD
    0x080011c4   0x080011c4   0x00000002   Code   RO          615    .text.HAL_TIM_OC_DelayElapsedCallback  stm32f1xx_hal_tim.o
    0x080011c6   0x080011c6   0x00000002   PAD
    0x080011c8   0x080011c8   0x00000002   Code   RO          617    .text.HAL_TIM_PWM_PulseFinishedCallback  stm32f1xx_hal_tim.o
    0x080011ca   0x080011ca   0x00000002   PAD
    0x080011cc   0x080011cc   0x00000014   Code   RO           17    .text.HAL_TIM_PeriodElapsedCallback  main.o
    0x080011e0   0x080011e0   0x00000002   Code   RO          621    .text.HAL_TIM_TriggerCallback  stm32f1xx_hal_tim.o
    0x080011e2   0x080011e2   0x00000002   PAD
    0x080011e4   0x080011e4   0x00000002   Code   RO          880    .text.HAL_UARTEx_RxEventCallback  stm32f1xx_hal_uart.o
    0x080011e6   0x080011e6   0x00000002   PAD
    0x080011e8   0x080011e8   0x00000002   Code   RO          878    .text.HAL_UART_ErrorCallback  stm32f1xx_hal_uart.o
    0x080011ea   0x080011ea   0x00000002   PAD
    0x080011ec   0x080011ec   0x0000030a   Code   RO          872    .text.HAL_UART_IRQHandler  stm32f1xx_hal_uart.o
    0x080014f6   0x080014f6   0x00000002   PAD
    0x080014f8   0x080014f8   0x000000fc   Code   RO           62    .text.HAL_UART_MspInit  usart.o
    0x080015f4   0x080015f4   0x00000002   Code   RO          886    .text.HAL_UART_RxCpltCallback  stm32f1xx_hal_uart.o
    0x080015f6   0x080015f6   0x00000002   PAD
    0x080015f8   0x080015f8   0x00000002   Code   RO          882    .text.HAL_UART_TxCpltCallback  stm32f1xx_hal_uart.o
    0x080015fa   0x080015fa   0x00000002   PAD
    0x080015fc   0x080015fc   0x00000002   Code   RO           79    .text.HardFault_Handler  stm32f1xx_it.o
    0x080015fe   0x080015fe   0x00000002   PAD
    0x08001600   0x08001600   0x00000044   Code   RO           51    .text.MX_DMA_Init   dma.o
    0x08001644   0x08001644   0x0000007c   Code   RO           28    .text.MX_GPIO_Init  gpio.o
    0x080016c0   0x080016c0   0x00000040   Code   RO           60    .text.MX_USART1_UART_Init  usart.o
    0x08001700   0x08001700   0x00000002   Code   RO           81    .text.MemManage_Handler  stm32f1xx_it.o
    0x08001702   0x08001702   0x00000002   PAD
    0x08001704   0x08001704   0x00000002   Code   RO           77    .text.NMI_Handler   stm32f1xx_it.o
    0x08001706   0x08001706   0x0000000a   PAD
    0x08001710   0x08001710   0x00000044   Code   RO         1482    .text.PendSV_Handler  port.o
    0x08001754   0x08001754   0x0000000c   PAD
    0x08001760   0x08001760   0x00000024   Code   RO         1468    .text.SVC_Handler   port.o
    0x08001784   0x08001784   0x0000002e   Code   RO         1484    .text.SysTick_Handler  port.o
    0x080017b2   0x080017b2   0x00000002   PAD
    0x080017b4   0x080017b4   0x00000002   Code   RO          916    .text.SystemInit    system_stm32f1xx.o
    0x080017b6   0x080017b6   0x00000002   PAD
    0x080017b8   0x080017b8   0x0000000c   Code   RO           93    .text.TIM1_UP_IRQHandler  stm32f1xx_it.o
    0x080017c4   0x080017c4   0x0000000c   Code   RO          876    .text.UART_DMAAbortOnError  stm32f1xx_hal_uart.o
    0x080017d0   0x080017d0   0x000000c2   Code   RO          874    .text.UART_Receive_IT  stm32f1xx_hal_uart.o
    0x08001892   0x08001892   0x00000002   PAD
    0x08001894   0x08001894   0x0000000c   Code   RO           95    .text.USART1_IRQHandler  stm32f1xx_it.o
    0x080018a0   0x080018a0   0x00000002   Code   RO           85    .text.UsageFault_Handler  stm32f1xx_it.o
    0x080018a2   0x080018a2   0x00000002   PAD
    0x080018a4   0x080018a4   0x00000034   Code   RO         1505    .text.app_main      app.o
    0x080018d8   0x080018d8   0x00000026   Code   RO         1501    .text.led_task      app.o
    0x080018fe   0x080018fe   0x00000002   PAD
    0x08001900   0x08001900   0x0000007e   Code   RO           11    .text.main          main.o
    0x0800197e   0x0800197e   0x00000002   PAD
    0x08001980   0x08001980   0x00000084   Code   RO         1121    .text.prvAddCurrentTaskToDelayedList  tasks.o
    0x08001a04   0x08001a04   0x0000011c   Code   RO         1111    .text.prvAddNewTaskToReadyList  tasks.o
    0x08001b20   0x08001b20   0x0000007c   Code   RO         1244    .text.prvCheckForValidListAndQueue  timers.o
    0x08001b9c   0x08001b9c   0x00000096   Code   RO         1145    .text.prvIdleTask   tasks.o
    0x08001c32   0x08001c32   0x00000002   PAD
    0x08001c34   0x08001c34   0x00000020   Code   RO         1474    .text.prvPortStartFirstTask  port.o
    0x08001c54   0x08001c54   0x000000e6   Code   RO         1276    .text.prvSampleTimeNow  timers.o
    0x08001d3a   0x08001d3a   0x00000002   PAD
    0x08001d3c   0x08001d3c   0x00000032   Code   RO         1466    .text.prvTaskExitError  port.o
    0x08001d6e   0x08001d6e   0x00000002   PAD
    0x08001d70   0x08001d70   0x00000296   Code   RO         1246    .text.prvTimerTask  timers.o
    0x08002006   0x08002006   0x00000002   PAD
    0x08002008   0x08002008   0x00000074   Code   RO         1012    .text.prvUnlockQueue  queue.o
    0x0800207c   0x0800207c   0x000001b8   Code   RO         1440    .text.pvPortMalloc  heap_4.o
    0x08002234   0x08002234   0x00000020   Code   RO         1464    .text.pxPortInitialiseStack  port.o
    0x08002254   0x08002254   0x00000074   Code   RO         1499    .text.start_task    app.o
    0x080022c8   0x080022c8   0x0000000a   Code   RO         1503    .text.uart_task     app.o
    0x080022d2   0x080022d2   0x00000002   PAD
    0x080022d4   0x080022d4   0x00000024   Code   RO          976    .text.uxListRemove  list.o
    0x080022f8   0x080022f8   0x0000001a   Code   RO         1423    .text.vApplicationGetIdleTaskMemory  cmsis_os2.o
    0x08002312   0x08002312   0x00000002   PAD
    0x08002314   0x08002314   0x0000001c   Code   RO         1425    .text.vApplicationGetTimerTaskMemory  cmsis_os2.o
    0x08002330   0x08002330   0x00000016   Code   RO          968    .text.vListInitialise  list.o
    0x08002346   0x08002346   0x00000002   PAD
    0x08002348   0x08002348   0x00000006   Code   RO          970    .text.vListInitialiseItem  list.o
    0x0800234e   0x0800234e   0x00000002   PAD
    0x08002350   0x08002350   0x0000003a   Code   RO          974    .text.vListInsert   list.o
    0x0800238a   0x0800238a   0x00000002   PAD
    0x0800238c   0x0800238c   0x0000001c   Code   RO          972    .text.vListInsertEnd  list.o
    0x080023a8   0x080023a8   0x00000046   Code   RO         1478    .text.vPortEnterCritical  port.o
    0x080023ee   0x080023ee   0x00000002   PAD
    0x080023f0   0x080023f0   0x0000002e   Code   RO         1480    .text.vPortExitCritical  port.o
    0x0800241e   0x0800241e   0x00000002   PAD
    0x08002420   0x08002420   0x000000c4   Code   RO         1442    .text.vPortFree     heap_4.o
    0x080024e4   0x080024e4   0x00000034   Code   RO         1472    .text.vPortSetupTimerInterrupt  port.o
    0x08002518   0x08002518   0x00000028   Code   RO         1046    .text.vQueueAddToRegistry  queue.o
    0x08002540   0x08002540   0x00000046   Code   RO         1050    .text.vQueueWaitForMessageRestricted  queue.o
    0x08002586   0x08002586   0x00000002   PAD
    0x08002588   0x08002588   0x000000a6   Code   RO         1125    .text.vTaskDelay    tasks.o
    0x0800262e   0x0800262e   0x00000002   PAD
    0x08002630   0x08002630   0x00000116   Code   RO         1115    .text.vTaskDelete   tasks.o
    0x08002746   0x08002746   0x00000002   PAD
    0x08002748   0x08002748   0x0000001a   Code   RO         1173    .text.vTaskInternalSetTimeOutState  tasks.o
    0x08002762   0x08002762   0x00000002   PAD
    0x08002764   0x08002764   0x0000000e   Code   RO         1177    .text.vTaskMissedYield  tasks.o
    0x08002772   0x08002772   0x00000002   PAD
    0x08002774   0x08002774   0x00000036   Code   RO         1161    .text.vTaskPlaceOnEventList  tasks.o
    0x080027aa   0x080027aa   0x00000002   PAD
    0x080027ac   0x080027ac   0x0000003e   Code   RO         1165    .text.vTaskPlaceOnEventListRestricted  tasks.o
    0x080027ea   0x080027ea   0x00000002   PAD
    0x080027ec   0x080027ec   0x000000a4   Code   RO         1143    .text.vTaskStartScheduler  tasks.o
    0x08002890   0x08002890   0x00000010   Code   RO         1119    .text.vTaskSuspendAll  tasks.o
    0x080028a0   0x080028a0   0x0000009a   Code   RO         1137    .text.vTaskSwitchContext  tasks.o
    0x0800293a   0x0800293a   0x00000002   PAD
    0x0800293c   0x0800293c   0x000000da   Code   RO         1470    .text.xPortStartScheduler  port.o
    0x08002a16   0x08002a16   0x00000002   PAD
    0x08002a18   0x08002a18   0x000000da   Code   RO          988    .text.xQueueGenericCreateStatic  queue.o
    0x08002af2   0x08002af2   0x00000002   PAD
    0x08002af4   0x08002af4   0x00000212   Code   RO         1002    .text.xQueueGenericSend  queue.o
    0x08002d06   0x08002d06   0x00000002   PAD
    0x08002d08   0x08002d08   0x000001a8   Code   RO         1018    .text.xQueueReceive  queue.o
    0x08002eb0   0x08002eb0   0x0000008e   Code   RO         1175    .text.xTaskCheckForTimeOut  tasks.o
    0x08002f3e   0x08002f3e   0x00000002   PAD
    0x08002f40   0x08002f40   0x000000d8   Code   RO         1113    .text.xTaskCreate   tasks.o
    0x08003018   0x08003018   0x000000de   Code   RO         1109    .text.xTaskCreateStatic  tasks.o
    0x080030f6   0x080030f6   0x00000002   PAD
    0x080030f8   0x080030f8   0x00000026   Code   RO         1189    .text.xTaskGetSchedulerState  tasks.o
    0x0800311e   0x0800311e   0x00000002   PAD
    0x08003120   0x08003120   0x0000000c   Code   RO         1151    .text.xTaskGetTickCount  tasks.o
    0x0800312c   0x0800312c   0x0000016e   Code   RO         1149    .text.xTaskIncrementTick  tasks.o
    0x0800329a   0x0800329a   0x00000002   PAD
    0x0800329c   0x0800329c   0x00000092   Code   RO         1193    .text.xTaskPriorityDisinherit  tasks.o
    0x0800332e   0x0800332e   0x00000002   PAD
    0x08003330   0x08003330   0x0000008e   Code   RO         1167    .text.xTaskRemoveFromEventList  tasks.o
    0x080033be   0x080033be   0x00000002   PAD
    0x080033c0   0x080033c0   0x00000138   Code   RO         1123    .text.xTaskResumeAll  tasks.o
    0x080034f8   0x080034f8   0x00000074   Code   RO         1242    .text.xTimerCreateTimerTask  timers.o
    0x0800356c   0x0800356c   0x0000000e   Code   RO         1973    i.__scatterload_copy  mc_w.l(handlers.o)
    0x0800357a   0x0800357a   0x00000002   Code   RO         1974    i.__scatterload_null  mc_w.l(handlers.o)
    0x0800357c   0x0800357c   0x0000000e   Code   RO         1975    i.__scatterload_zeroinit  mc_w.l(handlers.o)
    0x0800358a   0x0800358a   0x00000010   Data   RO          921    .rodata.AHBPrescTable  system_stm32f1xx.o
    0x0800359a   0x0800359a   0x00000008   Data   RO          922    .rodata.APBPrescTable  system_stm32f1xx.o
    0x080035a2   0x080035a2   0x00000002   Data   RO          233    .rodata.HAL_RCC_GetSysClockFreq.aPredivFactorTable  stm32f1xx_hal_rcc.o
    0x080035a4   0x080035a4   0x00000010   Data   RO          232    .rodata.cst16       stm32f1xx_hal_rcc.o
    0x080035b4   0x080035b4   0x00000020   Data   RO         1972    Region$$Table       anon$$obj.o


    Execution Region RW_IRAM1 (Exec base: 0x20000000, Load base: 0x080035d8, Size: 0x00001e78, Max: 0x00005000, ABSOLUTE)

    Exec Addr    Load Addr    Size         Type   Attr      Idx    E Section Name        Object

    0x20000000   0x080035d8   0x00000004   Data   RW          920    .data.SystemCoreClock  system_stm32f1xx.o
    0x20000004   0x080035dc   0x00000001   Data   RW          194    .data.uwTickFreq    stm32f1xx_hal.o
    0x20000005   0x080035dd   0x00000003   PAD
    0x20000008   0x080035e0   0x00000004   Data   RW          193    .data.uwTickPrio    stm32f1xx_hal.o
    0x2000000c   0x080035e4   0x00000004   Data   RW         1490    .data.uxCriticalNesting  port.o
    0x20000010        -       0x00000200   Zero   RW         1429    .bss.Idle_Stack     cmsis_os2.o
    0x20000210        -       0x0000005c   Zero   RW         1428    .bss.Idle_TCB       cmsis_os2.o
    0x2000026c        -       0x00000004   Zero   RW         1507    .bss.LED_TaskHandle  app.o
    0x20000270        -       0x00000400   Zero   RW         1431    .bss.Timer_Stack    cmsis_os2.o
    0x20000670        -       0x0000005c   Zero   RW         1430    .bss.Timer_TCB      cmsis_os2.o
    0x200006cc        -       0x00000004   Zero   RW         1508    .bss.UART_TaskHandle  app.o
    0x200006d0        -       0x00000044   Zero   RW           68    .bss.hdma_usart1_rx  usart.o
    0x20000714        -       0x00000044   Zero   RW           67    .bss.hdma_usart1_tx  usart.o
    0x20000758        -       0x00000048   Zero   RW          120    .bss.htim1          stm32f1xx_hal_timebase_tim.o
    0x200007a0        -       0x00000048   Zero   RW           66    .bss.huart1         usart.o
    0x200007e8        -       0x000000a0   Zero   RW         1286    .bss.prvCheckForValidListAndQueue.ucStaticTimerQueueStorage  timers.o
    0x20000888        -       0x00000050   Zero   RW         1285    .bss.prvCheckForValidListAndQueue.xStaticTimerQueue  timers.o
    0x200008d8        -       0x00000004   Zero   RW         1282    .bss.prvSampleTimeNow.xLastTime  timers.o
    0x200008dc        -       0x00000004   Zero   RW         1213    .bss.pxCurrentTCB   tasks.o
    0x200008e0        -       0x00000004   Zero   RW         1280    .bss.pxCurrentTimerList  timers.o
    0x200008e4        -       0x00000004   Zero   RW         1221    .bss.pxDelayedTaskList  tasks.o
    0x200008e8        -       0x00000004   Zero   RW         1450    .bss.pxEnd          heap_4.o
    0x200008ec        -       0x00000004   Zero   RW         1222    .bss.pxOverflowDelayedTaskList  tasks.o
    0x200008f0        -       0x00000004   Zero   RW         1281    .bss.pxOverflowTimerList  timers.o
    0x200008f4        -       0x00000460   Zero   RW         1224    .bss.pxReadyTasksLists  tasks.o
    0x20000d54        -       0x00000c00   Zero   RW         1455    .bss.ucHeap         heap_4.o
    0x20001954        -       0x00000001   Zero   RW         1488    .bss.ucMaxSysCallPriority  port.o
    0x20001955   0x080035e8   0x00000003   PAD
    0x20001958        -       0x00000004   Zero   RW         1489    .bss.ulMaxPRIGROUPValue  port.o
    0x2000195c        -       0x00000004   Zero   RW          195    .bss.uwTick         stm32f1xx_hal.o
    0x20001960        -       0x00000004   Zero   RW         1217    .bss.uxCurrentNumberOfTasks  tasks.o
    0x20001964        -       0x00000004   Zero   RW         1216    .bss.uxDeletedTasksWaitingCleanUp  tasks.o
    0x20001968        -       0x00000004   Zero   RW         1230    .bss.uxPendedTicks  tasks.o
    0x2000196c        -       0x00000004   Zero   RW         1219    .bss.uxSchedulerSuspended  tasks.o
    0x20001970        -       0x00000004   Zero   RW         1214    .bss.uxTaskNumber   tasks.o
    0x20001974        -       0x00000004   Zero   RW         1225    .bss.uxTopReadyPriority  tasks.o
    0x20001978        -       0x00000014   Zero   RW         1283    .bss.xActiveTimerList1  timers.o
    0x2000198c        -       0x00000014   Zero   RW         1284    .bss.xActiveTimerList2  timers.o
    0x200019a0        -       0x00000001   Zero   RW         1451    .bss.xBlockAllocatedBit  heap_4.o
    0x200019a1   0x080035e8   0x00000003   PAD
    0x200019a4        -       0x00000014   Zero   RW         1232    .bss.xDelayedTaskList1  tasks.o
    0x200019b8        -       0x00000014   Zero   RW         1233    .bss.xDelayedTaskList2  tasks.o
    0x200019cc        -       0x00000004   Zero   RW         1452    .bss.xFreeBytesRemaining  heap_4.o
    0x200019d0        -       0x00000004   Zero   RW         1227    .bss.xIdleTaskHandle  tasks.o
    0x200019d4        -       0x00000004   Zero   RW         1454    .bss.xMinimumEverFreeBytesRemaining  heap_4.o
    0x200019d8        -       0x00000004   Zero   RW         1228    .bss.xNextTaskUnblockTime  tasks.o
    0x200019dc        -       0x00000004   Zero   RW         1231    .bss.xNumOfOverflows  tasks.o
    0x200019e0        -       0x00000014   Zero   RW         1226    .bss.xPendingReadyList  tasks.o
    0x200019f4        -       0x00000040   Zero   RW         1052    .bss.xQueueRegistry  queue.o
    0x20001a34        -       0x00000004   Zero   RW         1218    .bss.xSchedulerRunning  tasks.o
    0x20001a38        -       0x00000008   Zero   RW         1453    .bss.xStart         heap_4.o
    0x20001a40        -       0x00000014   Zero   RW         1223    .bss.xSuspendedTaskList  tasks.o
    0x20001a54        -       0x00000014   Zero   RW         1215    .bss.xTasksWaitingTermination  tasks.o
    0x20001a68        -       0x00000004   Zero   RW         1220    .bss.xTickCount     tasks.o
    0x20001a6c        -       0x00000004   Zero   RW         1278    .bss.xTimerQueue    timers.o
    0x20001a70        -       0x00000004   Zero   RW         1279    .bss.xTimerTaskHandle  timers.o
    0x20001a74        -       0x00000004   Zero   RW         1229    .bss.xYieldPending  tasks.o
    0x20001a78        -       0x00000400   Zero   RW            1    STACK               startup_stm32f103xb.o


==============================================================================

Image component sizes


      Code (inc. data)   RO Data    RW Data    ZI Data      Debug   Object Name

       216         36          0          0          8       1880   app.o
        54          0          0          0       1720      38479   cmsis_os2.o
        68          0          0          0          0       2148   dma.o
       124          0          0          0          0       1511   gpio.o
       636          0          0          0       3093       4001   heap_4.o
       150          0          0          0          0       2202   list.o
       156          0          0          0          0       4953   main.o
       650         12          0          4          5       3835   port.o
      1398          0          0          0         64      24101   queue.o
        36          8        236          0       1024        776   startup_stm32f103xb.o
        76          0          0          5          4       5724   stm32f1xx_hal.o
       150          0          0          0          0       8468   stm32f1xx_hal_cortex.o
       740          0          0          0          0       7535   stm32f1xx_hal_dma.o
       522         20          0          0          0       4604   stm32f1xx_hal_gpio.o
        80          0          0          0          0       2349   stm32f1xx_hal_msp.o
      1400          0         18          0          0       7584   stm32f1xx_hal_rcc.o
       690          0          0          0          0      54987   stm32f1xx_hal_tim.o
         4          0          0          0          0      21034   stm32f1xx_hal_tim_ex.o
       162          0          0          0         72       5735   stm32f1xx_hal_timebase_tim.o
      1248          0          0          0          0      28095   stm32f1xx_hal_uart.o
        60          0          0          0          0       5474   stm32f1xx_it.o
         2          0         24          4          0       1600   system_stm32f1xx.o
      3096          8          0          0       1280      35947   tasks.o
      1132         16          0          0        300      16028   timers.o
       316          0          0          0        208       5536   usart.o

    ----------------------------------------------------------------------
     13312        112        310         16       7784     294586   Object Totals
         0          0         32          0          0          0   (incl. Generated)
       146         12          0          3          6          0   (incl. Padding)

    ----------------------------------------------------------------------

      Code (inc. data)   RO Data    RW Data    ZI Data      Debug   Library Member Name

         0          0          0          0          0          0   entry.o
         0          0          0          0          0          0   entry10a.o
         0          0          0          0          0          0   entry11a.o
         8          4          0          0          0          0   entry2.o
         4          0          0          0          0          0   entry5.o
         0          0          0          0          0          0   entry7b.o
         0          0          0          0          0          0   entry8b.o
         8          4          0          0          0          0   entry9a.o
        30          0          0          0          0          0   handlers.o
        36          8          0          0          0         68   init.o
        36          0          0          0          0         68   memcpya.o
        36          0          0          0          0        108   memseta.o

    ----------------------------------------------------------------------
       158         16          0          0          0        244   Library Totals
         0          0          0          0          0          0   (incl. Padding)

    ----------------------------------------------------------------------

      Code (inc. data)   RO Data    RW Data    ZI Data      Debug   Library Name

       158         16          0          0          0        244   mc_w.l

    ----------------------------------------------------------------------
       158         16          0          0          0        244   Library Totals

    ----------------------------------------------------------------------

==============================================================================


      Code (inc. data)   RO Data    RW Data    ZI Data      Debug   

     13470        128        310         16       7784     294470   Grand Totals
     13470        128        310         16       7784     294470   ELF Image Totals
     13470        128        310         16          0          0   ROM Totals

==============================================================================

    Total RO  Size (Code + RO Data)                13780 (  13.46kB)
    Total RW  Size (RW Data + ZI Data)              7800 (   7.62kB)
    Total ROM Size (Code + RO Data + RW Data)      13796 (  13.47kB)

==============================================================================

