<!doctype html public "-//w3c//dtd html 4.0 transitional//en">
<html><head>
<title>Static Call Graph - [SimpleProject\SimpleProject.axf]</title></head>
<body><HR>
<H1>Static Call Graph for image SimpleProject\SimpleProject.axf</H1><HR>
<BR><P>#&#060CALLGRAPH&#062# ARM Linker, 6160001: Last Updated: Sat Apr 13 11:35:27 2024
<BR><P>
<H3>Maximum Stack Usage =        264 bytes + Unknown(Cycles, Untraceable Function Pointers)</H3><H3>
Call chain for Maximum Stack Depth:</H3>
prvTimerTask &rArr; prvProcessReceivedCommands &rArr; prvSampleTimeNow &rArr; prvSwitchTimerLists &rArr; xTimerGenericCommand &rArr; xQueueGenericSend &rArr; xTaskResumeAll &rArr; xTaskIncrementTick
<P>
<H3>
Mutually Recursive functions
</H3> <LI><a href="#[1c]">ADC1_2_IRQHandler</a>&nbsp;&nbsp;&nbsp;&rArr;&nbsp;&nbsp;&nbsp;<a href="#[1c]">ADC1_2_IRQHandler</a><BR>
 <LI><a href="#[4]">BusFault_Handler</a>&nbsp;&nbsp;&nbsp;&rArr;&nbsp;&nbsp;&nbsp;<a href="#[4]">BusFault_Handler</a><BR>
 <LI><a href="#[2]">HardFault_Handler</a>&nbsp;&nbsp;&nbsp;&rArr;&nbsp;&nbsp;&nbsp;<a href="#[2]">HardFault_Handler</a><BR>
 <LI><a href="#[3]">MemManage_Handler</a>&nbsp;&nbsp;&nbsp;&rArr;&nbsp;&nbsp;&nbsp;<a href="#[3]">MemManage_Handler</a><BR>
 <LI><a href="#[1]">NMI_Handler</a>&nbsp;&nbsp;&nbsp;&rArr;&nbsp;&nbsp;&nbsp;<a href="#[1]">NMI_Handler</a><BR>
 <LI><a href="#[9f]">_assert_func</a>&nbsp;&nbsp;&nbsp;&rArr;&nbsp;&nbsp;&nbsp;<a href="#[9f]">_assert_func</a><BR>
 <LI><a href="#[88]">UART_EndRxTransfer</a>&nbsp;&nbsp;&nbsp;&rArr;&nbsp;&nbsp;&nbsp;<a href="#[88]">UART_EndRxTransfer</a><BR>
 <LI><a href="#[5]">UsageFault_Handler</a>&nbsp;&nbsp;&nbsp;&rArr;&nbsp;&nbsp;&nbsp;<a href="#[5]">UsageFault_Handler</a><BR>
 <LI><a href="#[3f]">uart_task</a>&nbsp;&nbsp;&nbsp;&rArr;&nbsp;&nbsp;&nbsp;<a href="#[3f]">uart_task</a><BR>
</UL>
<P>
<H3>
Function Pointers
</H3><UL>
 <LI><a href="#[1c]">ADC1_2_IRQHandler</a> from startup_stm32f103xb.o(.text) referenced from startup_stm32f103xb.o(RESET)
 <LI><a href="#[4]">BusFault_Handler</a> from stm32f1xx_it.o(.text.BusFault_Handler) referenced from startup_stm32f103xb.o(RESET)
 <LI><a href="#[1f]">CAN1_RX1_IRQHandler</a> from startup_stm32f103xb.o(.text) referenced from startup_stm32f103xb.o(RESET)
 <LI><a href="#[20]">CAN1_SCE_IRQHandler</a> from startup_stm32f103xb.o(.text) referenced from startup_stm32f103xb.o(RESET)
 <LI><a href="#[15]">DMA1_Channel1_IRQHandler</a> from startup_stm32f103xb.o(.text) referenced from startup_stm32f103xb.o(RESET)
 <LI><a href="#[16]">DMA1_Channel2_IRQHandler</a> from startup_stm32f103xb.o(.text) referenced from startup_stm32f103xb.o(RESET)
 <LI><a href="#[17]">DMA1_Channel3_IRQHandler</a> from startup_stm32f103xb.o(.text) referenced from startup_stm32f103xb.o(RESET)
 <LI><a href="#[18]">DMA1_Channel4_IRQHandler</a> from startup_stm32f103xb.o(.text) referenced from startup_stm32f103xb.o(RESET)
 <LI><a href="#[19]">DMA1_Channel5_IRQHandler</a> from startup_stm32f103xb.o(.text) referenced from startup_stm32f103xb.o(RESET)
 <LI><a href="#[1a]">DMA1_Channel6_IRQHandler</a> from startup_stm32f103xb.o(.text) referenced from startup_stm32f103xb.o(RESET)
 <LI><a href="#[1b]">DMA1_Channel7_IRQHandler</a> from startup_stm32f103xb.o(.text) referenced from startup_stm32f103xb.o(RESET)
 <LI><a href="#[7]">DebugMon_Handler</a> from stm32f1xx_it.o(.text.DebugMon_Handler) referenced from startup_stm32f103xb.o(RESET)
 <LI><a href="#[10]">EXTI0_IRQHandler</a> from startup_stm32f103xb.o(.text) referenced from startup_stm32f103xb.o(RESET)
 <LI><a href="#[32]">EXTI15_10_IRQHandler</a> from startup_stm32f103xb.o(.text) referenced from startup_stm32f103xb.o(RESET)
 <LI><a href="#[11]">EXTI1_IRQHandler</a> from startup_stm32f103xb.o(.text) referenced from startup_stm32f103xb.o(RESET)
 <LI><a href="#[12]">EXTI2_IRQHandler</a> from startup_stm32f103xb.o(.text) referenced from startup_stm32f103xb.o(RESET)
 <LI><a href="#[13]">EXTI3_IRQHandler</a> from startup_stm32f103xb.o(.text) referenced from startup_stm32f103xb.o(RESET)
 <LI><a href="#[14]">EXTI4_IRQHandler</a> from startup_stm32f103xb.o(.text) referenced from startup_stm32f103xb.o(RESET)
 <LI><a href="#[21]">EXTI9_5_IRQHandler</a> from startup_stm32f103xb.o(.text) referenced from startup_stm32f103xb.o(RESET)
 <LI><a href="#[e]">FLASH_IRQHandler</a> from startup_stm32f103xb.o(.text) referenced from startup_stm32f103xb.o(RESET)
 <LI><a href="#[2]">HardFault_Handler</a> from stm32f1xx_it.o(.text.HardFault_Handler) referenced from startup_stm32f103xb.o(RESET)
 <LI><a href="#[2a]">I2C1_ER_IRQHandler</a> from startup_stm32f103xb.o(.text) referenced from startup_stm32f103xb.o(RESET)
 <LI><a href="#[29]">I2C1_EV_IRQHandler</a> from startup_stm32f103xb.o(.text) referenced from startup_stm32f103xb.o(RESET)
 <LI><a href="#[2c]">I2C2_ER_IRQHandler</a> from startup_stm32f103xb.o(.text) referenced from startup_stm32f103xb.o(RESET)
 <LI><a href="#[2b]">I2C2_EV_IRQHandler</a> from startup_stm32f103xb.o(.text) referenced from startup_stm32f103xb.o(RESET)
 <LI><a href="#[3]">MemManage_Handler</a> from stm32f1xx_it.o(.text.MemManage_Handler) referenced from startup_stm32f103xb.o(RESET)
 <LI><a href="#[1]">NMI_Handler</a> from stm32f1xx_it.o(.text.NMI_Handler) referenced from startup_stm32f103xb.o(RESET)
 <LI><a href="#[b]">PVD_IRQHandler</a> from startup_stm32f103xb.o(.text) referenced from startup_stm32f103xb.o(RESET)
 <LI><a href="#[8]">PendSV_Handler</a> from port.o(.text.PendSV_Handler) referenced from startup_stm32f103xb.o(RESET)
 <LI><a href="#[f]">RCC_IRQHandler</a> from startup_stm32f103xb.o(.text) referenced from startup_stm32f103xb.o(RESET)
 <LI><a href="#[33]">RTC_Alarm_IRQHandler</a> from startup_stm32f103xb.o(.text) referenced from startup_stm32f103xb.o(RESET)
 <LI><a href="#[d]">RTC_IRQHandler</a> from startup_stm32f103xb.o(.text) referenced from startup_stm32f103xb.o(RESET)
 <LI><a href="#[0]">Reset_Handler</a> from startup_stm32f103xb.o(.text) referenced from startup_stm32f103xb.o(RESET)
 <LI><a href="#[2d]">SPI1_IRQHandler</a> from startup_stm32f103xb.o(.text) referenced from startup_stm32f103xb.o(RESET)
 <LI><a href="#[2e]">SPI2_IRQHandler</a> from startup_stm32f103xb.o(.text) referenced from startup_stm32f103xb.o(RESET)
 <LI><a href="#[6]">SVC_Handler</a> from port.o(.text.SVC_Handler) referenced from startup_stm32f103xb.o(RESET)
 <LI><a href="#[9]">SysTick_Handler</a> from port.o(.text.SysTick_Handler) referenced from startup_stm32f103xb.o(RESET)
 <LI><a href="#[36]">SystemInit</a> from system_stm32f1xx.o(.text.SystemInit) referenced from startup_stm32f103xb.o(.text)
 <LI><a href="#[c]">TAMPER_IRQHandler</a> from startup_stm32f103xb.o(.text) referenced from startup_stm32f103xb.o(RESET)
 <LI><a href="#[22]">TIM1_BRK_IRQHandler</a> from startup_stm32f103xb.o(.text) referenced from startup_stm32f103xb.o(RESET)
 <LI><a href="#[25]">TIM1_CC_IRQHandler</a> from startup_stm32f103xb.o(.text) referenced from startup_stm32f103xb.o(RESET)
 <LI><a href="#[24]">TIM1_TRG_COM_IRQHandler</a> from startup_stm32f103xb.o(.text) referenced from startup_stm32f103xb.o(RESET)
 <LI><a href="#[23]">TIM1_UP_IRQHandler</a> from stm32f1xx_it.o(.text.TIM1_UP_IRQHandler) referenced from startup_stm32f103xb.o(RESET)
 <LI><a href="#[26]">TIM2_IRQHandler</a> from startup_stm32f103xb.o(.text) referenced from startup_stm32f103xb.o(RESET)
 <LI><a href="#[27]">TIM3_IRQHandler</a> from startup_stm32f103xb.o(.text) referenced from startup_stm32f103xb.o(RESET)
 <LI><a href="#[28]">TIM4_IRQHandler</a> from startup_stm32f103xb.o(.text) referenced from startup_stm32f103xb.o(RESET)
 <LI><a href="#[38]">UART_DMAAbortOnError</a> from stm32f1xx_hal_uart.o(.text.UART_DMAAbortOnError) referenced 2 times from stm32f1xx_hal_uart.o(.text.HAL_UART_IRQHandler)
 <LI><a href="#[2f]">USART1_IRQHandler</a> from stm32f1xx_it.o(.text.USART1_IRQHandler) referenced from startup_stm32f103xb.o(RESET)
 <LI><a href="#[30]">USART2_IRQHandler</a> from startup_stm32f103xb.o(.text) referenced from startup_stm32f103xb.o(RESET)
 <LI><a href="#[31]">USART3_IRQHandler</a> from startup_stm32f103xb.o(.text) referenced from startup_stm32f103xb.o(RESET)
 <LI><a href="#[34]">USBWakeUp_IRQHandler</a> from startup_stm32f103xb.o(.text) referenced from startup_stm32f103xb.o(RESET)
 <LI><a href="#[1d]">USB_HP_CAN1_TX_IRQHandler</a> from startup_stm32f103xb.o(.text) referenced from startup_stm32f103xb.o(RESET)
 <LI><a href="#[1e]">USB_LP_CAN1_RX0_IRQHandler</a> from startup_stm32f103xb.o(.text) referenced from startup_stm32f103xb.o(RESET)
 <LI><a href="#[5]">UsageFault_Handler</a> from stm32f1xx_it.o(.text.UsageFault_Handler) referenced from startup_stm32f103xb.o(RESET)
 <LI><a href="#[a]">WWDG_IRQHandler</a> from startup_stm32f103xb.o(.text) referenced from startup_stm32f103xb.o(RESET)
 <LI><a href="#[37]">__main</a> from entry.o(.ARM.Collect$$$$00000000) referenced from startup_stm32f103xb.o(.text)
 <LI><a href="#[3c]">debug_uart_recv</a> from debug_uart.o(.text.debug_uart_recv) referenced 2 times from shell_port.o(.text.shell_uart_init)
 <LI><a href="#[3d]">debug_uart_send</a> from debug_uart.o(.text.debug_uart_send) referenced 2 times from shell_port.o(.text.shell_uart_init)
 <LI><a href="#[3e]">led_task</a> from app.o(.text.led_task) referenced 2 times from app.o(.text.start_task)
 <LI><a href="#[35]">main</a> from main.o(.text.main) referenced from entry9a.o(.ARM.Collect$$$$0000000B)
 <LI><a href="#[42]">module_null_init</a> from export.o(.text.module_null_init) referenced from export.o(init_export)
 <LI><a href="#[40]">prvIdleTask</a> from tasks.o(.text.prvIdleTask) referenced 2 times from tasks.o(.text.vTaskStartScheduler)
 <LI><a href="#[3a]">prvTaskExitError</a> from port.o(.text.prvTaskExitError) referenced 2 times from port.o(.text.pxPortInitialiseStack)
 <LI><a href="#[41]">prvTimerTask</a> from timers.o(.text.prvTimerTask) referenced 2 times from timers.o(.text.xTimerCreateTimerTask)
 <LI><a href="#[4a]">shellBackspace</a> from shell.o(.text.shellBackspace) referenced 2 times from shell.o(shellCommand)
 <LI><a href="#[52]">shellClear</a> from shell.o(.text.shellClear) referenced from shell.o(shellCommand)
 <LI><a href="#[4f]">shellCmds</a> from shell.o(.text.shellCmds) referenced from shell.o(shellCommand)
 <LI><a href="#[4b]">shellDelete</a> from shell.o(.text.shellDelete) referenced from shell.o(shellCommand)
 <LI><a href="#[46]">shellDown</a> from shell.o(.text.shellDown) referenced from shell.o(shellCommand)
 <LI><a href="#[4c]">shellEnter</a> from shell.o(.text.shellEnter) referenced 2 times from shell.o(shellCommand)
 <LI><a href="#[4d]">shellHelp</a> from shell.o(.text.shellHelp) referenced from shell.o(shellCommand)
 <LI><a href="#[51]">shellKeys</a> from shell.o(.text.shellKeys) referenced from shell.o(shellCommand)
 <LI><a href="#[48]">shellLeft</a> from shell.o(.text.shellLeft) referenced from shell.o(shellCommand)
 <LI><a href="#[47]">shellRight</a> from shell.o(.text.shellRight) referenced from shell.o(shellCommand)
 <LI><a href="#[44]">shellSetVar</a> from shell.o(.text.shellSetVar) referenced from shell.o(shellCommand)
 <LI><a href="#[49]">shellTab</a> from shell.o(.text.shellTab) referenced from shell.o(shellCommand)
 <LI><a href="#[45]">shellUp</a> from shell.o(.text.shellUp) referenced from shell.o(shellCommand)
 <LI><a href="#[4e]">shellUsers</a> from shell.o(.text.shellUsers) referenced from shell.o(shellCommand)
 <LI><a href="#[50]">shellVars</a> from shell.o(.text.shellVars) referenced from shell.o(shellCommand)
 <LI><a href="#[3b]">shell_task</a> from shell_port.o(.text.shell_task) referenced 2 times from shell_port.o(.text.shell_create_task)
 <LI><a href="#[43]">shell_uart_init</a> from shell_port.o(.text.shell_uart_init) referenced from shell_port.o(init_export)
 <LI><a href="#[39]">start_task</a> from app.o(.text.start_task) referenced 2 times from app.o(.text.app_main)
 <LI><a href="#[3f]">uart_task</a> from app.o(.text.uart_task) referenced 2 times from app.o(.text.start_task)
</UL>
<P>
<H3>
Global Symbols
</H3>
<P><STRONG><a name="[37]"></a>__main</STRONG> (Thumb, 0 bytes, Stack size unknown bytes, entry.o(.ARM.Collect$$$$00000000))
<BR>[Address Reference Count : 1]<UL><LI> startup_stm32f103xb.o(.text)
</UL>
<P><STRONG><a name="[11f]"></a>_main_stk</STRONG> (Thumb, 0 bytes, Stack size unknown bytes, entry2.o(.ARM.Collect$$$$00000001))

<P><STRONG><a name="[53]"></a>_main_scatterload</STRONG> (Thumb, 0 bytes, Stack size unknown bytes, entry5.o(.ARM.Collect$$$$00000004))
<BR><BR>[Calls]<UL><LI><a href="#[54]">&gt;&gt;</a>&nbsp;&nbsp;&nbsp;__scatterload
</UL>

<P><STRONG><a name="[5d]"></a>__main_after_scatterload</STRONG> (Thumb, 0 bytes, Stack size unknown bytes, entry5.o(.ARM.Collect$$$$00000004))
<BR><BR>[Called By]<UL><LI><a href="#[54]">&gt;&gt;</a>&nbsp;&nbsp;&nbsp;__scatterload
</UL>

<P><STRONG><a name="[120]"></a>_main_clock</STRONG> (Thumb, 0 bytes, Stack size unknown bytes, entry7b.o(.ARM.Collect$$$$00000008))

<P><STRONG><a name="[121]"></a>_main_cpp_init</STRONG> (Thumb, 0 bytes, Stack size unknown bytes, entry8b.o(.ARM.Collect$$$$0000000A))

<P><STRONG><a name="[122]"></a>_main_init</STRONG> (Thumb, 0 bytes, Stack size unknown bytes, entry9a.o(.ARM.Collect$$$$0000000B))

<P><STRONG><a name="[123]"></a>__rt_final_cpp</STRONG> (Thumb, 0 bytes, Stack size unknown bytes, entry10a.o(.ARM.Collect$$$$0000000D))

<P><STRONG><a name="[124]"></a>__rt_final_exit</STRONG> (Thumb, 0 bytes, Stack size unknown bytes, entry11a.o(.ARM.Collect$$$$0000000F))

<P><STRONG><a name="[0]"></a>Reset_Handler</STRONG> (Thumb, 8 bytes, Stack size 0 bytes, startup_stm32f103xb.o(.text))
<BR>[Address Reference Count : 1]<UL><LI> startup_stm32f103xb.o(RESET)
</UL>
<P><STRONG><a name="[1c]"></a>ADC1_2_IRQHandler</STRONG> (Thumb, 0 bytes, Stack size 0 bytes, startup_stm32f103xb.o(.text))
<BR><BR>[Calls]<UL><LI><a href="#[1c]">&gt;&gt;</a>&nbsp;&nbsp;&nbsp;ADC1_2_IRQHandler
</UL>
<BR>[Called By]<UL><LI><a href="#[1c]">&gt;&gt;</a>&nbsp;&nbsp;&nbsp;ADC1_2_IRQHandler
</UL>
<BR>[Address Reference Count : 1]<UL><LI> startup_stm32f103xb.o(RESET)
</UL>
<P><STRONG><a name="[1f]"></a>CAN1_RX1_IRQHandler</STRONG> (Thumb, 0 bytes, Stack size 0 bytes, startup_stm32f103xb.o(.text))
<BR>[Address Reference Count : 1]<UL><LI> startup_stm32f103xb.o(RESET)
</UL>
<P><STRONG><a name="[20]"></a>CAN1_SCE_IRQHandler</STRONG> (Thumb, 0 bytes, Stack size 0 bytes, startup_stm32f103xb.o(.text))
<BR>[Address Reference Count : 1]<UL><LI> startup_stm32f103xb.o(RESET)
</UL>
<P><STRONG><a name="[15]"></a>DMA1_Channel1_IRQHandler</STRONG> (Thumb, 0 bytes, Stack size 0 bytes, startup_stm32f103xb.o(.text))
<BR>[Address Reference Count : 1]<UL><LI> startup_stm32f103xb.o(RESET)
</UL>
<P><STRONG><a name="[16]"></a>DMA1_Channel2_IRQHandler</STRONG> (Thumb, 0 bytes, Stack size 0 bytes, startup_stm32f103xb.o(.text))
<BR>[Address Reference Count : 1]<UL><LI> startup_stm32f103xb.o(RESET)
</UL>
<P><STRONG><a name="[17]"></a>DMA1_Channel3_IRQHandler</STRONG> (Thumb, 0 bytes, Stack size 0 bytes, startup_stm32f103xb.o(.text))
<BR>[Address Reference Count : 1]<UL><LI> startup_stm32f103xb.o(RESET)
</UL>
<P><STRONG><a name="[18]"></a>DMA1_Channel4_IRQHandler</STRONG> (Thumb, 0 bytes, Stack size 0 bytes, startup_stm32f103xb.o(.text))
<BR>[Address Reference Count : 1]<UL><LI> startup_stm32f103xb.o(RESET)
</UL>
<P><STRONG><a name="[19]"></a>DMA1_Channel5_IRQHandler</STRONG> (Thumb, 0 bytes, Stack size 0 bytes, startup_stm32f103xb.o(.text))
<BR>[Address Reference Count : 1]<UL><LI> startup_stm32f103xb.o(RESET)
</UL>
<P><STRONG><a name="[1a]"></a>DMA1_Channel6_IRQHandler</STRONG> (Thumb, 0 bytes, Stack size 0 bytes, startup_stm32f103xb.o(.text))
<BR>[Address Reference Count : 1]<UL><LI> startup_stm32f103xb.o(RESET)
</UL>
<P><STRONG><a name="[1b]"></a>DMA1_Channel7_IRQHandler</STRONG> (Thumb, 0 bytes, Stack size 0 bytes, startup_stm32f103xb.o(.text))
<BR>[Address Reference Count : 1]<UL><LI> startup_stm32f103xb.o(RESET)
</UL>
<P><STRONG><a name="[10]"></a>EXTI0_IRQHandler</STRONG> (Thumb, 0 bytes, Stack size 0 bytes, startup_stm32f103xb.o(.text))
<BR>[Address Reference Count : 1]<UL><LI> startup_stm32f103xb.o(RESET)
</UL>
<P><STRONG><a name="[32]"></a>EXTI15_10_IRQHandler</STRONG> (Thumb, 0 bytes, Stack size 0 bytes, startup_stm32f103xb.o(.text))
<BR>[Address Reference Count : 1]<UL><LI> startup_stm32f103xb.o(RESET)
</UL>
<P><STRONG><a name="[11]"></a>EXTI1_IRQHandler</STRONG> (Thumb, 0 bytes, Stack size 0 bytes, startup_stm32f103xb.o(.text))
<BR>[Address Reference Count : 1]<UL><LI> startup_stm32f103xb.o(RESET)
</UL>
<P><STRONG><a name="[12]"></a>EXTI2_IRQHandler</STRONG> (Thumb, 0 bytes, Stack size 0 bytes, startup_stm32f103xb.o(.text))
<BR>[Address Reference Count : 1]<UL><LI> startup_stm32f103xb.o(RESET)
</UL>
<P><STRONG><a name="[13]"></a>EXTI3_IRQHandler</STRONG> (Thumb, 0 bytes, Stack size 0 bytes, startup_stm32f103xb.o(.text))
<BR>[Address Reference Count : 1]<UL><LI> startup_stm32f103xb.o(RESET)
</UL>
<P><STRONG><a name="[14]"></a>EXTI4_IRQHandler</STRONG> (Thumb, 0 bytes, Stack size 0 bytes, startup_stm32f103xb.o(.text))
<BR>[Address Reference Count : 1]<UL><LI> startup_stm32f103xb.o(RESET)
</UL>
<P><STRONG><a name="[21]"></a>EXTI9_5_IRQHandler</STRONG> (Thumb, 0 bytes, Stack size 0 bytes, startup_stm32f103xb.o(.text))
<BR>[Address Reference Count : 1]<UL><LI> startup_stm32f103xb.o(RESET)
</UL>
<P><STRONG><a name="[e]"></a>FLASH_IRQHandler</STRONG> (Thumb, 0 bytes, Stack size 0 bytes, startup_stm32f103xb.o(.text))
<BR>[Address Reference Count : 1]<UL><LI> startup_stm32f103xb.o(RESET)
</UL>
<P><STRONG><a name="[2a]"></a>I2C1_ER_IRQHandler</STRONG> (Thumb, 0 bytes, Stack size 0 bytes, startup_stm32f103xb.o(.text))
<BR>[Address Reference Count : 1]<UL><LI> startup_stm32f103xb.o(RESET)
</UL>
<P><STRONG><a name="[29]"></a>I2C1_EV_IRQHandler</STRONG> (Thumb, 0 bytes, Stack size 0 bytes, startup_stm32f103xb.o(.text))
<BR>[Address Reference Count : 1]<UL><LI> startup_stm32f103xb.o(RESET)
</UL>
<P><STRONG><a name="[2c]"></a>I2C2_ER_IRQHandler</STRONG> (Thumb, 0 bytes, Stack size 0 bytes, startup_stm32f103xb.o(.text))
<BR>[Address Reference Count : 1]<UL><LI> startup_stm32f103xb.o(RESET)
</UL>
<P><STRONG><a name="[2b]"></a>I2C2_EV_IRQHandler</STRONG> (Thumb, 0 bytes, Stack size 0 bytes, startup_stm32f103xb.o(.text))
<BR>[Address Reference Count : 1]<UL><LI> startup_stm32f103xb.o(RESET)
</UL>
<P><STRONG><a name="[b]"></a>PVD_IRQHandler</STRONG> (Thumb, 0 bytes, Stack size 0 bytes, startup_stm32f103xb.o(.text))
<BR>[Address Reference Count : 1]<UL><LI> startup_stm32f103xb.o(RESET)
</UL>
<P><STRONG><a name="[f]"></a>RCC_IRQHandler</STRONG> (Thumb, 0 bytes, Stack size 0 bytes, startup_stm32f103xb.o(.text))
<BR>[Address Reference Count : 1]<UL><LI> startup_stm32f103xb.o(RESET)
</UL>
<P><STRONG><a name="[33]"></a>RTC_Alarm_IRQHandler</STRONG> (Thumb, 0 bytes, Stack size 0 bytes, startup_stm32f103xb.o(.text))
<BR>[Address Reference Count : 1]<UL><LI> startup_stm32f103xb.o(RESET)
</UL>
<P><STRONG><a name="[d]"></a>RTC_IRQHandler</STRONG> (Thumb, 0 bytes, Stack size 0 bytes, startup_stm32f103xb.o(.text))
<BR>[Address Reference Count : 1]<UL><LI> startup_stm32f103xb.o(RESET)
</UL>
<P><STRONG><a name="[2d]"></a>SPI1_IRQHandler</STRONG> (Thumb, 0 bytes, Stack size 0 bytes, startup_stm32f103xb.o(.text))
<BR>[Address Reference Count : 1]<UL><LI> startup_stm32f103xb.o(RESET)
</UL>
<P><STRONG><a name="[2e]"></a>SPI2_IRQHandler</STRONG> (Thumb, 0 bytes, Stack size 0 bytes, startup_stm32f103xb.o(.text))
<BR>[Address Reference Count : 1]<UL><LI> startup_stm32f103xb.o(RESET)
</UL>
<P><STRONG><a name="[c]"></a>TAMPER_IRQHandler</STRONG> (Thumb, 0 bytes, Stack size 0 bytes, startup_stm32f103xb.o(.text))
<BR>[Address Reference Count : 1]<UL><LI> startup_stm32f103xb.o(RESET)
</UL>
<P><STRONG><a name="[22]"></a>TIM1_BRK_IRQHandler</STRONG> (Thumb, 0 bytes, Stack size 0 bytes, startup_stm32f103xb.o(.text))
<BR>[Address Reference Count : 1]<UL><LI> startup_stm32f103xb.o(RESET)
</UL>
<P><STRONG><a name="[25]"></a>TIM1_CC_IRQHandler</STRONG> (Thumb, 0 bytes, Stack size 0 bytes, startup_stm32f103xb.o(.text))
<BR>[Address Reference Count : 1]<UL><LI> startup_stm32f103xb.o(RESET)
</UL>
<P><STRONG><a name="[24]"></a>TIM1_TRG_COM_IRQHandler</STRONG> (Thumb, 0 bytes, Stack size 0 bytes, startup_stm32f103xb.o(.text))
<BR>[Address Reference Count : 1]<UL><LI> startup_stm32f103xb.o(RESET)
</UL>
<P><STRONG><a name="[26]"></a>TIM2_IRQHandler</STRONG> (Thumb, 0 bytes, Stack size 0 bytes, startup_stm32f103xb.o(.text))
<BR>[Address Reference Count : 1]<UL><LI> startup_stm32f103xb.o(RESET)
</UL>
<P><STRONG><a name="[27]"></a>TIM3_IRQHandler</STRONG> (Thumb, 0 bytes, Stack size 0 bytes, startup_stm32f103xb.o(.text))
<BR>[Address Reference Count : 1]<UL><LI> startup_stm32f103xb.o(RESET)
</UL>
<P><STRONG><a name="[28]"></a>TIM4_IRQHandler</STRONG> (Thumb, 0 bytes, Stack size 0 bytes, startup_stm32f103xb.o(.text))
<BR>[Address Reference Count : 1]<UL><LI> startup_stm32f103xb.o(RESET)
</UL>
<P><STRONG><a name="[30]"></a>USART2_IRQHandler</STRONG> (Thumb, 0 bytes, Stack size 0 bytes, startup_stm32f103xb.o(.text))
<BR>[Address Reference Count : 1]<UL><LI> startup_stm32f103xb.o(RESET)
</UL>
<P><STRONG><a name="[31]"></a>USART3_IRQHandler</STRONG> (Thumb, 0 bytes, Stack size 0 bytes, startup_stm32f103xb.o(.text))
<BR>[Address Reference Count : 1]<UL><LI> startup_stm32f103xb.o(RESET)
</UL>
<P><STRONG><a name="[34]"></a>USBWakeUp_IRQHandler</STRONG> (Thumb, 0 bytes, Stack size 0 bytes, startup_stm32f103xb.o(.text))
<BR>[Address Reference Count : 1]<UL><LI> startup_stm32f103xb.o(RESET)
</UL>
<P><STRONG><a name="[1d]"></a>USB_HP_CAN1_TX_IRQHandler</STRONG> (Thumb, 0 bytes, Stack size 0 bytes, startup_stm32f103xb.o(.text))
<BR>[Address Reference Count : 1]<UL><LI> startup_stm32f103xb.o(RESET)
</UL>
<P><STRONG><a name="[1e]"></a>USB_LP_CAN1_RX0_IRQHandler</STRONG> (Thumb, 0 bytes, Stack size 0 bytes, startup_stm32f103xb.o(.text))
<BR>[Address Reference Count : 1]<UL><LI> startup_stm32f103xb.o(RESET)
</UL>
<P><STRONG><a name="[a]"></a>WWDG_IRQHandler</STRONG> (Thumb, 0 bytes, Stack size 0 bytes, startup_stm32f103xb.o(.text))
<BR>[Address Reference Count : 1]<UL><LI> startup_stm32f103xb.o(RESET)
</UL>
<P><STRONG><a name="[b9]"></a>__aeabi_memcpy</STRONG> (Thumb, 36 bytes, Stack size 0 bytes, memcpya.o(.text))
<BR><BR>[Called By]<UL><LI><a href="#[ba]">&gt;&gt;</a>&nbsp;&nbsp;&nbsp;prvCopyDataToQueue
<LI><a href="#[b8]">&gt;&gt;</a>&nbsp;&nbsp;&nbsp;prvCopyDataFromQueue
</UL>

<P><STRONG><a name="[125]"></a>__aeabi_memcpy4</STRONG> (Thumb, 0 bytes, Stack size 0 bytes, memcpya.o(.text), UNUSED)

<P><STRONG><a name="[126]"></a>__aeabi_memcpy8</STRONG> (Thumb, 0 bytes, Stack size 0 bytes, memcpya.o(.text), UNUSED)

<P><STRONG><a name="[56]"></a>__aeabi_memset</STRONG> (Thumb, 14 bytes, Stack size 0 bytes, memseta.o(.text), UNUSED)
<BR><BR>[Called By]<UL><LI><a href="#[57]">&gt;&gt;</a>&nbsp;&nbsp;&nbsp;_memset$wrapper
<LI><a href="#[55]">&gt;&gt;</a>&nbsp;&nbsp;&nbsp;__aeabi_memclr
</UL>

<P><STRONG><a name="[c0]"></a>__aeabi_memset4</STRONG> (Thumb, 0 bytes, Stack size 0 bytes, memseta.o(.text))
<BR><BR>[Called By]<UL><LI><a href="#[bf]">&gt;&gt;</a>&nbsp;&nbsp;&nbsp;prvInitialiseNewTask
</UL>

<P><STRONG><a name="[127]"></a>__aeabi_memset8</STRONG> (Thumb, 0 bytes, Stack size 0 bytes, memseta.o(.text), UNUSED)

<P><STRONG><a name="[55]"></a>__aeabi_memclr</STRONG> (Thumb, 4 bytes, Stack size 0 bytes, memseta.o(.text), UNUSED)
<BR><BR>[Calls]<UL><LI><a href="#[56]">&gt;&gt;</a>&nbsp;&nbsp;&nbsp;__aeabi_memset
</UL>

<P><STRONG><a name="[9d]"></a>__aeabi_memclr4</STRONG> (Thumb, 0 bytes, Stack size 0 bytes, memseta.o(.text))
<BR><BR>[Called By]<UL><LI><a href="#[9c]">&gt;&gt;</a>&nbsp;&nbsp;&nbsp;SystemClock_Config
<LI><a href="#[104]">&gt;&gt;</a>&nbsp;&nbsp;&nbsp;shellSplit
</UL>

<P><STRONG><a name="[128]"></a>__aeabi_memclr8</STRONG> (Thumb, 0 bytes, Stack size 0 bytes, memseta.o(.text), UNUSED)

<P><STRONG><a name="[57]"></a>_memset$wrapper</STRONG> (Thumb, 18 bytes, Stack size 8 bytes, memseta.o(.text), UNUSED)
<BR><BR>[Calls]<UL><LI><a href="#[56]">&gt;&gt;</a>&nbsp;&nbsp;&nbsp;__aeabi_memset
</UL>

<P><STRONG><a name="[106]"></a>strlen</STRONG> (Thumb, 14 bytes, Stack size 0 bytes, strlen.o(.text))
<BR><BR>[Called By]<UL><LI><a href="#[105]">&gt;&gt;</a>&nbsp;&nbsp;&nbsp;shellRemoveParamQuotes
</UL>

<P><STRONG><a name="[da]"></a>strcmp</STRONG> (Thumb, 28 bytes, Stack size 8 bytes, strcmp.o(.text))
<BR><BR>[Stack]<UL><LI>Max Depth = 8<LI>Call Chain = strcmp
</UL>
<BR>[Called By]<UL><LI><a href="#[e4]">&gt;&gt;</a>&nbsp;&nbsp;&nbsp;shellHistoryAdd
<LI><a href="#[d9]">&gt;&gt;</a>&nbsp;&nbsp;&nbsp;shellCheckPassword
<LI><a href="#[fc]">&gt;&gt;</a>&nbsp;&nbsp;&nbsp;shellSetUser
<LI><a href="#[e6]">&gt;&gt;</a>&nbsp;&nbsp;&nbsp;shellSeekCommand
</UL>

<P><STRONG><a name="[109]"></a>strncmp</STRONG> (Thumb, 30 bytes, Stack size 12 bytes, strncmp.o(.text))
<BR><BR>[Stack]<UL><LI>Max Depth = 12<LI>Call Chain = strncmp
</UL>
<BR>[Called By]<UL><LI><a href="#[e6]">&gt;&gt;</a>&nbsp;&nbsp;&nbsp;shellSeekCommand
</UL>

<P><STRONG><a name="[eb]"></a>__aeabi_fmul</STRONG> (Thumb, 100 bytes, Stack size 8 bytes, fmul.o(.text))
<BR><BR>[Stack]<UL><LI>Max Depth = 8<LI>Call Chain = __aeabi_fmul
</UL>
<BR>[Called By]<UL><LI><a href="#[e8]">&gt;&gt;</a>&nbsp;&nbsp;&nbsp;shellExtParseNumber
</UL>

<P><STRONG><a name="[58]"></a>__aeabi_fdiv</STRONG> (Thumb, 124 bytes, Stack size 8 bytes, fdiv.o(.text))
<BR><BR>[Stack]<UL><LI>Max Depth = 8<LI>Call Chain = __aeabi_fdiv
</UL>
<BR>[Calls]<UL><LI><a href="#[59]">&gt;&gt;</a>&nbsp;&nbsp;&nbsp;_float_round
</UL>
<BR>[Called By]<UL><LI><a href="#[e8]">&gt;&gt;</a>&nbsp;&nbsp;&nbsp;shellExtParseNumber
</UL>

<P><STRONG><a name="[5a]"></a>__aeabi_i2f</STRONG> (Thumb, 18 bytes, Stack size 0 bytes, fflti.o(.text))
<BR><BR>[Stack]<UL><LI>Max Depth = 4<LI>Call Chain = __aeabi_i2f &rArr; _float_epilogue
</UL>
<BR>[Calls]<UL><LI><a href="#[5b]">&gt;&gt;</a>&nbsp;&nbsp;&nbsp;_float_epilogue
</UL>
<BR>[Called By]<UL><LI><a href="#[e8]">&gt;&gt;</a>&nbsp;&nbsp;&nbsp;shellExtParseNumber
</UL>

<P><STRONG><a name="[5c]"></a>__aeabi_ui2f</STRONG> (Thumb, 10 bytes, Stack size 0 bytes, ffltui.o(.text))
<BR><BR>[Stack]<UL><LI>Max Depth = 4<LI>Call Chain = __aeabi_ui2f &rArr; _float_epilogue
</UL>
<BR>[Calls]<UL><LI><a href="#[5b]">&gt;&gt;</a>&nbsp;&nbsp;&nbsp;_float_epilogue
</UL>
<BR>[Called By]<UL><LI><a href="#[e8]">&gt;&gt;</a>&nbsp;&nbsp;&nbsp;shellExtParseNumber
</UL>

<P><STRONG><a name="[129]"></a>__I$use$fp</STRONG> (Thumb, 0 bytes, Stack size 0 bytes, iusefp.o(.text), UNUSED)

<P><STRONG><a name="[59]"></a>_float_round</STRONG> (Thumb, 18 bytes, Stack size 0 bytes, fepilogue.o(.text))
<BR><BR>[Called By]<UL><LI><a href="#[58]">&gt;&gt;</a>&nbsp;&nbsp;&nbsp;__aeabi_fdiv
</UL>

<P><STRONG><a name="[5b]"></a>_float_epilogue</STRONG> (Thumb, 92 bytes, Stack size 4 bytes, fepilogue.o(.text))
<BR><BR>[Stack]<UL><LI>Max Depth = 4<LI>Call Chain = _float_epilogue
</UL>
<BR>[Called By]<UL><LI><a href="#[5c]">&gt;&gt;</a>&nbsp;&nbsp;&nbsp;__aeabi_ui2f
<LI><a href="#[5a]">&gt;&gt;</a>&nbsp;&nbsp;&nbsp;__aeabi_i2f
</UL>

<P><STRONG><a name="[54]"></a>__scatterload</STRONG> (Thumb, 28 bytes, Stack size 0 bytes, init.o(.text))
<BR><BR>[Calls]<UL><LI><a href="#[5d]">&gt;&gt;</a>&nbsp;&nbsp;&nbsp;__main_after_scatterload
</UL>
<BR>[Called By]<UL><LI><a href="#[53]">&gt;&gt;</a>&nbsp;&nbsp;&nbsp;_main_scatterload
</UL>

<P><STRONG><a name="[12a]"></a>__scatterload_rt2</STRONG> (Thumb, 0 bytes, Stack size 0 bytes, init.o(.text), UNUSED)

<P><STRONG><a name="[4]"></a>BusFault_Handler</STRONG> (Thumb, 2 bytes, Stack size 0 bytes, stm32f1xx_it.o(.text.BusFault_Handler))
<BR><BR>[Calls]<UL><LI><a href="#[4]">&gt;&gt;</a>&nbsp;&nbsp;&nbsp;BusFault_Handler
</UL>
<BR>[Called By]<UL><LI><a href="#[4]">&gt;&gt;</a>&nbsp;&nbsp;&nbsp;BusFault_Handler
</UL>
<BR>[Address Reference Count : 1]<UL><LI> startup_stm32f103xb.o(RESET)
</UL>
<P><STRONG><a name="[7]"></a>DebugMon_Handler</STRONG> (Thumb, 2 bytes, Stack size 0 bytes, stm32f1xx_it.o(.text.DebugMon_Handler))
<BR>[Address Reference Count : 1]<UL><LI> startup_stm32f103xb.o(RESET)
</UL>
<P><STRONG><a name="[99]"></a>Error_Handler</STRONG> (Thumb, 10 bytes, Stack size 0 bytes, main.o(.text.Error_Handler))
<BR><BR>[Called By]<UL><LI><a href="#[9c]">&gt;&gt;</a>&nbsp;&nbsp;&nbsp;SystemClock_Config
<LI><a href="#[98]">&gt;&gt;</a>&nbsp;&nbsp;&nbsp;MX_USART1_UART_Init
</UL>

<P><STRONG><a name="[85]"></a>HAL_DMA_Abort</STRONG> (Thumb, 64 bytes, Stack size 0 bytes, stm32f1xx_hal_dma.o(.text.HAL_DMA_Abort))
<BR><BR>[Called By]<UL><LI><a href="#[82]">&gt;&gt;</a>&nbsp;&nbsp;&nbsp;HAL_UART_IRQHandler
</UL>

<P><STRONG><a name="[89]"></a>HAL_DMA_Abort_IT</STRONG> (Thumb, 174 bytes, Stack size 8 bytes, stm32f1xx_hal_dma.o(.text.HAL_DMA_Abort_IT))
<BR><BR>[Stack]<UL><LI>Max Depth = 8<LI>Call Chain = HAL_DMA_Abort_IT
</UL>
<BR>[Called By]<UL><LI><a href="#[82]">&gt;&gt;</a>&nbsp;&nbsp;&nbsp;HAL_UART_IRQHandler
</UL>

<P><STRONG><a name="[5e]"></a>HAL_Delay</STRONG> (Thumb, 40 bytes, Stack size 16 bytes, stm32f1xx_hal.o(.text.HAL_Delay))
<BR><BR>[Stack]<UL><LI>Max Depth = 16<LI>Call Chain = HAL_Delay
</UL>
<BR>[Calls]<UL><LI><a href="#[5f]">&gt;&gt;</a>&nbsp;&nbsp;&nbsp;HAL_GetTick
</UL>
<BR>[Called By]<UL><LI><a href="#[35]">&gt;&gt;</a>&nbsp;&nbsp;&nbsp;main
</UL>

<P><STRONG><a name="[8e]"></a>HAL_GPIO_Init</STRONG> (Thumb, 506 bytes, Stack size 44 bytes, stm32f1xx_hal_gpio.o(.text.HAL_GPIO_Init))
<BR><BR>[Stack]<UL><LI>Max Depth = 44<LI>Call Chain = HAL_GPIO_Init
</UL>
<BR>[Called By]<UL><LI><a href="#[8c]">&gt;&gt;</a>&nbsp;&nbsp;&nbsp;HAL_UART_MspInit
<LI><a href="#[96]">&gt;&gt;</a>&nbsp;&nbsp;&nbsp;MX_GPIO_Init
</UL>

<P><STRONG><a name="[97]"></a>HAL_GPIO_WritePin</STRONG> (Thumb, 10 bytes, Stack size 0 bytes, stm32f1xx_hal_gpio.o(.text.HAL_GPIO_WritePin))
<BR><BR>[Called By]<UL><LI><a href="#[35]">&gt;&gt;</a>&nbsp;&nbsp;&nbsp;main
<LI><a href="#[96]">&gt;&gt;</a>&nbsp;&nbsp;&nbsp;MX_GPIO_Init
<LI><a href="#[3e]">&gt;&gt;</a>&nbsp;&nbsp;&nbsp;led_task
</UL>

<P><STRONG><a name="[5f]"></a>HAL_GetTick</STRONG> (Thumb, 12 bytes, Stack size 0 bytes, stm32f1xx_hal.o(.text.HAL_GetTick))
<BR><BR>[Called By]<UL><LI><a href="#[75]">&gt;&gt;</a>&nbsp;&nbsp;&nbsp;HAL_RCC_OscConfig
<LI><a href="#[71]">&gt;&gt;</a>&nbsp;&nbsp;&nbsp;HAL_RCC_ClockConfig
<LI><a href="#[5e]">&gt;&gt;</a>&nbsp;&nbsp;&nbsp;HAL_Delay
</UL>

<P><STRONG><a name="[81]"></a>HAL_IncTick</STRONG> (Thumb, 26 bytes, Stack size 0 bytes, stm32f1xx_hal.o(.text.HAL_IncTick))
<BR><BR>[Called By]<UL><LI><a href="#[7b]">&gt;&gt;</a>&nbsp;&nbsp;&nbsp;HAL_TIM_PeriodElapsedCallback
</UL>

<P><STRONG><a name="[60]"></a>HAL_Init</STRONG> (Thumb, 38 bytes, Stack size 8 bytes, stm32f1xx_hal.o(.text.HAL_Init))
<BR><BR>[Stack]<UL><LI>Max Depth = 64<LI>Call Chain = HAL_Init &rArr; HAL_InitTick &rArr; HAL_TIM_Base_Init &rArr; TIM_Base_SetConfig
</UL>
<BR>[Calls]<UL><LI><a href="#[61]">&gt;&gt;</a>&nbsp;&nbsp;&nbsp;HAL_NVIC_SetPriorityGrouping
<LI><a href="#[62]">&gt;&gt;</a>&nbsp;&nbsp;&nbsp;HAL_InitTick
<LI><a href="#[63]">&gt;&gt;</a>&nbsp;&nbsp;&nbsp;HAL_MspInit
</UL>
<BR>[Called By]<UL><LI><a href="#[35]">&gt;&gt;</a>&nbsp;&nbsp;&nbsp;main
</UL>

<P><STRONG><a name="[62]"></a>HAL_InitTick</STRONG> (Thumb, 162 bytes, Stack size 40 bytes, stm32f1xx_hal_timebase_tim.o(.text.HAL_InitTick))
<BR><BR>[Stack]<UL><LI>Max Depth = 56<LI>Call Chain = HAL_InitTick &rArr; HAL_TIM_Base_Init &rArr; TIM_Base_SetConfig
</UL>
<BR>[Calls]<UL><LI><a href="#[67]">&gt;&gt;</a>&nbsp;&nbsp;&nbsp;HAL_TIM_Base_Start_IT
<LI><a href="#[66]">&gt;&gt;</a>&nbsp;&nbsp;&nbsp;HAL_TIM_Base_Init
<LI><a href="#[65]">&gt;&gt;</a>&nbsp;&nbsp;&nbsp;HAL_RCC_GetPCLK2Freq
<LI><a href="#[64]">&gt;&gt;</a>&nbsp;&nbsp;&nbsp;HAL_RCC_GetClockConfig
<LI><a href="#[69]">&gt;&gt;</a>&nbsp;&nbsp;&nbsp;HAL_NVIC_SetPriority
<LI><a href="#[68]">&gt;&gt;</a>&nbsp;&nbsp;&nbsp;HAL_NVIC_EnableIRQ
</UL>
<BR>[Called By]<UL><LI><a href="#[71]">&gt;&gt;</a>&nbsp;&nbsp;&nbsp;HAL_RCC_ClockConfig
<LI><a href="#[60]">&gt;&gt;</a>&nbsp;&nbsp;&nbsp;HAL_Init
</UL>

<P><STRONG><a name="[63]"></a>HAL_MspInit</STRONG> (Thumb, 80 bytes, Stack size 16 bytes, stm32f1xx_hal_msp.o(.text.HAL_MspInit))
<BR><BR>[Stack]<UL><LI>Max Depth = 32<LI>Call Chain = HAL_MspInit &rArr; HAL_NVIC_SetPriority
</UL>
<BR>[Calls]<UL><LI><a href="#[69]">&gt;&gt;</a>&nbsp;&nbsp;&nbsp;HAL_NVIC_SetPriority
</UL>
<BR>[Called By]<UL><LI><a href="#[60]">&gt;&gt;</a>&nbsp;&nbsp;&nbsp;HAL_Init
</UL>

<P><STRONG><a name="[6a]"></a>HAL_NVIC_DisableIRQ</STRONG> (Thumb, 8 bytes, Stack size 8 bytes, stm32f1xx_hal_cortex.o(.text.HAL_NVIC_DisableIRQ))
<BR><BR>[Stack]<UL><LI>Max Depth = 8<LI>Call Chain = HAL_NVIC_DisableIRQ
</UL>
<BR>[Calls]<UL><LI><a href="#[6b]">&gt;&gt;</a>&nbsp;&nbsp;&nbsp;__NVIC_DisableIRQ
</UL>
<BR>[Called By]<UL><LI><a href="#[3d]">&gt;&gt;</a>&nbsp;&nbsp;&nbsp;debug_uart_send
<LI><a href="#[3c]">&gt;&gt;</a>&nbsp;&nbsp;&nbsp;debug_uart_recv
</UL>

<P><STRONG><a name="[68]"></a>HAL_NVIC_EnableIRQ</STRONG> (Thumb, 8 bytes, Stack size 8 bytes, stm32f1xx_hal_cortex.o(.text.HAL_NVIC_EnableIRQ))
<BR><BR>[Stack]<UL><LI>Max Depth = 8<LI>Call Chain = HAL_NVIC_EnableIRQ
</UL>
<BR>[Calls]<UL><LI><a href="#[6c]">&gt;&gt;</a>&nbsp;&nbsp;&nbsp;__NVIC_EnableIRQ
</UL>
<BR>[Called By]<UL><LI><a href="#[62]">&gt;&gt;</a>&nbsp;&nbsp;&nbsp;HAL_InitTick
<LI><a href="#[8c]">&gt;&gt;</a>&nbsp;&nbsp;&nbsp;HAL_UART_MspInit
<LI><a href="#[3d]">&gt;&gt;</a>&nbsp;&nbsp;&nbsp;debug_uart_send
<LI><a href="#[3c]">&gt;&gt;</a>&nbsp;&nbsp;&nbsp;debug_uart_recv
</UL>

<P><STRONG><a name="[69]"></a>HAL_NVIC_SetPriority</STRONG> (Thumb, 30 bytes, Stack size 16 bytes, stm32f1xx_hal_cortex.o(.text.HAL_NVIC_SetPriority))
<BR><BR>[Stack]<UL><LI>Max Depth = 16<LI>Call Chain = HAL_NVIC_SetPriority
</UL>
<BR>[Calls]<UL><LI><a href="#[6f]">&gt;&gt;</a>&nbsp;&nbsp;&nbsp;__NVIC_SetPriority
<LI><a href="#[6d]">&gt;&gt;</a>&nbsp;&nbsp;&nbsp;__NVIC_GetPriorityGrouping
<LI><a href="#[6e]">&gt;&gt;</a>&nbsp;&nbsp;&nbsp;NVIC_EncodePriority
</UL>
<BR>[Called By]<UL><LI><a href="#[62]">&gt;&gt;</a>&nbsp;&nbsp;&nbsp;HAL_InitTick
<LI><a href="#[63]">&gt;&gt;</a>&nbsp;&nbsp;&nbsp;HAL_MspInit
<LI><a href="#[8c]">&gt;&gt;</a>&nbsp;&nbsp;&nbsp;HAL_UART_MspInit
</UL>

<P><STRONG><a name="[61]"></a>HAL_NVIC_SetPriorityGrouping</STRONG> (Thumb, 8 bytes, Stack size 8 bytes, stm32f1xx_hal_cortex.o(.text.HAL_NVIC_SetPriorityGrouping))
<BR><BR>[Stack]<UL><LI>Max Depth = 8<LI>Call Chain = HAL_NVIC_SetPriorityGrouping
</UL>
<BR>[Calls]<UL><LI><a href="#[70]">&gt;&gt;</a>&nbsp;&nbsp;&nbsp;__NVIC_SetPriorityGrouping
</UL>
<BR>[Called By]<UL><LI><a href="#[60]">&gt;&gt;</a>&nbsp;&nbsp;&nbsp;HAL_Init
</UL>

<P><STRONG><a name="[71]"></a>HAL_RCC_ClockConfig</STRONG> (Thumb, 372 bytes, Stack size 32 bytes, stm32f1xx_hal_rcc.o(.text.HAL_RCC_ClockConfig))
<BR><BR>[Stack]<UL><LI>Max Depth = 88<LI>Call Chain = HAL_RCC_ClockConfig &rArr; HAL_InitTick &rArr; HAL_TIM_Base_Init &rArr; TIM_Base_SetConfig
</UL>
<BR>[Calls]<UL><LI><a href="#[72]">&gt;&gt;</a>&nbsp;&nbsp;&nbsp;HAL_RCC_GetSysClockFreq
<LI><a href="#[5f]">&gt;&gt;</a>&nbsp;&nbsp;&nbsp;HAL_GetTick
<LI><a href="#[62]">&gt;&gt;</a>&nbsp;&nbsp;&nbsp;HAL_InitTick
</UL>
<BR>[Called By]<UL><LI><a href="#[9c]">&gt;&gt;</a>&nbsp;&nbsp;&nbsp;SystemClock_Config
</UL>

<P><STRONG><a name="[64]"></a>HAL_RCC_GetClockConfig</STRONG> (Thumb, 66 bytes, Stack size 0 bytes, stm32f1xx_hal_rcc.o(.text.HAL_RCC_GetClockConfig))
<BR><BR>[Called By]<UL><LI><a href="#[62]">&gt;&gt;</a>&nbsp;&nbsp;&nbsp;HAL_InitTick
</UL>

<P><STRONG><a name="[74]"></a>HAL_RCC_GetHCLKFreq</STRONG> (Thumb, 12 bytes, Stack size 0 bytes, stm32f1xx_hal_rcc.o(.text.HAL_RCC_GetHCLKFreq))
<BR><BR>[Called By]<UL><LI><a href="#[73]">&gt;&gt;</a>&nbsp;&nbsp;&nbsp;HAL_RCC_GetPCLK1Freq
<LI><a href="#[65]">&gt;&gt;</a>&nbsp;&nbsp;&nbsp;HAL_RCC_GetPCLK2Freq
</UL>

<P><STRONG><a name="[73]"></a>HAL_RCC_GetPCLK1Freq</STRONG> (Thumb, 34 bytes, Stack size 8 bytes, stm32f1xx_hal_rcc.o(.text.HAL_RCC_GetPCLK1Freq))
<BR><BR>[Stack]<UL><LI>Max Depth = 8<LI>Call Chain = HAL_RCC_GetPCLK1Freq
</UL>
<BR>[Calls]<UL><LI><a href="#[74]">&gt;&gt;</a>&nbsp;&nbsp;&nbsp;HAL_RCC_GetHCLKFreq
</UL>
<BR>[Called By]<UL><LI><a href="#[8d]">&gt;&gt;</a>&nbsp;&nbsp;&nbsp;UART_SetConfig
</UL>

<P><STRONG><a name="[65]"></a>HAL_RCC_GetPCLK2Freq</STRONG> (Thumb, 34 bytes, Stack size 8 bytes, stm32f1xx_hal_rcc.o(.text.HAL_RCC_GetPCLK2Freq))
<BR><BR>[Stack]<UL><LI>Max Depth = 8<LI>Call Chain = HAL_RCC_GetPCLK2Freq
</UL>
<BR>[Calls]<UL><LI><a href="#[74]">&gt;&gt;</a>&nbsp;&nbsp;&nbsp;HAL_RCC_GetHCLKFreq
</UL>
<BR>[Called By]<UL><LI><a href="#[8d]">&gt;&gt;</a>&nbsp;&nbsp;&nbsp;UART_SetConfig
<LI><a href="#[62]">&gt;&gt;</a>&nbsp;&nbsp;&nbsp;HAL_InitTick
</UL>

<P><STRONG><a name="[72]"></a>HAL_RCC_GetSysClockFreq</STRONG> (Thumb, 76 bytes, Stack size 0 bytes, stm32f1xx_hal_rcc.o(.text.HAL_RCC_GetSysClockFreq))
<BR><BR>[Called By]<UL><LI><a href="#[71]">&gt;&gt;</a>&nbsp;&nbsp;&nbsp;HAL_RCC_ClockConfig
</UL>

<P><STRONG><a name="[75]"></a>HAL_RCC_OscConfig</STRONG> (Thumb, 780 bytes, Stack size 32 bytes, stm32f1xx_hal_rcc.o(.text.HAL_RCC_OscConfig))
<BR><BR>[Stack]<UL><LI>Max Depth = 36<LI>Call Chain = HAL_RCC_OscConfig &rArr; RCC_Delay
</UL>
<BR>[Calls]<UL><LI><a href="#[76]">&gt;&gt;</a>&nbsp;&nbsp;&nbsp;RCC_Delay
<LI><a href="#[5f]">&gt;&gt;</a>&nbsp;&nbsp;&nbsp;HAL_GetTick
</UL>
<BR>[Called By]<UL><LI><a href="#[9c]">&gt;&gt;</a>&nbsp;&nbsp;&nbsp;SystemClock_Config
</UL>

<P><STRONG><a name="[7c]"></a>HAL_TIMEx_BreakCallback</STRONG> (Thumb, 2 bytes, Stack size 0 bytes, stm32f1xx_hal_tim_ex.o(.text.HAL_TIMEx_BreakCallback))
<BR><BR>[Called By]<UL><LI><a href="#[79]">&gt;&gt;</a>&nbsp;&nbsp;&nbsp;HAL_TIM_IRQHandler
</UL>

<P><STRONG><a name="[7e]"></a>HAL_TIMEx_CommutCallback</STRONG> (Thumb, 2 bytes, Stack size 0 bytes, stm32f1xx_hal_tim_ex.o(.text.HAL_TIMEx_CommutCallback))
<BR><BR>[Called By]<UL><LI><a href="#[79]">&gt;&gt;</a>&nbsp;&nbsp;&nbsp;HAL_TIM_IRQHandler
</UL>

<P><STRONG><a name="[66]"></a>HAL_TIM_Base_Init</STRONG> (Thumb, 90 bytes, Stack size 8 bytes, stm32f1xx_hal_tim.o(.text.HAL_TIM_Base_Init))
<BR><BR>[Stack]<UL><LI>Max Depth = 16<LI>Call Chain = HAL_TIM_Base_Init &rArr; TIM_Base_SetConfig
</UL>
<BR>[Calls]<UL><LI><a href="#[78]">&gt;&gt;</a>&nbsp;&nbsp;&nbsp;TIM_Base_SetConfig
<LI><a href="#[77]">&gt;&gt;</a>&nbsp;&nbsp;&nbsp;HAL_TIM_Base_MspInit
</UL>
<BR>[Called By]<UL><LI><a href="#[62]">&gt;&gt;</a>&nbsp;&nbsp;&nbsp;HAL_InitTick
</UL>

<P><STRONG><a name="[77]"></a>HAL_TIM_Base_MspInit</STRONG> (Thumb, 2 bytes, Stack size 0 bytes, stm32f1xx_hal_tim.o(.text.HAL_TIM_Base_MspInit))
<BR><BR>[Called By]<UL><LI><a href="#[66]">&gt;&gt;</a>&nbsp;&nbsp;&nbsp;HAL_TIM_Base_Init
</UL>

<P><STRONG><a name="[67]"></a>HAL_TIM_Base_Start_IT</STRONG> (Thumb, 102 bytes, Stack size 0 bytes, stm32f1xx_hal_tim.o(.text.HAL_TIM_Base_Start_IT))
<BR><BR>[Called By]<UL><LI><a href="#[62]">&gt;&gt;</a>&nbsp;&nbsp;&nbsp;HAL_InitTick
</UL>

<P><STRONG><a name="[7a]"></a>HAL_TIM_IC_CaptureCallback</STRONG> (Thumb, 2 bytes, Stack size 0 bytes, stm32f1xx_hal_tim.o(.text.HAL_TIM_IC_CaptureCallback))
<BR><BR>[Called By]<UL><LI><a href="#[79]">&gt;&gt;</a>&nbsp;&nbsp;&nbsp;HAL_TIM_IRQHandler
</UL>

<P><STRONG><a name="[79]"></a>HAL_TIM_IRQHandler</STRONG> (Thumb, 362 bytes, Stack size 8 bytes, stm32f1xx_hal_tim.o(.text.HAL_TIM_IRQHandler))
<BR><BR>[Stack]<UL><LI>Max Depth = 16<LI>Call Chain = HAL_TIM_IRQHandler &rArr; HAL_TIM_PeriodElapsedCallback
</UL>
<BR>[Calls]<UL><LI><a href="#[7d]">&gt;&gt;</a>&nbsp;&nbsp;&nbsp;HAL_TIM_TriggerCallback
<LI><a href="#[80]">&gt;&gt;</a>&nbsp;&nbsp;&nbsp;HAL_TIM_PWM_PulseFinishedCallback
<LI><a href="#[7f]">&gt;&gt;</a>&nbsp;&nbsp;&nbsp;HAL_TIM_OC_DelayElapsedCallback
<LI><a href="#[7a]">&gt;&gt;</a>&nbsp;&nbsp;&nbsp;HAL_TIM_IC_CaptureCallback
<LI><a href="#[7e]">&gt;&gt;</a>&nbsp;&nbsp;&nbsp;HAL_TIMEx_CommutCallback
<LI><a href="#[7c]">&gt;&gt;</a>&nbsp;&nbsp;&nbsp;HAL_TIMEx_BreakCallback
<LI><a href="#[7b]">&gt;&gt;</a>&nbsp;&nbsp;&nbsp;HAL_TIM_PeriodElapsedCallback
</UL>
<BR>[Called By]<UL><LI><a href="#[23]">&gt;&gt;</a>&nbsp;&nbsp;&nbsp;TIM1_UP_IRQHandler
</UL>

<P><STRONG><a name="[7f]"></a>HAL_TIM_OC_DelayElapsedCallback</STRONG> (Thumb, 2 bytes, Stack size 0 bytes, stm32f1xx_hal_tim.o(.text.HAL_TIM_OC_DelayElapsedCallback))
<BR><BR>[Called By]<UL><LI><a href="#[79]">&gt;&gt;</a>&nbsp;&nbsp;&nbsp;HAL_TIM_IRQHandler
</UL>

<P><STRONG><a name="[80]"></a>HAL_TIM_PWM_PulseFinishedCallback</STRONG> (Thumb, 2 bytes, Stack size 0 bytes, stm32f1xx_hal_tim.o(.text.HAL_TIM_PWM_PulseFinishedCallback))
<BR><BR>[Called By]<UL><LI><a href="#[79]">&gt;&gt;</a>&nbsp;&nbsp;&nbsp;HAL_TIM_IRQHandler
</UL>

<P><STRONG><a name="[7b]"></a>HAL_TIM_PeriodElapsedCallback</STRONG> (Thumb, 22 bytes, Stack size 8 bytes, main.o(.text.HAL_TIM_PeriodElapsedCallback))
<BR><BR>[Stack]<UL><LI>Max Depth = 8<LI>Call Chain = HAL_TIM_PeriodElapsedCallback
</UL>
<BR>[Calls]<UL><LI><a href="#[81]">&gt;&gt;</a>&nbsp;&nbsp;&nbsp;HAL_IncTick
</UL>
<BR>[Called By]<UL><LI><a href="#[79]">&gt;&gt;</a>&nbsp;&nbsp;&nbsp;HAL_TIM_IRQHandler
</UL>

<P><STRONG><a name="[7d]"></a>HAL_TIM_TriggerCallback</STRONG> (Thumb, 2 bytes, Stack size 0 bytes, stm32f1xx_hal_tim.o(.text.HAL_TIM_TriggerCallback))
<BR><BR>[Called By]<UL><LI><a href="#[79]">&gt;&gt;</a>&nbsp;&nbsp;&nbsp;HAL_TIM_IRQHandler
</UL>

<P><STRONG><a name="[86]"></a>HAL_UARTEx_RxEventCallback</STRONG> (Thumb, 2 bytes, Stack size 0 bytes, stm32f1xx_hal_uart.o(.text.HAL_UARTEx_RxEventCallback))
<BR><BR>[Called By]<UL><LI><a href="#[83]">&gt;&gt;</a>&nbsp;&nbsp;&nbsp;UART_Receive_IT
<LI><a href="#[82]">&gt;&gt;</a>&nbsp;&nbsp;&nbsp;HAL_UART_IRQHandler
</UL>

<P><STRONG><a name="[8a]"></a>HAL_UART_ErrorCallback</STRONG> (Thumb, 2 bytes, Stack size 0 bytes, stm32f1xx_hal_uart.o(.text.HAL_UART_ErrorCallback))
<BR><BR>[Called By]<UL><LI><a href="#[38]">&gt;&gt;</a>&nbsp;&nbsp;&nbsp;UART_DMAAbortOnError
<LI><a href="#[82]">&gt;&gt;</a>&nbsp;&nbsp;&nbsp;HAL_UART_IRQHandler
</UL>

<P><STRONG><a name="[82]"></a>HAL_UART_IRQHandler</STRONG> (Thumb, 578 bytes, Stack size 24 bytes, stm32f1xx_hal_uart.o(.text.HAL_UART_IRQHandler))
<BR><BR>[Stack]<UL><LI>Max Depth = 72<LI>Call Chain = HAL_UART_IRQHandler &rArr; UART_Receive_IT &rArr; HAL_UART_RxCpltCallback &rArr; basic_queue_push
</UL>
<BR>[Calls]<UL><LI><a href="#[87]">&gt;&gt;</a>&nbsp;&nbsp;&nbsp;UART_Transmit_IT
<LI><a href="#[83]">&gt;&gt;</a>&nbsp;&nbsp;&nbsp;UART_Receive_IT
<LI><a href="#[84]">&gt;&gt;</a>&nbsp;&nbsp;&nbsp;UART_EndTransmit_IT
<LI><a href="#[88]">&gt;&gt;</a>&nbsp;&nbsp;&nbsp;UART_EndRxTransfer
<LI><a href="#[89]">&gt;&gt;</a>&nbsp;&nbsp;&nbsp;HAL_DMA_Abort_IT
<LI><a href="#[85]">&gt;&gt;</a>&nbsp;&nbsp;&nbsp;HAL_DMA_Abort
<LI><a href="#[8a]">&gt;&gt;</a>&nbsp;&nbsp;&nbsp;HAL_UART_ErrorCallback
<LI><a href="#[86]">&gt;&gt;</a>&nbsp;&nbsp;&nbsp;HAL_UARTEx_RxEventCallback
</UL>
<BR>[Called By]<UL><LI><a href="#[9e]">&gt;&gt;</a>&nbsp;&nbsp;&nbsp;debug_uart_irqn_handler
</UL>

<P><STRONG><a name="[8b]"></a>HAL_UART_Init</STRONG> (Thumb, 96 bytes, Stack size 8 bytes, stm32f1xx_hal_uart.o(.text.HAL_UART_Init))
<BR><BR>[Stack]<UL><LI>Max Depth = 92<LI>Call Chain = HAL_UART_Init &rArr; HAL_UART_MspInit &rArr; HAL_GPIO_Init
</UL>
<BR>[Calls]<UL><LI><a href="#[8d]">&gt;&gt;</a>&nbsp;&nbsp;&nbsp;UART_SetConfig
<LI><a href="#[8c]">&gt;&gt;</a>&nbsp;&nbsp;&nbsp;HAL_UART_MspInit
</UL>
<BR>[Called By]<UL><LI><a href="#[98]">&gt;&gt;</a>&nbsp;&nbsp;&nbsp;MX_USART1_UART_Init
<LI><a href="#[a5]">&gt;&gt;</a>&nbsp;&nbsp;&nbsp;debug_uart_init
</UL>

<P><STRONG><a name="[8c]"></a>HAL_UART_MspInit</STRONG> (Thumb, 142 bytes, Stack size 40 bytes, usart.o(.text.HAL_UART_MspInit))
<BR><BR>[Stack]<UL><LI>Max Depth = 84<LI>Call Chain = HAL_UART_MspInit &rArr; HAL_GPIO_Init
</UL>
<BR>[Calls]<UL><LI><a href="#[69]">&gt;&gt;</a>&nbsp;&nbsp;&nbsp;HAL_NVIC_SetPriority
<LI><a href="#[68]">&gt;&gt;</a>&nbsp;&nbsp;&nbsp;HAL_NVIC_EnableIRQ
<LI><a href="#[8e]">&gt;&gt;</a>&nbsp;&nbsp;&nbsp;HAL_GPIO_Init
</UL>
<BR>[Called By]<UL><LI><a href="#[8b]">&gt;&gt;</a>&nbsp;&nbsp;&nbsp;HAL_UART_Init
</UL>

<P><STRONG><a name="[8f]"></a>HAL_UART_Receive_IT</STRONG> (Thumb, 42 bytes, Stack size 8 bytes, stm32f1xx_hal_uart.o(.text.HAL_UART_Receive_IT))
<BR><BR>[Stack]<UL><LI>Max Depth = 8<LI>Call Chain = HAL_UART_Receive_IT
</UL>
<BR>[Calls]<UL><LI><a href="#[90]">&gt;&gt;</a>&nbsp;&nbsp;&nbsp;UART_Start_Receive_IT
</UL>
<BR>[Called By]<UL><LI><a href="#[a5]">&gt;&gt;</a>&nbsp;&nbsp;&nbsp;debug_uart_init
<LI><a href="#[91]">&gt;&gt;</a>&nbsp;&nbsp;&nbsp;HAL_UART_RxCpltCallback
</UL>

<P><STRONG><a name="[91]"></a>HAL_UART_RxCpltCallback</STRONG> (Thumb, 52 bytes, Stack size 8 bytes, debug_uart.o(.text.HAL_UART_RxCpltCallback))
<BR><BR>[Stack]<UL><LI>Max Depth = 32<LI>Call Chain = HAL_UART_RxCpltCallback &rArr; basic_queue_push
</UL>
<BR>[Calls]<UL><LI><a href="#[92]">&gt;&gt;</a>&nbsp;&nbsp;&nbsp;basic_queue_push
<LI><a href="#[8f]">&gt;&gt;</a>&nbsp;&nbsp;&nbsp;HAL_UART_Receive_IT
</UL>
<BR>[Called By]<UL><LI><a href="#[83]">&gt;&gt;</a>&nbsp;&nbsp;&nbsp;UART_Receive_IT
</UL>

<P><STRONG><a name="[95]"></a>HAL_UART_Transmit_IT</STRONG> (Thumb, 56 bytes, Stack size 0 bytes, stm32f1xx_hal_uart.o(.text.HAL_UART_Transmit_IT))
<BR><BR>[Called By]<UL><LI><a href="#[3d]">&gt;&gt;</a>&nbsp;&nbsp;&nbsp;debug_uart_send
<LI><a href="#[93]">&gt;&gt;</a>&nbsp;&nbsp;&nbsp;HAL_UART_TxCpltCallback
</UL>

<P><STRONG><a name="[93]"></a>HAL_UART_TxCpltCallback</STRONG> (Thumb, 68 bytes, Stack size 16 bytes, debug_uart.o(.text.HAL_UART_TxCpltCallback))
<BR><BR>[Stack]<UL><LI>Max Depth = 40<LI>Call Chain = HAL_UART_TxCpltCallback &rArr; basic_queue_pull_pop
</UL>
<BR>[Calls]<UL><LI><a href="#[94]">&gt;&gt;</a>&nbsp;&nbsp;&nbsp;basic_queue_pull_pop
<LI><a href="#[95]">&gt;&gt;</a>&nbsp;&nbsp;&nbsp;HAL_UART_Transmit_IT
</UL>
<BR>[Called By]<UL><LI><a href="#[84]">&gt;&gt;</a>&nbsp;&nbsp;&nbsp;UART_EndTransmit_IT
</UL>

<P><STRONG><a name="[2]"></a>HardFault_Handler</STRONG> (Thumb, 2 bytes, Stack size 0 bytes, stm32f1xx_it.o(.text.HardFault_Handler))
<BR><BR>[Calls]<UL><LI><a href="#[2]">&gt;&gt;</a>&nbsp;&nbsp;&nbsp;HardFault_Handler
</UL>
<BR>[Called By]<UL><LI><a href="#[2]">&gt;&gt;</a>&nbsp;&nbsp;&nbsp;HardFault_Handler
</UL>
<BR>[Address Reference Count : 1]<UL><LI> startup_stm32f103xb.o(RESET)
</UL>
<P><STRONG><a name="[96]"></a>MX_GPIO_Init</STRONG> (Thumb, 124 bytes, Stack size 40 bytes, gpio.o(.text.MX_GPIO_Init))
<BR><BR>[Stack]<UL><LI>Max Depth = 84<LI>Call Chain = MX_GPIO_Init &rArr; HAL_GPIO_Init
</UL>
<BR>[Calls]<UL><LI><a href="#[8e]">&gt;&gt;</a>&nbsp;&nbsp;&nbsp;HAL_GPIO_Init
<LI><a href="#[97]">&gt;&gt;</a>&nbsp;&nbsp;&nbsp;HAL_GPIO_WritePin
</UL>
<BR>[Called By]<UL><LI><a href="#[35]">&gt;&gt;</a>&nbsp;&nbsp;&nbsp;main
</UL>

<P><STRONG><a name="[98]"></a>MX_USART1_UART_Init</STRONG> (Thumb, 56 bytes, Stack size 8 bytes, usart.o(.text.MX_USART1_UART_Init))
<BR><BR>[Stack]<UL><LI>Max Depth = 100<LI>Call Chain = MX_USART1_UART_Init &rArr; HAL_UART_Init &rArr; HAL_UART_MspInit &rArr; HAL_GPIO_Init
</UL>
<BR>[Calls]<UL><LI><a href="#[8b]">&gt;&gt;</a>&nbsp;&nbsp;&nbsp;HAL_UART_Init
<LI><a href="#[99]">&gt;&gt;</a>&nbsp;&nbsp;&nbsp;Error_Handler
</UL>
<BR>[Called By]<UL><LI><a href="#[35]">&gt;&gt;</a>&nbsp;&nbsp;&nbsp;main
</UL>

<P><STRONG><a name="[3]"></a>MemManage_Handler</STRONG> (Thumb, 2 bytes, Stack size 0 bytes, stm32f1xx_it.o(.text.MemManage_Handler))
<BR><BR>[Calls]<UL><LI><a href="#[3]">&gt;&gt;</a>&nbsp;&nbsp;&nbsp;MemManage_Handler
</UL>
<BR>[Called By]<UL><LI><a href="#[3]">&gt;&gt;</a>&nbsp;&nbsp;&nbsp;MemManage_Handler
</UL>
<BR>[Address Reference Count : 1]<UL><LI> startup_stm32f103xb.o(RESET)
</UL>
<P><STRONG><a name="[1]"></a>NMI_Handler</STRONG> (Thumb, 2 bytes, Stack size 0 bytes, stm32f1xx_it.o(.text.NMI_Handler))
<BR><BR>[Calls]<UL><LI><a href="#[1]">&gt;&gt;</a>&nbsp;&nbsp;&nbsp;NMI_Handler
</UL>
<BR>[Called By]<UL><LI><a href="#[1]">&gt;&gt;</a>&nbsp;&nbsp;&nbsp;NMI_Handler
</UL>
<BR>[Address Reference Count : 1]<UL><LI> startup_stm32f103xb.o(RESET)
</UL>
<P><STRONG><a name="[8]"></a>PendSV_Handler</STRONG> (Thumb, 68 bytes, Stack size 0 bytes, port.o(.text.PendSV_Handler))
<BR><BR>[Calls]<UL><LI><a href="#[9a]">&gt;&gt;</a>&nbsp;&nbsp;&nbsp;vTaskSwitchContext
</UL>
<BR>[Address Reference Count : 1]<UL><LI> startup_stm32f103xb.o(RESET)
</UL>
<P><STRONG><a name="[6]"></a>SVC_Handler</STRONG> (Thumb, 36 bytes, Stack size 0 bytes, port.o(.text.SVC_Handler))
<BR>[Address Reference Count : 1]<UL><LI> startup_stm32f103xb.o(RESET)
</UL>
<P><STRONG><a name="[9]"></a>SysTick_Handler</STRONG> (Thumb, 46 bytes, Stack size 8 bytes, port.o(.text.SysTick_Handler))
<BR><BR>[Stack]<UL><LI>Max Depth = 48<LI>Call Chain = SysTick_Handler &rArr; xTaskIncrementTick
</UL>
<BR>[Calls]<UL><LI><a href="#[9b]">&gt;&gt;</a>&nbsp;&nbsp;&nbsp;xTaskIncrementTick
</UL>
<BR>[Address Reference Count : 1]<UL><LI> startup_stm32f103xb.o(RESET)
</UL>
<P><STRONG><a name="[9c]"></a>SystemClock_Config</STRONG> (Thumb, 96 bytes, Stack size 80 bytes, main.o(.text.SystemClock_Config))
<BR><BR>[Stack]<UL><LI>Max Depth = 168<LI>Call Chain = SystemClock_Config &rArr; HAL_RCC_ClockConfig &rArr; HAL_InitTick &rArr; HAL_TIM_Base_Init &rArr; TIM_Base_SetConfig
</UL>
<BR>[Calls]<UL><LI><a href="#[75]">&gt;&gt;</a>&nbsp;&nbsp;&nbsp;HAL_RCC_OscConfig
<LI><a href="#[71]">&gt;&gt;</a>&nbsp;&nbsp;&nbsp;HAL_RCC_ClockConfig
<LI><a href="#[99]">&gt;&gt;</a>&nbsp;&nbsp;&nbsp;Error_Handler
<LI><a href="#[9d]">&gt;&gt;</a>&nbsp;&nbsp;&nbsp;__aeabi_memclr4
</UL>
<BR>[Called By]<UL><LI><a href="#[35]">&gt;&gt;</a>&nbsp;&nbsp;&nbsp;main
</UL>

<P><STRONG><a name="[36]"></a>SystemInit</STRONG> (Thumb, 2 bytes, Stack size 0 bytes, system_stm32f1xx.o(.text.SystemInit))
<BR>[Address Reference Count : 1]<UL><LI> startup_stm32f103xb.o(.text)
</UL>
<P><STRONG><a name="[23]"></a>TIM1_UP_IRQHandler</STRONG> (Thumb, 16 bytes, Stack size 8 bytes, stm32f1xx_it.o(.text.TIM1_UP_IRQHandler))
<BR><BR>[Stack]<UL><LI>Max Depth = 24<LI>Call Chain = TIM1_UP_IRQHandler &rArr; HAL_TIM_IRQHandler &rArr; HAL_TIM_PeriodElapsedCallback
</UL>
<BR>[Calls]<UL><LI><a href="#[79]">&gt;&gt;</a>&nbsp;&nbsp;&nbsp;HAL_TIM_IRQHandler
</UL>
<BR>[Address Reference Count : 1]<UL><LI> startup_stm32f103xb.o(RESET)
</UL>
<P><STRONG><a name="[78]"></a>TIM_Base_SetConfig</STRONG> (Thumb, 138 bytes, Stack size 8 bytes, stm32f1xx_hal_tim.o(.text.TIM_Base_SetConfig))
<BR><BR>[Stack]<UL><LI>Max Depth = 8<LI>Call Chain = TIM_Base_SetConfig
</UL>
<BR>[Called By]<UL><LI><a href="#[66]">&gt;&gt;</a>&nbsp;&nbsp;&nbsp;HAL_TIM_Base_Init
</UL>

<P><STRONG><a name="[90]"></a>UART_Start_Receive_IT</STRONG> (Thumb, 52 bytes, Stack size 0 bytes, stm32f1xx_hal_uart.o(.text.UART_Start_Receive_IT))
<BR><BR>[Called By]<UL><LI><a href="#[8f]">&gt;&gt;</a>&nbsp;&nbsp;&nbsp;HAL_UART_Receive_IT
</UL>

<P><STRONG><a name="[2f]"></a>USART1_IRQHandler</STRONG> (Thumb, 8 bytes, Stack size 8 bytes, stm32f1xx_it.o(.text.USART1_IRQHandler))
<BR><BR>[Stack]<UL><LI>Max Depth = 88<LI>Call Chain = USART1_IRQHandler &rArr; debug_uart_irqn_handler &rArr; HAL_UART_IRQHandler &rArr; UART_Receive_IT &rArr; HAL_UART_RxCpltCallback &rArr; basic_queue_push
</UL>
<BR>[Calls]<UL><LI><a href="#[9e]">&gt;&gt;</a>&nbsp;&nbsp;&nbsp;debug_uart_irqn_handler
</UL>
<BR>[Address Reference Count : 1]<UL><LI> startup_stm32f103xb.o(RESET)
</UL>
<P><STRONG><a name="[5]"></a>UsageFault_Handler</STRONG> (Thumb, 2 bytes, Stack size 0 bytes, stm32f1xx_it.o(.text.UsageFault_Handler))
<BR><BR>[Calls]<UL><LI><a href="#[5]">&gt;&gt;</a>&nbsp;&nbsp;&nbsp;UsageFault_Handler
</UL>
<BR>[Called By]<UL><LI><a href="#[5]">&gt;&gt;</a>&nbsp;&nbsp;&nbsp;UsageFault_Handler
</UL>
<BR>[Address Reference Count : 1]<UL><LI> startup_stm32f103xb.o(RESET)
</UL>
<P><STRONG><a name="[9f]"></a>_assert_func</STRONG> (Thumb, 2 bytes, Stack size 0 bytes, assert.o(.text._assert_func))
<BR><BR>[Calls]<UL><LI><a href="#[9f]">&gt;&gt;</a>&nbsp;&nbsp;&nbsp;_assert_func
</UL>
<BR>[Called By]<UL><LI><a href="#[9f]">&gt;&gt;</a>&nbsp;&nbsp;&nbsp;_assert_func
<LI><a href="#[92]">&gt;&gt;</a>&nbsp;&nbsp;&nbsp;basic_queue_push
<LI><a href="#[94]">&gt;&gt;</a>&nbsp;&nbsp;&nbsp;basic_queue_pull_pop
<LI><a href="#[a4]">&gt;&gt;</a>&nbsp;&nbsp;&nbsp;basic_queue_is_empty
<LI><a href="#[a3]">&gt;&gt;</a>&nbsp;&nbsp;&nbsp;basic_queue_init
</UL>

<P><STRONG><a name="[a0]"></a>app_main</STRONG> (Thumb, 40 bytes, Stack size 8 bytes, app.o(.text.app_main))
<BR><BR>[Stack]<UL><LI>Max Depth = 168<LI>Call Chain = app_main &rArr; vTaskStartScheduler &rArr; xTimerCreateTimerTask &rArr; prvCheckForValidListAndQueue &rArr; xQueueGenericCreateStatic &rArr; prvInitialiseNewQueue &rArr; xQueueGenericReset &rArr; xTaskRemoveFromEventList
</UL>
<BR>[Calls]<UL><LI><a href="#[a1]">&gt;&gt;</a>&nbsp;&nbsp;&nbsp;xTaskCreate
<LI><a href="#[a2]">&gt;&gt;</a>&nbsp;&nbsp;&nbsp;vTaskStartScheduler
</UL>
<BR>[Called By]<UL><LI><a href="#[35]">&gt;&gt;</a>&nbsp;&nbsp;&nbsp;main
</UL>

<P><STRONG><a name="[a3]"></a>basic_queue_init</STRONG> (Thumb, 36 bytes, Stack size 16 bytes, basic_queue.o(.text.basic_queue_init))
<BR><BR>[Stack]<UL><LI>Max Depth = 16<LI>Call Chain = basic_queue_init
</UL>
<BR>[Calls]<UL><LI><a href="#[9f]">&gt;&gt;</a>&nbsp;&nbsp;&nbsp;_assert_func
</UL>
<BR>[Called By]<UL><LI><a href="#[a5]">&gt;&gt;</a>&nbsp;&nbsp;&nbsp;debug_uart_init
</UL>

<P><STRONG><a name="[a4]"></a>basic_queue_is_empty</STRONG> (Thumb, 36 bytes, Stack size 8 bytes, basic_queue.o(.text.basic_queue_is_empty))
<BR><BR>[Stack]<UL><LI>Max Depth = 8<LI>Call Chain = basic_queue_is_empty
</UL>
<BR>[Calls]<UL><LI><a href="#[9f]">&gt;&gt;</a>&nbsp;&nbsp;&nbsp;_assert_func
</UL>
<BR>[Called By]<UL><LI><a href="#[3d]">&gt;&gt;</a>&nbsp;&nbsp;&nbsp;debug_uart_send
</UL>

<P><STRONG><a name="[94]"></a>basic_queue_pull_pop</STRONG> (Thumb, 122 bytes, Stack size 24 bytes, basic_queue.o(.text.basic_queue_pull_pop))
<BR><BR>[Stack]<UL><LI>Max Depth = 24<LI>Call Chain = basic_queue_pull_pop
</UL>
<BR>[Calls]<UL><LI><a href="#[9f]">&gt;&gt;</a>&nbsp;&nbsp;&nbsp;_assert_func
</UL>
<BR>[Called By]<UL><LI><a href="#[3d]">&gt;&gt;</a>&nbsp;&nbsp;&nbsp;debug_uart_send
<LI><a href="#[3c]">&gt;&gt;</a>&nbsp;&nbsp;&nbsp;debug_uart_recv
<LI><a href="#[93]">&gt;&gt;</a>&nbsp;&nbsp;&nbsp;HAL_UART_TxCpltCallback
</UL>

<P><STRONG><a name="[92]"></a>basic_queue_push</STRONG> (Thumb, 100 bytes, Stack size 24 bytes, basic_queue.o(.text.basic_queue_push))
<BR><BR>[Stack]<UL><LI>Max Depth = 24<LI>Call Chain = basic_queue_push
</UL>
<BR>[Calls]<UL><LI><a href="#[9f]">&gt;&gt;</a>&nbsp;&nbsp;&nbsp;_assert_func
</UL>
<BR>[Called By]<UL><LI><a href="#[3d]">&gt;&gt;</a>&nbsp;&nbsp;&nbsp;debug_uart_send
<LI><a href="#[91]">&gt;&gt;</a>&nbsp;&nbsp;&nbsp;HAL_UART_RxCpltCallback
</UL>

<P><STRONG><a name="[a5]"></a>debug_uart_init</STRONG> (Thumb, 108 bytes, Stack size 8 bytes, debug_uart.o(.text.debug_uart_init))
<BR><BR>[Stack]<UL><LI>Max Depth = 100<LI>Call Chain = debug_uart_init &rArr; HAL_UART_Init &rArr; HAL_UART_MspInit &rArr; HAL_GPIO_Init
</UL>
<BR>[Calls]<UL><LI><a href="#[8b]">&gt;&gt;</a>&nbsp;&nbsp;&nbsp;HAL_UART_Init
<LI><a href="#[a3]">&gt;&gt;</a>&nbsp;&nbsp;&nbsp;basic_queue_init
<LI><a href="#[8f]">&gt;&gt;</a>&nbsp;&nbsp;&nbsp;HAL_UART_Receive_IT
</UL>
<BR>[Called By]<UL><LI><a href="#[43]">&gt;&gt;</a>&nbsp;&nbsp;&nbsp;shell_uart_init
</UL>

<P><STRONG><a name="[9e]"></a>debug_uart_irqn_handler</STRONG> (Thumb, 16 bytes, Stack size 8 bytes, debug_uart.o(.text.debug_uart_irqn_handler))
<BR><BR>[Stack]<UL><LI>Max Depth = 80<LI>Call Chain = debug_uart_irqn_handler &rArr; HAL_UART_IRQHandler &rArr; UART_Receive_IT &rArr; HAL_UART_RxCpltCallback &rArr; basic_queue_push
</UL>
<BR>[Calls]<UL><LI><a href="#[82]">&gt;&gt;</a>&nbsp;&nbsp;&nbsp;HAL_UART_IRQHandler
</UL>
<BR>[Called By]<UL><LI><a href="#[2f]">&gt;&gt;</a>&nbsp;&nbsp;&nbsp;USART1_IRQHandler
</UL>

<P><STRONG><a name="[3c]"></a>debug_uart_recv</STRONG> (Thumb, 40 bytes, Stack size 16 bytes, debug_uart.o(.text.debug_uart_recv))
<BR><BR>[Stack]<UL><LI>Max Depth = 40<LI>Call Chain = debug_uart_recv &rArr; basic_queue_pull_pop
</UL>
<BR>[Calls]<UL><LI><a href="#[68]">&gt;&gt;</a>&nbsp;&nbsp;&nbsp;HAL_NVIC_EnableIRQ
<LI><a href="#[6a]">&gt;&gt;</a>&nbsp;&nbsp;&nbsp;HAL_NVIC_DisableIRQ
<LI><a href="#[94]">&gt;&gt;</a>&nbsp;&nbsp;&nbsp;basic_queue_pull_pop
</UL>
<BR>[Address Reference Count : 1]<UL><LI> shell_port.o(.text.shell_uart_init)
</UL>
<P><STRONG><a name="[3d]"></a>debug_uart_send</STRONG> (Thumb, 104 bytes, Stack size 24 bytes, debug_uart.o(.text.debug_uart_send))
<BR><BR>[Stack]<UL><LI>Max Depth = 48<LI>Call Chain = debug_uart_send &rArr; basic_queue_push
</UL>
<BR>[Calls]<UL><LI><a href="#[68]">&gt;&gt;</a>&nbsp;&nbsp;&nbsp;HAL_NVIC_EnableIRQ
<LI><a href="#[6a]">&gt;&gt;</a>&nbsp;&nbsp;&nbsp;HAL_NVIC_DisableIRQ
<LI><a href="#[92]">&gt;&gt;</a>&nbsp;&nbsp;&nbsp;basic_queue_push
<LI><a href="#[94]">&gt;&gt;</a>&nbsp;&nbsp;&nbsp;basic_queue_pull_pop
<LI><a href="#[a4]">&gt;&gt;</a>&nbsp;&nbsp;&nbsp;basic_queue_is_empty
<LI><a href="#[95]">&gt;&gt;</a>&nbsp;&nbsp;&nbsp;HAL_UART_Transmit_IT
</UL>
<BR>[Address Reference Count : 1]<UL><LI> shell_port.o(.text.shell_uart_init)
</UL>
<P><STRONG><a name="[a6]"></a>export_run</STRONG> (Thumb, 34 bytes, Stack size 16 bytes, export.o(.text.export_run))
<BR><BR>[Stack]<UL><LI>Max Depth = 40<LI>Call Chain = export_run &rArr; _export_func_init
</UL>
<BR>[Calls]<UL><LI><a href="#[a7]">&gt;&gt;</a>&nbsp;&nbsp;&nbsp;_get_init_export_table
<LI><a href="#[a8]">&gt;&gt;</a>&nbsp;&nbsp;&nbsp;_export_func_init
</UL>
<BR>[Called By]<UL><LI><a href="#[35]">&gt;&gt;</a>&nbsp;&nbsp;&nbsp;main
</UL>

<P><STRONG><a name="[3e]"></a>led_task</STRONG> (Thumb, 44 bytes, Stack size 0 bytes, app.o(.text.led_task))
<BR><BR>[Stack]<UL><LI>Max Depth = 88<LI>Call Chain = led_task &rArr; vTaskDelay &rArr; xTaskResumeAll &rArr; xTaskIncrementTick
</UL>
<BR>[Calls]<UL><LI><a href="#[97]">&gt;&gt;</a>&nbsp;&nbsp;&nbsp;HAL_GPIO_WritePin
<LI><a href="#[a9]">&gt;&gt;</a>&nbsp;&nbsp;&nbsp;vTaskDelay
</UL>
<BR>[Address Reference Count : 1]<UL><LI> app.o(.text.start_task)
</UL>
<P><STRONG><a name="[35]"></a>main</STRONG> (Thumb, 70 bytes, Stack size 0 bytes, main.o(.text.main))
<BR><BR>[Stack]<UL><LI>Max Depth = 168<LI>Call Chain = main &rArr; app_main &rArr; vTaskStartScheduler &rArr; xTimerCreateTimerTask &rArr; prvCheckForValidListAndQueue &rArr; xQueueGenericCreateStatic &rArr; prvInitialiseNewQueue &rArr; xQueueGenericReset &rArr; xTaskRemoveFromEventList
</UL>
<BR>[Calls]<UL><LI><a href="#[a6]">&gt;&gt;</a>&nbsp;&nbsp;&nbsp;export_run
<LI><a href="#[a0]">&gt;&gt;</a>&nbsp;&nbsp;&nbsp;app_main
<LI><a href="#[9c]">&gt;&gt;</a>&nbsp;&nbsp;&nbsp;SystemClock_Config
<LI><a href="#[98]">&gt;&gt;</a>&nbsp;&nbsp;&nbsp;MX_USART1_UART_Init
<LI><a href="#[96]">&gt;&gt;</a>&nbsp;&nbsp;&nbsp;MX_GPIO_Init
<LI><a href="#[60]">&gt;&gt;</a>&nbsp;&nbsp;&nbsp;HAL_Init
<LI><a href="#[97]">&gt;&gt;</a>&nbsp;&nbsp;&nbsp;HAL_GPIO_WritePin
<LI><a href="#[5e]">&gt;&gt;</a>&nbsp;&nbsp;&nbsp;HAL_Delay
</UL>
<BR>[Address Reference Count : 1]<UL><LI> entry9a.o(.ARM.Collect$$$$0000000B)
</UL>
<P><STRONG><a name="[d5]"></a>pvPortMalloc</STRONG> (Thumb, 316 bytes, Stack size 32 bytes, heap_4.o(.text.pvPortMalloc))
<BR><BR>[Stack]<UL><LI>Max Depth = 112<LI>Call Chain = pvPortMalloc &rArr; xTaskResumeAll &rArr; xTaskIncrementTick
</UL>
<BR>[Calls]<UL><LI><a href="#[d7]">&gt;&gt;</a>&nbsp;&nbsp;&nbsp;prvInsertBlockIntoFreeList
<LI><a href="#[d6]">&gt;&gt;</a>&nbsp;&nbsp;&nbsp;prvHeapInit
<LI><a href="#[cd]">&gt;&gt;</a>&nbsp;&nbsp;&nbsp;xTaskResumeAll
<LI><a href="#[cc]">&gt;&gt;</a>&nbsp;&nbsp;&nbsp;vTaskSuspendAll
</UL>
<BR>[Called By]<UL><LI><a href="#[a1]">&gt;&gt;</a>&nbsp;&nbsp;&nbsp;xTaskCreate
</UL>

<P><STRONG><a name="[c2]"></a>pxPortInitialiseStack</STRONG> (Thumb, 32 bytes, Stack size 0 bytes, port.o(.text.pxPortInitialiseStack))
<BR><BR>[Called By]<UL><LI><a href="#[bf]">&gt;&gt;</a>&nbsp;&nbsp;&nbsp;prvInitialiseNewTask
</UL>

<P><STRONG><a name="[4a]"></a>shellBackspace</STRONG> (Thumb, 10 bytes, Stack size 8 bytes, shell.o(.text.shellBackspace))
<BR><BR>[Stack]<UL><LI>Max Depth = 48<LI>Call Chain = shellBackspace &rArr; shellDeleteByte &rArr; shellDeleteCommandLine &rArr; shellWriteString
</UL>
<BR>[Calls]<UL><LI><a href="#[d8]">&gt;&gt;</a>&nbsp;&nbsp;&nbsp;shellDeleteByte
</UL>
<BR>[Address Reference Count : 1]<UL><LI> shell.o(shellCommand)
</UL>
<P><STRONG><a name="[f5]"></a>shellCheckPermission</STRONG> (Thumb, 60 bytes, Stack size 0 bytes, shell.o(.text.shellCheckPermission))
<BR><BR>[Called By]<UL><LI><a href="#[49]">&gt;&gt;</a>&nbsp;&nbsp;&nbsp;shellTab
<LI><a href="#[e6]">&gt;&gt;</a>&nbsp;&nbsp;&nbsp;shellSeekCommand
<LI><a href="#[103]">&gt;&gt;</a>&nbsp;&nbsp;&nbsp;shellListVar
<LI><a href="#[102]">&gt;&gt;</a>&nbsp;&nbsp;&nbsp;shellListUser
<LI><a href="#[fe]">&gt;&gt;</a>&nbsp;&nbsp;&nbsp;shellListKey
<LI><a href="#[e0]">&gt;&gt;</a>&nbsp;&nbsp;&nbsp;shellListCommand
<LI><a href="#[f4]">&gt;&gt;</a>&nbsp;&nbsp;&nbsp;shellHandler
</UL>

<P><STRONG><a name="[52]"></a>shellClear</STRONG> (Thumb, 26 bytes, Stack size 8 bytes, shell.o(.text.shellClear))
<BR><BR>[Stack]<UL><LI>Max Depth = 16<LI>Call Chain = shellClear &rArr; shellWriteString
</UL>
<BR>[Calls]<UL><LI><a href="#[db]">&gt;&gt;</a>&nbsp;&nbsp;&nbsp;shellWriteString
<LI><a href="#[dc]">&gt;&gt;</a>&nbsp;&nbsp;&nbsp;shellGetCurrent
</UL>
<BR>[Address Reference Count : 1]<UL><LI> shell.o(shellCommand)
</UL>
<P><STRONG><a name="[dd]"></a>shellClearCommandLine</STRONG> (Thumb, 42 bytes, Stack size 16 bytes, shell.o(.text.shellClearCommandLine))
<BR><BR>[Stack]<UL><LI>Max Depth = 40<LI>Call Chain = shellClearCommandLine &rArr; shellDeleteCommandLine &rArr; shellWriteString
</UL>
<BR>[Calls]<UL><LI><a href="#[de]">&gt;&gt;</a>&nbsp;&nbsp;&nbsp;shellWriteByte
<LI><a href="#[df]">&gt;&gt;</a>&nbsp;&nbsp;&nbsp;shellDeleteCommandLine
</UL>
<BR>[Called By]<UL><LI><a href="#[e1]">&gt;&gt;</a>&nbsp;&nbsp;&nbsp;shellHistory
<LI><a href="#[49]">&gt;&gt;</a>&nbsp;&nbsp;&nbsp;shellTab
</UL>

<P><STRONG><a name="[4f]"></a>shellCmds</STRONG> (Thumb, 16 bytes, Stack size 8 bytes, shell.o(.text.shellCmds))
<BR><BR>[Stack]<UL><LI>Max Depth = 72<LI>Call Chain = shellCmds &rArr; shellListCommand &rArr; shellListItem &rArr; shellWriteCommandDesc
</UL>
<BR>[Calls]<UL><LI><a href="#[e0]">&gt;&gt;</a>&nbsp;&nbsp;&nbsp;shellListCommand
<LI><a href="#[dc]">&gt;&gt;</a>&nbsp;&nbsp;&nbsp;shellGetCurrent
</UL>
<BR>[Address Reference Count : 1]<UL><LI> shell.o(shellCommand)
</UL>
<P><STRONG><a name="[4b]"></a>shellDelete</STRONG> (Thumb, 12 bytes, Stack size 8 bytes, shell.o(.text.shellDelete))
<BR><BR>[Stack]<UL><LI>Max Depth = 48<LI>Call Chain = shellDelete &rArr; shellDeleteByte &rArr; shellDeleteCommandLine &rArr; shellWriteString
</UL>
<BR>[Calls]<UL><LI><a href="#[d8]">&gt;&gt;</a>&nbsp;&nbsp;&nbsp;shellDeleteByte
</UL>
<BR>[Address Reference Count : 1]<UL><LI> shell.o(shellCommand)
</UL>
<P><STRONG><a name="[d8]"></a>shellDeleteByte</STRONG> (Thumb, 208 bytes, Stack size 16 bytes, shell.o(.text.shellDeleteByte))
<BR><BR>[Stack]<UL><LI>Max Depth = 40<LI>Call Chain = shellDeleteByte &rArr; shellDeleteCommandLine &rArr; shellWriteString
</UL>
<BR>[Calls]<UL><LI><a href="#[de]">&gt;&gt;</a>&nbsp;&nbsp;&nbsp;shellWriteByte
<LI><a href="#[df]">&gt;&gt;</a>&nbsp;&nbsp;&nbsp;shellDeleteCommandLine
</UL>
<BR>[Called By]<UL><LI><a href="#[4b]">&gt;&gt;</a>&nbsp;&nbsp;&nbsp;shellDelete
<LI><a href="#[4a]">&gt;&gt;</a>&nbsp;&nbsp;&nbsp;shellBackspace
</UL>

<P><STRONG><a name="[df]"></a>shellDeleteCommandLine</STRONG> (Thumb, 32 bytes, Stack size 16 bytes, shell.o(.text.shellDeleteCommandLine))
<BR><BR>[Stack]<UL><LI>Max Depth = 24<LI>Call Chain = shellDeleteCommandLine &rArr; shellWriteString
</UL>
<BR>[Calls]<UL><LI><a href="#[db]">&gt;&gt;</a>&nbsp;&nbsp;&nbsp;shellWriteString
</UL>
<BR>[Called By]<UL><LI><a href="#[d8]">&gt;&gt;</a>&nbsp;&nbsp;&nbsp;shellDeleteByte
<LI><a href="#[dd]">&gt;&gt;</a>&nbsp;&nbsp;&nbsp;shellClearCommandLine
</UL>

<P><STRONG><a name="[46]"></a>shellDown</STRONG> (Thumb, 12 bytes, Stack size 8 bytes, shell.o(.text.shellDown))
<BR><BR>[Stack]<UL><LI>Max Depth = 56<LI>Call Chain = shellDown &rArr; shellHistory &rArr; shellClearCommandLine &rArr; shellDeleteCommandLine &rArr; shellWriteString
</UL>
<BR>[Calls]<UL><LI><a href="#[e1]">&gt;&gt;</a>&nbsp;&nbsp;&nbsp;shellHistory
</UL>
<BR>[Address Reference Count : 1]<UL><LI> shell.o(shellCommand)
</UL>
<P><STRONG><a name="[4c]"></a>shellEnter</STRONG> (Thumb, 16 bytes, Stack size 8 bytes, shell.o(.text.shellEnter))
<BR><BR>[Stack]<UL><LI>Max Depth = 184<LI>Call Chain = shellEnter &rArr; shellExec &rArr; shellRunCommand &rArr; shellExtRun &rArr; shellExtParsePara &rArr; shellExtParseVar &rArr; shellSeekCommand &rArr; shellGetCommandName &rArr; shellToHex
</UL>
<BR>[Calls]<UL><LI><a href="#[e3]">&gt;&gt;</a>&nbsp;&nbsp;&nbsp;shellWritePrompt
<LI><a href="#[e2]">&gt;&gt;</a>&nbsp;&nbsp;&nbsp;shellExec
</UL>
<BR>[Address Reference Count : 1]<UL><LI> shell.o(shellCommand)
</UL>
<P><STRONG><a name="[e2]"></a>shellExec</STRONG> (Thumb, 106 bytes, Stack size 16 bytes, shell.o(.text.shellExec))
<BR><BR>[Stack]<UL><LI>Max Depth = 176<LI>Call Chain = shellExec &rArr; shellRunCommand &rArr; shellExtRun &rArr; shellExtParsePara &rArr; shellExtParseVar &rArr; shellSeekCommand &rArr; shellGetCommandName &rArr; shellToHex
</UL>
<BR>[Calls]<UL><LI><a href="#[e5]">&gt;&gt;</a>&nbsp;&nbsp;&nbsp;shellParserParam
<LI><a href="#[e4]">&gt;&gt;</a>&nbsp;&nbsp;&nbsp;shellHistoryAdd
<LI><a href="#[d9]">&gt;&gt;</a>&nbsp;&nbsp;&nbsp;shellCheckPassword
<LI><a href="#[db]">&gt;&gt;</a>&nbsp;&nbsp;&nbsp;shellWriteString
<LI><a href="#[e6]">&gt;&gt;</a>&nbsp;&nbsp;&nbsp;shellSeekCommand
<LI><a href="#[e7]">&gt;&gt;</a>&nbsp;&nbsp;&nbsp;shellRunCommand
</UL>
<BR>[Called By]<UL><LI><a href="#[4c]">&gt;&gt;</a>&nbsp;&nbsp;&nbsp;shellEnter
</UL>

<P><STRONG><a name="[ec]"></a>shellExtParsePara</STRONG> (Thumb, 94 bytes, Stack size 8 bytes, shell_ext.o(.text.shellExtParsePara))
<BR><BR>[Stack]<UL><LI>Max Depth = 72<LI>Call Chain = shellExtParsePara &rArr; shellExtParseVar &rArr; shellSeekCommand &rArr; shellGetCommandName &rArr; shellToHex
</UL>
<BR>[Calls]<UL><LI><a href="#[ee]">&gt;&gt;</a>&nbsp;&nbsp;&nbsp;shellExtParseVar
<LI><a href="#[ef]">&gt;&gt;</a>&nbsp;&nbsp;&nbsp;shellExtParseString
<LI><a href="#[e8]">&gt;&gt;</a>&nbsp;&nbsp;&nbsp;shellExtParseNumber
<LI><a href="#[ed]">&gt;&gt;</a>&nbsp;&nbsp;&nbsp;shellExtParseChar
</UL>
<BR>[Called By]<UL><LI><a href="#[f1]">&gt;&gt;</a>&nbsp;&nbsp;&nbsp;shellExtRun
</UL>

<P><STRONG><a name="[f1]"></a>shellExtRun</STRONG> (Thumb, 228 bytes, Stack size 72 bytes, shell_ext.o(.text.shellExtRun))
<BR><BR>[Stack]<UL><LI>Max Depth = 144<LI>Call Chain = shellExtRun &rArr; shellExtParsePara &rArr; shellExtParseVar &rArr; shellSeekCommand &rArr; shellGetCommandName &rArr; shellToHex
</UL>
<BR>[Calls]<UL><LI><a href="#[ec]">&gt;&gt;</a>&nbsp;&nbsp;&nbsp;shellExtParsePara
</UL>
<BR>[Called By]<UL><LI><a href="#[e7]">&gt;&gt;</a>&nbsp;&nbsp;&nbsp;shellRunCommand
</UL>

<P><STRONG><a name="[dc]"></a>shellGetCurrent</STRONG> (Thumb, 42 bytes, Stack size 0 bytes, shell.o(.text.shellGetCurrent))
<BR><BR>[Called By]<UL><LI><a href="#[50]">&gt;&gt;</a>&nbsp;&nbsp;&nbsp;shellVars
<LI><a href="#[4e]">&gt;&gt;</a>&nbsp;&nbsp;&nbsp;shellUsers
<LI><a href="#[44]">&gt;&gt;</a>&nbsp;&nbsp;&nbsp;shellSetVar
<LI><a href="#[51]">&gt;&gt;</a>&nbsp;&nbsp;&nbsp;shellKeys
<LI><a href="#[4d]">&gt;&gt;</a>&nbsp;&nbsp;&nbsp;shellHelp
<LI><a href="#[4f]">&gt;&gt;</a>&nbsp;&nbsp;&nbsp;shellCmds
<LI><a href="#[52]">&gt;&gt;</a>&nbsp;&nbsp;&nbsp;shellClear
</UL>

<P><STRONG><a name="[f0]"></a>shellGetVarValue</STRONG> (Thumb, 66 bytes, Stack size 8 bytes, shell.o(.text.shellGetVarValue))
<BR><BR>[Stack]<UL><LI>Max Depth = 8<LI>Call Chain = shellGetVarValue
</UL>
<BR>[Called By]<UL><LI><a href="#[108]">&gt;&gt;</a>&nbsp;&nbsp;&nbsp;shellShowVar
<LI><a href="#[ee]">&gt;&gt;</a>&nbsp;&nbsp;&nbsp;shellExtParseVar
</UL>

<P><STRONG><a name="[f4]"></a>shellHandler</STRONG> (Thumb, 238 bytes, Stack size 48 bytes, shell.o(.text.shellHandler))
<BR><BR>[Stack]<UL><LI>Max Depth = 88<LI>Call Chain = shellHandler &rArr; shellNormalInput &rArr; shellInsertByte &rArr; shellWritePrompt &rArr; shellWriteString
</UL>
<BR>[Calls]<UL><LI><a href="#[f6]">&gt;&gt;</a>&nbsp;&nbsp;&nbsp;shellNormalInput
<LI><a href="#[f5]">&gt;&gt;</a>&nbsp;&nbsp;&nbsp;shellCheckPermission
</UL>
<BR>[Called By]<UL><LI><a href="#[3b]">&gt;&gt;</a>&nbsp;&nbsp;&nbsp;shell_task
</UL>

<P><STRONG><a name="[4d]"></a>shellHelp</STRONG> (Thumb, 36 bytes, Stack size 16 bytes, shell.o(.text.shellHelp))
<BR><BR>[Stack]<UL><LI>Max Depth = 88<LI>Call Chain = shellHelp &rArr; shellListAll &rArr; shellListCommand &rArr; shellListItem &rArr; shellWriteCommandDesc
</UL>
<BR>[Calls]<UL><LI><a href="#[f8]">&gt;&gt;</a>&nbsp;&nbsp;&nbsp;shellWriteCommandHelp
<LI><a href="#[f7]">&gt;&gt;</a>&nbsp;&nbsp;&nbsp;shellListAll
<LI><a href="#[dc]">&gt;&gt;</a>&nbsp;&nbsp;&nbsp;shellGetCurrent
</UL>
<BR>[Address Reference Count : 1]<UL><LI> shell.o(shellCommand)
</UL>
<P><STRONG><a name="[fa]"></a>shellInit</STRONG> (Thumb, 124 bytes, Stack size 8 bytes, shell.o(.text.shellInit))
<BR><BR>[Stack]<UL><LI>Max Depth = 56<LI>Call Chain = shellInit &rArr; shellSeekCommand &rArr; shellGetCommandName &rArr; shellToHex
</UL>
<BR>[Calls]<UL><LI><a href="#[e3]">&gt;&gt;</a>&nbsp;&nbsp;&nbsp;shellWritePrompt
<LI><a href="#[fb]">&gt;&gt;</a>&nbsp;&nbsp;&nbsp;shellAdd
<LI><a href="#[fc]">&gt;&gt;</a>&nbsp;&nbsp;&nbsp;shellSetUser
<LI><a href="#[e6]">&gt;&gt;</a>&nbsp;&nbsp;&nbsp;shellSeekCommand
</UL>
<BR>[Called By]<UL><LI><a href="#[43]">&gt;&gt;</a>&nbsp;&nbsp;&nbsp;shell_uart_init
</UL>

<P><STRONG><a name="[fd]"></a>shellInsertByte</STRONG> (Thumb, 214 bytes, Stack size 16 bytes, shell.o(.text.shellInsertByte))
<BR><BR>[Stack]<UL><LI>Max Depth = 32<LI>Call Chain = shellInsertByte &rArr; shellWritePrompt &rArr; shellWriteString
</UL>
<BR>[Calls]<UL><LI><a href="#[e3]">&gt;&gt;</a>&nbsp;&nbsp;&nbsp;shellWritePrompt
<LI><a href="#[de]">&gt;&gt;</a>&nbsp;&nbsp;&nbsp;shellWriteByte
<LI><a href="#[db]">&gt;&gt;</a>&nbsp;&nbsp;&nbsp;shellWriteString
</UL>
<BR>[Called By]<UL><LI><a href="#[f6]">&gt;&gt;</a>&nbsp;&nbsp;&nbsp;shellNormalInput
</UL>

<P><STRONG><a name="[51]"></a>shellKeys</STRONG> (Thumb, 16 bytes, Stack size 8 bytes, shell.o(.text.shellKeys))
<BR><BR>[Stack]<UL><LI>Max Depth = 72<LI>Call Chain = shellKeys &rArr; shellListKey &rArr; shellListItem &rArr; shellWriteCommandDesc
</UL>
<BR>[Calls]<UL><LI><a href="#[fe]">&gt;&gt;</a>&nbsp;&nbsp;&nbsp;shellListKey
<LI><a href="#[dc]">&gt;&gt;</a>&nbsp;&nbsp;&nbsp;shellGetCurrent
</UL>
<BR>[Address Reference Count : 1]<UL><LI> shell.o(shellCommand)
</UL>
<P><STRONG><a name="[48]"></a>shellLeft</STRONG> (Thumb, 28 bytes, Stack size 8 bytes, shell.o(.text.shellLeft))
<BR><BR>[Stack]<UL><LI>Max Depth = 24<LI>Call Chain = shellLeft &rArr; shellWriteByte
</UL>
<BR>[Calls]<UL><LI><a href="#[de]">&gt;&gt;</a>&nbsp;&nbsp;&nbsp;shellWriteByte
</UL>
<BR>[Address Reference Count : 1]<UL><LI> shell.o(shellCommand)
</UL>
<P><STRONG><a name="[f7]"></a>shellListAll</STRONG> (Thumb, 8 bytes, Stack size 8 bytes, shell.o(.text.shellListAll))
<BR><BR>[Stack]<UL><LI>Max Depth = 72<LI>Call Chain = shellListAll &rArr; shellListCommand &rArr; shellListItem &rArr; shellWriteCommandDesc
</UL>
<BR>[Calls]<UL><LI><a href="#[e0]">&gt;&gt;</a>&nbsp;&nbsp;&nbsp;shellListCommand
</UL>
<BR>[Called By]<UL><LI><a href="#[49]">&gt;&gt;</a>&nbsp;&nbsp;&nbsp;shellTab
<LI><a href="#[4d]">&gt;&gt;</a>&nbsp;&nbsp;&nbsp;shellHelp
</UL>

<P><STRONG><a name="[e0]"></a>shellListCommand</STRONG> (Thumb, 80 bytes, Stack size 24 bytes, shell.o(.text.shellListCommand))
<BR><BR>[Stack]<UL><LI>Max Depth = 64<LI>Call Chain = shellListCommand &rArr; shellListItem &rArr; shellWriteCommandDesc
</UL>
<BR>[Calls]<UL><LI><a href="#[db]">&gt;&gt;</a>&nbsp;&nbsp;&nbsp;shellWriteString
<LI><a href="#[ff]">&gt;&gt;</a>&nbsp;&nbsp;&nbsp;shellListItem
<LI><a href="#[f5]">&gt;&gt;</a>&nbsp;&nbsp;&nbsp;shellCheckPermission
</UL>
<BR>[Called By]<UL><LI><a href="#[f7]">&gt;&gt;</a>&nbsp;&nbsp;&nbsp;shellListAll
<LI><a href="#[4f]">&gt;&gt;</a>&nbsp;&nbsp;&nbsp;shellCmds
</UL>

<P><STRONG><a name="[ff]"></a>shellListItem</STRONG> (Thumb, 180 bytes, Stack size 16 bytes, shell.o(.text.shellListItem))
<BR><BR>[Stack]<UL><LI>Max Depth = 40<LI>Call Chain = shellListItem &rArr; shellWriteCommandDesc
</UL>
<BR>[Calls]<UL><LI><a href="#[101]">&gt;&gt;</a>&nbsp;&nbsp;&nbsp;shellWriteCommandDesc
<LI><a href="#[de]">&gt;&gt;</a>&nbsp;&nbsp;&nbsp;shellWriteByte
<LI><a href="#[f2]">&gt;&gt;</a>&nbsp;&nbsp;&nbsp;shellGetCommandName
<LI><a href="#[100]">&gt;&gt;</a>&nbsp;&nbsp;&nbsp;shellGetCommandDesc
<LI><a href="#[db]">&gt;&gt;</a>&nbsp;&nbsp;&nbsp;shellWriteString
</UL>
<BR>[Called By]<UL><LI><a href="#[49]">&gt;&gt;</a>&nbsp;&nbsp;&nbsp;shellTab
<LI><a href="#[103]">&gt;&gt;</a>&nbsp;&nbsp;&nbsp;shellListVar
<LI><a href="#[102]">&gt;&gt;</a>&nbsp;&nbsp;&nbsp;shellListUser
<LI><a href="#[fe]">&gt;&gt;</a>&nbsp;&nbsp;&nbsp;shellListKey
<LI><a href="#[e0]">&gt;&gt;</a>&nbsp;&nbsp;&nbsp;shellListCommand
</UL>

<P><STRONG><a name="[fe]"></a>shellListKey</STRONG> (Thumb, 80 bytes, Stack size 24 bytes, shell.o(.text.shellListKey))
<BR><BR>[Stack]<UL><LI>Max Depth = 64<LI>Call Chain = shellListKey &rArr; shellListItem &rArr; shellWriteCommandDesc
</UL>
<BR>[Calls]<UL><LI><a href="#[db]">&gt;&gt;</a>&nbsp;&nbsp;&nbsp;shellWriteString
<LI><a href="#[ff]">&gt;&gt;</a>&nbsp;&nbsp;&nbsp;shellListItem
<LI><a href="#[f5]">&gt;&gt;</a>&nbsp;&nbsp;&nbsp;shellCheckPermission
</UL>
<BR>[Called By]<UL><LI><a href="#[51]">&gt;&gt;</a>&nbsp;&nbsp;&nbsp;shellKeys
</UL>

<P><STRONG><a name="[102]"></a>shellListUser</STRONG> (Thumb, 80 bytes, Stack size 24 bytes, shell.o(.text.shellListUser))
<BR><BR>[Stack]<UL><LI>Max Depth = 64<LI>Call Chain = shellListUser &rArr; shellListItem &rArr; shellWriteCommandDesc
</UL>
<BR>[Calls]<UL><LI><a href="#[db]">&gt;&gt;</a>&nbsp;&nbsp;&nbsp;shellWriteString
<LI><a href="#[ff]">&gt;&gt;</a>&nbsp;&nbsp;&nbsp;shellListItem
<LI><a href="#[f5]">&gt;&gt;</a>&nbsp;&nbsp;&nbsp;shellCheckPermission
</UL>
<BR>[Called By]<UL><LI><a href="#[4e]">&gt;&gt;</a>&nbsp;&nbsp;&nbsp;shellUsers
</UL>

<P><STRONG><a name="[103]"></a>shellListVar</STRONG> (Thumb, 84 bytes, Stack size 24 bytes, shell.o(.text.shellListVar))
<BR><BR>[Stack]<UL><LI>Max Depth = 64<LI>Call Chain = shellListVar &rArr; shellListItem &rArr; shellWriteCommandDesc
</UL>
<BR>[Calls]<UL><LI><a href="#[db]">&gt;&gt;</a>&nbsp;&nbsp;&nbsp;shellWriteString
<LI><a href="#[ff]">&gt;&gt;</a>&nbsp;&nbsp;&nbsp;shellListItem
<LI><a href="#[f5]">&gt;&gt;</a>&nbsp;&nbsp;&nbsp;shellCheckPermission
</UL>
<BR>[Called By]<UL><LI><a href="#[50]">&gt;&gt;</a>&nbsp;&nbsp;&nbsp;shellVars
</UL>

<P><STRONG><a name="[f6]"></a>shellNormalInput</STRONG> (Thumb, 20 bytes, Stack size 8 bytes, shell.o(.text.shellNormalInput))
<BR><BR>[Stack]<UL><LI>Max Depth = 40<LI>Call Chain = shellNormalInput &rArr; shellInsertByte &rArr; shellWritePrompt &rArr; shellWriteString
</UL>
<BR>[Calls]<UL><LI><a href="#[fd]">&gt;&gt;</a>&nbsp;&nbsp;&nbsp;shellInsertByte
</UL>
<BR>[Called By]<UL><LI><a href="#[f4]">&gt;&gt;</a>&nbsp;&nbsp;&nbsp;shellHandler
</UL>

<P><STRONG><a name="[47]"></a>shellRight</STRONG> (Thumb, 26 bytes, Stack size 8 bytes, shell.o(.text.shellRight))
<BR><BR>[Stack]<UL><LI>Max Depth = 24<LI>Call Chain = shellRight &rArr; shellWriteByte
</UL>
<BR>[Calls]<UL><LI><a href="#[de]">&gt;&gt;</a>&nbsp;&nbsp;&nbsp;shellWriteByte
</UL>
<BR>[Address Reference Count : 1]<UL><LI> shell.o(shellCommand)
</UL>
<P><STRONG><a name="[e7]"></a>shellRunCommand</STRONG> (Thumb, 146 bytes, Stack size 16 bytes, shell.o(.text.shellRunCommand))
<BR><BR>[Stack]<UL><LI>Max Depth = 160<LI>Call Chain = shellRunCommand &rArr; shellExtRun &rArr; shellExtParsePara &rArr; shellExtParseVar &rArr; shellSeekCommand &rArr; shellGetCommandName &rArr; shellToHex
</UL>
<BR>[Calls]<UL><LI><a href="#[107]">&gt;&gt;</a>&nbsp;&nbsp;&nbsp;shellWriteReturnValue
<LI><a href="#[108]">&gt;&gt;</a>&nbsp;&nbsp;&nbsp;shellShowVar
<LI><a href="#[105]">&gt;&gt;</a>&nbsp;&nbsp;&nbsp;shellRemoveParamQuotes
<LI><a href="#[fc]">&gt;&gt;</a>&nbsp;&nbsp;&nbsp;shellSetUser
<LI><a href="#[f1]">&gt;&gt;</a>&nbsp;&nbsp;&nbsp;shellExtRun
</UL>
<BR>[Called By]<UL><LI><a href="#[e2]">&gt;&gt;</a>&nbsp;&nbsp;&nbsp;shellExec
</UL>

<P><STRONG><a name="[e6]"></a>shellSeekCommand</STRONG> (Thumb, 130 bytes, Stack size 32 bytes, shell.o(.text.shellSeekCommand))
<BR><BR>[Stack]<UL><LI>Max Depth = 48<LI>Call Chain = shellSeekCommand &rArr; shellGetCommandName &rArr; shellToHex
</UL>
<BR>[Calls]<UL><LI><a href="#[f2]">&gt;&gt;</a>&nbsp;&nbsp;&nbsp;shellGetCommandName
<LI><a href="#[109]">&gt;&gt;</a>&nbsp;&nbsp;&nbsp;strncmp
<LI><a href="#[da]">&gt;&gt;</a>&nbsp;&nbsp;&nbsp;strcmp
<LI><a href="#[f5]">&gt;&gt;</a>&nbsp;&nbsp;&nbsp;shellCheckPermission
</UL>
<BR>[Called By]<UL><LI><a href="#[f8]">&gt;&gt;</a>&nbsp;&nbsp;&nbsp;shellWriteCommandHelp
<LI><a href="#[ee]">&gt;&gt;</a>&nbsp;&nbsp;&nbsp;shellExtParseVar
<LI><a href="#[44]">&gt;&gt;</a>&nbsp;&nbsp;&nbsp;shellSetVar
<LI><a href="#[fa]">&gt;&gt;</a>&nbsp;&nbsp;&nbsp;shellInit
<LI><a href="#[e2]">&gt;&gt;</a>&nbsp;&nbsp;&nbsp;shellExec
</UL>

<P><STRONG><a name="[fc]"></a>shellSetUser</STRONG> (Thumb, 98 bytes, Stack size 8 bytes, shell.o(.text.shellSetUser))
<BR><BR>[Stack]<UL><LI>Max Depth = 16<LI>Call Chain = shellSetUser &rArr; strcmp
</UL>
<BR>[Calls]<UL><LI><a href="#[da]">&gt;&gt;</a>&nbsp;&nbsp;&nbsp;strcmp
<LI><a href="#[db]">&gt;&gt;</a>&nbsp;&nbsp;&nbsp;shellWriteString
</UL>
<BR>[Called By]<UL><LI><a href="#[e7]">&gt;&gt;</a>&nbsp;&nbsp;&nbsp;shellRunCommand
<LI><a href="#[fa]">&gt;&gt;</a>&nbsp;&nbsp;&nbsp;shellInit
</UL>

<P><STRONG><a name="[44]"></a>shellSetVar</STRONG> (Thumb, 80 bytes, Stack size 16 bytes, shell.o(.text.shellSetVar))
<BR><BR>[Stack]<UL><LI>Max Depth = 80<LI>Call Chain = shellSetVar &rArr; shellSetVarValue &rArr; shellShowVar &rArr; shellToDec
</UL>
<BR>[Calls]<UL><LI><a href="#[db]">&gt;&gt;</a>&nbsp;&nbsp;&nbsp;shellWriteString
<LI><a href="#[10a]">&gt;&gt;</a>&nbsp;&nbsp;&nbsp;shellSetVarValue
<LI><a href="#[e6]">&gt;&gt;</a>&nbsp;&nbsp;&nbsp;shellSeekCommand
<LI><a href="#[dc]">&gt;&gt;</a>&nbsp;&nbsp;&nbsp;shellGetCurrent
</UL>
<BR>[Address Reference Count : 1]<UL><LI> shell.o(shellCommand)
</UL>
<P><STRONG><a name="[10a]"></a>shellSetVarValue</STRONG> (Thumb, 112 bytes, Stack size 16 bytes, shell.o(.text.shellSetVarValue))
<BR><BR>[Stack]<UL><LI>Max Depth = 64<LI>Call Chain = shellSetVarValue &rArr; shellShowVar &rArr; shellToDec
</UL>
<BR>[Calls]<UL><LI><a href="#[f9]">&gt;&gt;</a>&nbsp;&nbsp;&nbsp;shellStringCopy
<LI><a href="#[108]">&gt;&gt;</a>&nbsp;&nbsp;&nbsp;shellShowVar
<LI><a href="#[db]">&gt;&gt;</a>&nbsp;&nbsp;&nbsp;shellWriteString
</UL>
<BR>[Called By]<UL><LI><a href="#[44]">&gt;&gt;</a>&nbsp;&nbsp;&nbsp;shellSetVar
</UL>

<P><STRONG><a name="[104]"></a>shellSplit</STRONG> (Thumb, 260 bytes, Stack size 56 bytes, shell.o(.text.shellSplit))
<BR><BR>[Stack]<UL><LI>Max Depth = 56<LI>Call Chain = shellSplit
</UL>
<BR>[Calls]<UL><LI><a href="#[9d]">&gt;&gt;</a>&nbsp;&nbsp;&nbsp;__aeabi_memclr4
</UL>
<BR>[Called By]<UL><LI><a href="#[e5]">&gt;&gt;</a>&nbsp;&nbsp;&nbsp;shellParserParam
</UL>

<P><STRONG><a name="[49]"></a>shellTab</STRONG> (Thumb, 296 bytes, Stack size 40 bytes, shell.o(.text.shellTab))
<BR><BR>[Stack]<UL><LI>Max Depth = 112<LI>Call Chain = shellTab &rArr; shellListAll &rArr; shellListCommand &rArr; shellListItem &rArr; shellWriteCommandDesc
</UL>
<BR>[Calls]<UL><LI><a href="#[e3]">&gt;&gt;</a>&nbsp;&nbsp;&nbsp;shellWritePrompt
<LI><a href="#[f9]">&gt;&gt;</a>&nbsp;&nbsp;&nbsp;shellStringCopy
<LI><a href="#[10c]">&gt;&gt;</a>&nbsp;&nbsp;&nbsp;shellStringCompare
<LI><a href="#[f2]">&gt;&gt;</a>&nbsp;&nbsp;&nbsp;shellGetCommandName
<LI><a href="#[db]">&gt;&gt;</a>&nbsp;&nbsp;&nbsp;shellWriteString
<LI><a href="#[ff]">&gt;&gt;</a>&nbsp;&nbsp;&nbsp;shellListItem
<LI><a href="#[f7]">&gt;&gt;</a>&nbsp;&nbsp;&nbsp;shellListAll
[...]
<LI><a href="#[a1]">&gt;&gt;</a>&nbsp;&nbsp;&nbsp;xTaskCreate
</UL>

<P><STRONG><a name="[b0]"></a>prvInitialiseTaskLists</STRONG> (Thumb, 112 bytes, Stack size 16 bytes, tasks.o(.text.prvInitialiseTaskLists))
<BR><BR>[Stack]<UL><LI>Max Depth = 16<LI>Call Chain = prvInitialiseTaskLists
</UL>
<BR>[Calls]<UL><LI><a href="#[b3]">&gt;&gt;</a>&nbsp;&nbsp;&nbsp;vListInitialise
</UL>
<BR>[Called By]<UL><LI><a href="#[ae]">&gt;&gt;</a>&nbsp;&nbsp;&nbsp;prvAddNewTaskToReadyList
</UL>

<P><STRONG><a name="[110]"></a>prvResetNextTaskUnblockTime</STRONG> (Thumb, 40 bytes, Stack size 0 bytes, tasks.o(.text.prvResetNextTaskUnblockTime))
<BR><BR>[Called By]<UL><LI><a href="#[9b]">&gt;&gt;</a>&nbsp;&nbsp;&nbsp;xTaskIncrementTick
<LI><a href="#[10e]">&gt;&gt;</a>&nbsp;&nbsp;&nbsp;vTaskDelete
<LI><a href="#[cd]">&gt;&gt;</a>&nbsp;&nbsp;&nbsp;xTaskResumeAll
</UL>

<P><STRONG><a name="[b2]"></a>prvCheckForValidListAndQueue</STRONG> (Thumb, 116 bytes, Stack size 24 bytes, timers.o(.text.prvCheckForValidListAndQueue))
<BR><BR>[Stack]<UL><LI>Max Depth = 96<LI>Call Chain = prvCheckForValidListAndQueue &rArr; xQueueGenericCreateStatic &rArr; prvInitialiseNewQueue &rArr; xQueueGenericReset &rArr; xTaskRemoveFromEventList
</UL>
<BR>[Calls]<UL><LI><a href="#[b4]">&gt;&gt;</a>&nbsp;&nbsp;&nbsp;xQueueGenericCreateStatic
<LI><a href="#[b5]">&gt;&gt;</a>&nbsp;&nbsp;&nbsp;vQueueAddToRegistry
<LI><a href="#[b1]">&gt;&gt;</a>&nbsp;&nbsp;&nbsp;vPortExitCritical
<LI><a href="#[af]">&gt;&gt;</a>&nbsp;&nbsp;&nbsp;vPortEnterCritical
<LI><a href="#[b3]">&gt;&gt;</a>&nbsp;&nbsp;&nbsp;vListInitialise
</UL>
<BR>[Called By]<UL><LI><a href="#[114]">&gt;&gt;</a>&nbsp;&nbsp;&nbsp;xTimerCreateTimerTask
</UL>

<P><STRONG><a name="[d1]"></a>prvGetNextExpireTime</STRONG> (Thumb, 32 bytes, Stack size 0 bytes, timers.o(.text.prvGetNextExpireTime))
<BR><BR>[Called By]<UL><LI><a href="#[41]">&gt;&gt;</a>&nbsp;&nbsp;&nbsp;prvTimerTask
</UL>

<P><STRONG><a name="[c3]"></a>prvInsertTimerInActiveList</STRONG> (Thumb, 64 bytes, Stack size 8 bytes, timers.o(.text.prvInsertTimerInActiveList))
<BR><BR>[Stack]<UL><LI>Max Depth = 16<LI>Call Chain = prvInsertTimerInActiveList &rArr; vListInsert
</UL>
<BR>[Calls]<UL><LI><a href="#[ad]">&gt;&gt;</a>&nbsp;&nbsp;&nbsp;vListInsert
</UL>
<BR>[Called By]<UL><LI><a href="#[c8]">&gt;&gt;</a>&nbsp;&nbsp;&nbsp;prvProcessReceivedCommands
<LI><a href="#[c6]">&gt;&gt;</a>&nbsp;&nbsp;&nbsp;prvProcessExpiredTimer
</UL>

<P><STRONG><a name="[c6]"></a>prvProcessExpiredTimer</STRONG> (Thumb, 98 bytes, Stack size 24 bytes, timers.o(.text.prvProcessExpiredTimer))
<BR><BR>[Stack]<UL><LI>Max Depth = 176<LI>Call Chain = prvProcessExpiredTimer &rArr; xTimerGenericCommand &rArr; xQueueGenericSend &rArr; xTaskResumeAll &rArr; xTaskIncrementTick
</UL>
<BR>[Calls]<UL><LI><a href="#[c7]">&gt;&gt;</a>&nbsp;&nbsp;&nbsp;xTimerGenericCommand
<LI><a href="#[c3]">&gt;&gt;</a>&nbsp;&nbsp;&nbsp;prvInsertTimerInActiveList
<LI><a href="#[ab]">&gt;&gt;</a>&nbsp;&nbsp;&nbsp;uxListRemove
</UL>
<BR>[Called By]<UL><LI><a href="#[cb]">&gt;&gt;</a>&nbsp;&nbsp;&nbsp;prvProcessTimerOrBlockTask
</UL>

<P><STRONG><a name="[c8]"></a>prvProcessReceivedCommands</STRONG> (Thumb, 258 bytes, Stack size 56 bytes, timers.o(.text.prvProcessReceivedCommands))
<BR><BR>[Stack]<UL><LI>Max Depth = 256<LI>Call Chain = prvProcessReceivedCommands &rArr; prvSampleTimeNow &rArr; prvSwitchTimerLists &rArr; xTimerGenericCommand &rArr; xQueueGenericSend &rArr; xTaskResumeAll &rArr; xTaskIncrementTick
</UL>
<BR>[Calls]<UL><LI><a href="#[c7]">&gt;&gt;</a>&nbsp;&nbsp;&nbsp;xTimerGenericCommand
<LI><a href="#[ca]">&gt;&gt;</a>&nbsp;&nbsp;&nbsp;prvSampleTimeNow
<LI><a href="#[c3]">&gt;&gt;</a>&nbsp;&nbsp;&nbsp;prvInsertTimerInActiveList
<LI><a href="#[c9]">&gt;&gt;</a>&nbsp;&nbsp;&nbsp;xQueueReceive
<LI><a href="#[ab]">&gt;&gt;</a>&nbsp;&nbsp;&nbsp;uxListRemove
<LI><a href="#[bc]">&gt;&gt;</a>&nbsp;&nbsp;&nbsp;vPortFree
</UL>
<BR>[Called By]<UL><LI><a href="#[41]">&gt;&gt;</a>&nbsp;&nbsp;&nbsp;prvTimerTask
</UL>

<P><STRONG><a name="[cb]"></a>prvProcessTimerOrBlockTask</STRONG> (Thumb, 128 bytes, Stack size 24 bytes, timers.o(.text.prvProcessTimerOrBlockTask))
<BR><BR>[Stack]<UL><LI>Max Depth = 224<LI>Call Chain = prvProcessTimerOrBlockTask &rArr; prvSampleTimeNow &rArr; prvSwitchTimerLists &rArr; xTimerGenericCommand &rArr; xQueueGenericSend &rArr; xTaskResumeAll &rArr; xTaskIncrementTick
</UL>
<BR>[Calls]<UL><LI><a href="#[ca]">&gt;&gt;</a>&nbsp;&nbsp;&nbsp;prvSampleTimeNow
<LI><a href="#[c6]">&gt;&gt;</a>&nbsp;&nbsp;&nbsp;prvProcessExpiredTimer
<LI><a href="#[ce]">&gt;&gt;</a>&nbsp;&nbsp;&nbsp;vQueueWaitForMessageRestricted
<LI><a href="#[cd]">&gt;&gt;</a>&nbsp;&nbsp;&nbsp;xTaskResumeAll
<LI><a href="#[cc]">&gt;&gt;</a>&nbsp;&nbsp;&nbsp;vTaskSuspendAll
</UL>
<BR>[Called By]<UL><LI><a href="#[41]">&gt;&gt;</a>&nbsp;&nbsp;&nbsp;prvTimerTask
</UL>

<P><STRONG><a name="[ca]"></a>prvSampleTimeNow</STRONG> (Thumb, 42 bytes, Stack size 16 bytes, timers.o(.text.prvSampleTimeNow))
<BR><BR>[Stack]<UL><LI>Max Depth = 200<LI>Call Chain = prvSampleTimeNow &rArr; prvSwitchTimerLists &rArr; xTimerGenericCommand &rArr; xQueueGenericSend &rArr; xTaskResumeAll &rArr; xTaskIncrementTick
</UL>
<BR>[Calls]<UL><LI><a href="#[d0]">&gt;&gt;</a>&nbsp;&nbsp;&nbsp;prvSwitchTimerLists
<LI><a href="#[cf]">&gt;&gt;</a>&nbsp;&nbsp;&nbsp;xTaskGetTickCount
</UL>
<BR>[Called By]<UL><LI><a href="#[cb]">&gt;&gt;</a>&nbsp;&nbsp;&nbsp;prvProcessTimerOrBlockTask
<LI><a href="#[c8]">&gt;&gt;</a>&nbsp;&nbsp;&nbsp;prvProcessReceivedCommands
</UL>

<P><STRONG><a name="[d0]"></a>prvSwitchTimerLists</STRONG> (Thumb, 138 bytes, Stack size 32 bytes, timers.o(.text.prvSwitchTimerLists))
<BR><BR>[Stack]<UL><LI>Max Depth = 184<LI>Call Chain = prvSwitchTimerLists &rArr; xTimerGenericCommand &rArr; xQueueGenericSend &rArr; xTaskResumeAll &rArr; xTaskIncrementTick
</UL>
<BR>[Calls]<UL><LI><a href="#[c7]">&gt;&gt;</a>&nbsp;&nbsp;&nbsp;xTimerGenericCommand
<LI><a href="#[ad]">&gt;&gt;</a>&nbsp;&nbsp;&nbsp;vListInsert
<LI><a href="#[ab]">&gt;&gt;</a>&nbsp;&nbsp;&nbsp;uxListRemove
</UL>
<BR>[Called By]<UL><LI><a href="#[ca]">&gt;&gt;</a>&nbsp;&nbsp;&nbsp;prvSampleTimeNow
</UL>

<P><STRONG><a name="[41]"></a>prvTimerTask</STRONG> (Thumb, 22 bytes, Stack size 8 bytes, timers.o(.text.prvTimerTask))
<BR><BR>[Stack]<UL><LI>Max Depth = 264<LI>Call Chain = prvTimerTask &rArr; prvProcessReceivedCommands &rArr; prvSampleTimeNow &rArr; prvSwitchTimerLists &rArr; xTimerGenericCommand &rArr; xQueueGenericSend &rArr; xTaskResumeAll &rArr; xTaskIncrementTick
</UL>
<BR>[Calls]<UL><LI><a href="#[cb]">&gt;&gt;</a>&nbsp;&nbsp;&nbsp;prvProcessTimerOrBlockTask
<LI><a href="#[c8]">&gt;&gt;</a>&nbsp;&nbsp;&nbsp;prvProcessReceivedCommands
<LI><a href="#[d1]">&gt;&gt;</a>&nbsp;&nbsp;&nbsp;prvGetNextExpireTime
</UL>
<BR>[Address Reference Count : 1]<UL><LI> timers.o(.text.xTimerCreateTimerTask)
</UL>
<P><STRONG><a name="[d6]"></a>prvHeapInit</STRONG> (Thumb, 118 bytes, Stack size 0 bytes, heap_4.o(.text.prvHeapInit))
<BR><BR>[Called By]<UL><LI><a href="#[d5]">&gt;&gt;</a>&nbsp;&nbsp;&nbsp;pvPortMalloc
</UL>

<P><STRONG><a name="[d7]"></a>prvInsertBlockIntoFreeList</STRONG> (Thumb, 90 bytes, Stack size 8 bytes, heap_4.o(.text.prvInsertBlockIntoFreeList))
<BR><BR>[Stack]<UL><LI>Max Depth = 8<LI>Call Chain = prvInsertBlockIntoFreeList
</UL>
<BR>[Called By]<UL><LI><a href="#[bc]">&gt;&gt;</a>&nbsp;&nbsp;&nbsp;vPortFree
<LI><a href="#[d5]">&gt;&gt;</a>&nbsp;&nbsp;&nbsp;pvPortMalloc
</UL>

<P><STRONG><a name="[117]"></a>prvPortStartFirstTask</STRONG> (Thumb, 26 bytes, Stack size 0 bytes, port.o(.text.prvPortStartFirstTask))
<BR><BR>[Called By]<UL><LI><a href="#[115]">&gt;&gt;</a>&nbsp;&nbsp;&nbsp;xPortStartScheduler
</UL>

<P><STRONG><a name="[3a]"></a>prvTaskExitError</STRONG> (Thumb, 50 bytes, Stack size 4 bytes, port.o(.text.prvTaskExitError))
<BR><BR>[Stack]<UL><LI>Max Depth = 4<LI>Call Chain = prvTaskExitError
</UL>
<BR>[Called By]<UL><LI><a href="#[115]">&gt;&gt;</a>&nbsp;&nbsp;&nbsp;xPortStartScheduler
</UL>
<BR>[Address Reference Count : 1]<UL><LI> port.o(.text.pxPortInitialiseStack)
</UL>
<P><STRONG><a name="[a8]"></a>_export_func_init</STRONG> (Thumb, 74 bytes, Stack size 24 bytes, export.o(.text._export_func_init))
<BR><BR>[Stack]<UL><LI>Max Depth = 24<LI>Call Chain = _export_func_init
</UL>
<BR>[Called By]<UL><LI><a href="#[a6]">&gt;&gt;</a>&nbsp;&nbsp;&nbsp;export_run
</UL>

<P><STRONG><a name="[a7]"></a>_get_init_export_table</STRONG> (Thumb, 142 bytes, Stack size 8 bytes, export.o(.text._get_init_export_table))
<BR><BR>[Stack]<UL><LI>Max Depth = 8<LI>Call Chain = _get_init_export_table
</UL>
<BR>[Called By]<UL><LI><a href="#[a6]">&gt;&gt;</a>&nbsp;&nbsp;&nbsp;export_run
</UL>

<P><STRONG><a name="[42]"></a>module_null_init</STRONG> (Thumb, 2 bytes, Stack size 0 bytes, export.o(.text.module_null_init))
<BR>[Address Reference Count : 1]<UL><LI> export.o(init_export)
</UL>
<P><STRONG><a name="[fb]"></a>shellAdd</STRONG> (Thumb, 40 bytes, Stack size 0 bytes, shell.o(.text.shellAdd))
<BR><BR>[Called By]<UL><LI><a href="#[fa]">&gt;&gt;</a>&nbsp;&nbsp;&nbsp;shellInit
</UL>

<P><STRONG><a name="[d9]"></a>shellCheckPassword</STRONG> (Thumb, 52 bytes, Stack size 8 bytes, shell.o(.text.shellCheckPassword))
<BR><BR>[Stack]<UL><LI>Max Depth = 16<LI>Call Chain = shellCheckPassword &rArr; strcmp
</UL>
<BR>[Calls]<UL><LI><a href="#[da]">&gt;&gt;</a>&nbsp;&nbsp;&nbsp;strcmp
<LI><a href="#[db]">&gt;&gt;</a>&nbsp;&nbsp;&nbsp;shellWriteString
</UL>
<BR>[Called By]<UL><LI><a href="#[e2]">&gt;&gt;</a>&nbsp;&nbsp;&nbsp;shellExec
</UL>

<P><STRONG><a name="[100]"></a>shellGetCommandDesc</STRONG> (Thumb, 4 bytes, Stack size 0 bytes, shell.o(.text.shellGetCommandDesc))
<BR><BR>[Called By]<UL><LI><a href="#[f8]">&gt;&gt;</a>&nbsp;&nbsp;&nbsp;shellWriteCommandHelp
<LI><a href="#[ff]">&gt;&gt;</a>&nbsp;&nbsp;&nbsp;shellListItem
</UL>

<P><STRONG><a name="[f2]"></a>shellGetCommandName</STRONG> (Thumb, 64 bytes, Stack size 8 bytes, shell.o(.text.shellGetCommandName))
<BR><BR>[Stack]<UL><LI>Max Depth = 16<LI>Call Chain = shellGetCommandName &rArr; shellToHex
</UL>
<BR>[Calls]<UL><LI><a href="#[f3]">&gt;&gt;</a>&nbsp;&nbsp;&nbsp;shellToHex
</UL>
<BR>[Called By]<UL><LI><a href="#[f8]">&gt;&gt;</a>&nbsp;&nbsp;&nbsp;shellWriteCommandHelp
<LI><a href="#[49]">&gt;&gt;</a>&nbsp;&nbsp;&nbsp;shellTab
<LI><a href="#[e6]">&gt;&gt;</a>&nbsp;&nbsp;&nbsp;shellSeekCommand
<LI><a href="#[ff]">&gt;&gt;</a>&nbsp;&nbsp;&nbsp;shellListItem
</UL>

<P><STRONG><a name="[e1]"></a>shellHistory</STRONG> (Thumb, 156 bytes, Stack size 8 bytes, shell.o(.text.shellHistory))
<BR><BR>[Stack]<UL><LI>Max Depth = 48<LI>Call Chain = shellHistory &rArr; shellClearCommandLine &rArr; shellDeleteCommandLine &rArr; shellWriteString
</UL>
<BR>[Calls]<UL><LI><a href="#[f9]">&gt;&gt;</a>&nbsp;&nbsp;&nbsp;shellStringCopy
<LI><a href="#[db]">&gt;&gt;</a>&nbsp;&nbsp;&nbsp;shellWriteString
<LI><a href="#[dd]">&gt;&gt;</a>&nbsp;&nbsp;&nbsp;shellClearCommandLine
</UL>
<BR>[Called By]<UL><LI><a href="#[45]">&gt;&gt;</a>&nbsp;&nbsp;&nbsp;shellUp
<LI><a href="#[46]">&gt;&gt;</a>&nbsp;&nbsp;&nbsp;shellDown
</UL>

<P><STRONG><a name="[e4]"></a>shellHistoryAdd</STRONG> (Thumb, 108 bytes, Stack size 8 bytes, shell.o(.text.shellHistoryAdd))
<BR><BR>[Stack]<UL><LI>Max Depth = 16<LI>Call Chain = shellHistoryAdd &rArr; shellStringCopy
</UL>
<BR>[Calls]<UL><LI><a href="#[f9]">&gt;&gt;</a>&nbsp;&nbsp;&nbsp;shellStringCopy
<LI><a href="#[da]">&gt;&gt;</a>&nbsp;&nbsp;&nbsp;strcmp
</UL>
<BR>[Called By]<UL><LI><a href="#[e2]">&gt;&gt;</a>&nbsp;&nbsp;&nbsp;shellExec
</UL>

<P><STRONG><a name="[e5]"></a>shellParserParam</STRONG> (Thumb, 34 bytes, Stack size 16 bytes, shell.o(.text.shellParserParam))
<BR><BR>[Stack]<UL><LI>Max Depth = 72<LI>Call Chain = shellParserParam &rArr; shellSplit
</UL>
<BR>[Calls]<UL><LI><a href="#[104]">&gt;&gt;</a>&nbsp;&nbsp;&nbsp;shellSplit
</UL>
<BR>[Called By]<UL><LI><a href="#[e2]">&gt;&gt;</a>&nbsp;&nbsp;&nbsp;shellExec
</UL>

<P><STRONG><a name="[105]"></a>shellRemoveParamQuotes</STRONG> (Thumb, 90 bytes, Stack size 24 bytes, shell.o(.text.shellRemoveParamQuotes))
<BR><BR>[Stack]<UL><LI>Max Depth = 24<LI>Call Chain = shellRemoveParamQuotes
</UL>
<BR>[Calls]<UL><LI><a href="#[106]">&gt;&gt;</a>&nbsp;&nbsp;&nbsp;strlen
</UL>
<BR>[Called By]<UL><LI><a href="#[e7]">&gt;&gt;</a>&nbsp;&nbsp;&nbsp;shellRunCommand
</UL>

<P><STRONG><a name="[108]"></a>shellShowVar</STRONG> (Thumb, 172 bytes, Stack size 32 bytes, shell.o(.text.shellShowVar))
<BR><BR>[Stack]<UL><LI>Max Depth = 48<LI>Call Chain = shellShowVar &rArr; shellToDec
</UL>
<BR>[Calls]<UL><LI><a href="#[db]">&gt;&gt;</a>&nbsp;&nbsp;&nbsp;shellWriteString
<LI><a href="#[f3]">&gt;&gt;</a>&nbsp;&nbsp;&nbsp;shellToHex
<LI><a href="#[10b]">&gt;&gt;</a>&nbsp;&nbsp;&nbsp;shellToDec
<LI><a href="#[f0]">&gt;&gt;</a>&nbsp;&nbsp;&nbsp;shellGetVarValue
</UL>
<BR>[Called By]<UL><LI><a href="#[10a]">&gt;&gt;</a>&nbsp;&nbsp;&nbsp;shellSetVarValue
<LI><a href="#[e7]">&gt;&gt;</a>&nbsp;&nbsp;&nbsp;shellRunCommand
</UL>

<P><STRONG><a name="[10c]"></a>shellStringCompare</STRONG> (Thumb, 48 bytes, Stack size 0 bytes, shell.o(.text.shellStringCompare))
<BR><BR>[Called By]<UL><LI><a href="#[49]">&gt;&gt;</a>&nbsp;&nbsp;&nbsp;shellTab
</UL>

<P><STRONG><a name="[f9]"></a>shellStringCopy</STRONG> (Thumb, 44 bytes, Stack size 8 bytes, shell.o(.text.shellStringCopy))
<BR><BR>[Stack]<UL><LI>Max Depth = 8<LI>Call Chain = shellStringCopy
</UL>
<BR>[Called By]<UL><LI><a href="#[e4]">&gt;&gt;</a>&nbsp;&nbsp;&nbsp;shellHistoryAdd
<LI><a href="#[e1]">&gt;&gt;</a>&nbsp;&nbsp;&nbsp;shellHistory
<LI><a href="#[49]">&gt;&gt;</a>&nbsp;&nbsp;&nbsp;shellTab
<LI><a href="#[10a]">&gt;&gt;</a>&nbsp;&nbsp;&nbsp;shellSetVarValue
</UL>

<P><STRONG><a name="[de]"></a>shellWriteByte</STRONG> (Thumb, 22 bytes, Stack size 16 bytes, shell.o(.text.shellWriteByte))
<BR><BR>[Stack]<UL><LI>Max Depth = 16<LI>Call Chain = shellWriteByte
</UL>
<BR>[Called By]<UL><LI><a href="#[47]">&gt;&gt;</a>&nbsp;&nbsp;&nbsp;shellRight
<LI><a href="#[ff]">&gt;&gt;</a>&nbsp;&nbsp;&nbsp;shellListItem
<LI><a href="#[48]">&gt;&gt;</a>&nbsp;&nbsp;&nbsp;shellLeft
<LI><a href="#[fd]">&gt;&gt;</a>&nbsp;&nbsp;&nbsp;shellInsertByte
<LI><a href="#[d8]">&gt;&gt;</a>&nbsp;&nbsp;&nbsp;shellDeleteByte
<LI><a href="#[dd]">&gt;&gt;</a>&nbsp;&nbsp;&nbsp;shellClearCommandLine
</UL>

<P><STRONG><a name="[101]"></a>shellWriteCommandDesc</STRONG> (Thumb, 76 bytes, Stack size 24 bytes, shell.o(.text.shellWriteCommandDesc))
<BR><BR>[Stack]<UL><LI>Max Depth = 24<LI>Call Chain = shellWriteCommandDesc
</UL>
<BR>[Called By]<UL><LI><a href="#[ff]">&gt;&gt;</a>&nbsp;&nbsp;&nbsp;shellListItem
</UL>

<P><STRONG><a name="[f8]"></a>shellWriteCommandHelp</STRONG> (Thumb, 88 bytes, Stack size 16 bytes, shell.o(.text.shellWriteCommandHelp))
<BR><BR>[Stack]<UL><LI>Max Depth = 64<LI>Call Chain = shellWriteCommandHelp &rArr; shellSeekCommand &rArr; shellGetCommandName &rArr; shellToHex
</UL>
<BR>[Calls]<UL><LI><a href="#[f2]">&gt;&gt;</a>&nbsp;&nbsp;&nbsp;shellGetCommandName
<LI><a href="#[100]">&gt;&gt;</a>&nbsp;&nbsp;&nbsp;shellGetCommandDesc
<LI><a href="#[db]">&gt;&gt;</a>&nbsp;&nbsp;&nbsp;shellWriteString
<LI><a href="#[e6]">&gt;&gt;</a>&nbsp;&nbsp;&nbsp;shellSeekCommand
</UL>
<BR>[Called By]<UL><LI><a href="#[4d]">&gt;&gt;</a>&nbsp;&nbsp;&nbsp;shellHelp
</UL>

<P><STRONG><a name="[e3]"></a>shellWritePrompt</STRONG> (Thumb, 80 bytes, Stack size 8 bytes, shell.o(.text.shellWritePrompt))
<BR><BR>[Stack]<UL><LI>Max Depth = 16<LI>Call Chain = shellWritePrompt &rArr; shellWriteString
</UL>
<BR>[Calls]<UL><LI><a href="#[db]">&gt;&gt;</a>&nbsp;&nbsp;&nbsp;shellWriteString
</UL>
<BR>[Called By]<UL><LI><a href="#[49]">&gt;&gt;</a>&nbsp;&nbsp;&nbsp;shellTab
<LI><a href="#[fd]">&gt;&gt;</a>&nbsp;&nbsp;&nbsp;shellInsertByte
<LI><a href="#[fa]">&gt;&gt;</a>&nbsp;&nbsp;&nbsp;shellInit
<LI><a href="#[4c]">&gt;&gt;</a>&nbsp;&nbsp;&nbsp;shellEnter
</UL>

<P><STRONG><a name="[107]"></a>shellWriteReturnValue</STRONG> (Thumb, 112 bytes, Stack size 32 bytes, shell.o(.text.shellWriteReturnValue))
<BR><BR>[Stack]<UL><LI>Max Depth = 48<LI>Call Chain = shellWriteReturnValue &rArr; shellToDec
</UL>
<BR>[Calls]<UL><LI><a href="#[db]">&gt;&gt;</a>&nbsp;&nbsp;&nbsp;shellWriteString
<LI><a href="#[f3]">&gt;&gt;</a>&nbsp;&nbsp;&nbsp;shellToHex
<LI><a href="#[10b]">&gt;&gt;</a>&nbsp;&nbsp;&nbsp;shellToDec
</UL>
<BR>[Called By]<UL><LI><a href="#[e7]">&gt;&gt;</a>&nbsp;&nbsp;&nbsp;shellRunCommand
</UL>

<P><STRONG><a name="[e9]"></a>shellExtNumType</STRONG> (Thumb, 84 bytes, Stack size 0 bytes, shell_ext.o(.text.shellExtNumType))
<BR><BR>[Called By]<UL><LI><a href="#[e8]">&gt;&gt;</a>&nbsp;&nbsp;&nbsp;shellExtParseNumber
</UL>

<P><STRONG><a name="[ed]"></a>shellExtParseChar</STRONG> (Thumb, 90 bytes, Stack size 0 bytes, shell_ext.o(.text.shellExtParseChar))
<BR><BR>[Called By]<UL><LI><a href="#[ec]">&gt;&gt;</a>&nbsp;&nbsp;&nbsp;shellExtParsePara
<LI><a href="#[ef]">&gt;&gt;</a>&nbsp;&nbsp;&nbsp;shellExtParseString
</UL>

<P><STRONG><a name="[e8]"></a>shellExtParseNumber</STRONG> (Thumb, 180 bytes, Stack size 32 bytes, shell_ext.o(.text.shellExtParseNumber))
<BR><BR>[Stack]<UL><LI>Max Depth = 40<LI>Call Chain = shellExtParseNumber &rArr; __aeabi_fmul
</UL>
<BR>[Calls]<UL><LI><a href="#[5c]">&gt;&gt;</a>&nbsp;&nbsp;&nbsp;__aeabi_ui2f
<LI><a href="#[5a]">&gt;&gt;</a>&nbsp;&nbsp;&nbsp;__aeabi_i2f
<LI><a href="#[eb]">&gt;&gt;</a>&nbsp;&nbsp;&nbsp;__aeabi_fmul
<LI><a href="#[58]">&gt;&gt;</a>&nbsp;&nbsp;&nbsp;__aeabi_fdiv
<LI><a href="#[ea]">&gt;&gt;</a>&nbsp;&nbsp;&nbsp;shellExtToNum
<LI><a href="#[e9]">&gt;&gt;</a>&nbsp;&nbsp;&nbsp;shellExtNumType
</UL>
<BR>[Called By]<UL><LI><a href="#[ec]">&gt;&gt;</a>&nbsp;&nbsp;&nbsp;shellExtParsePara
</UL>

<P><STRONG><a name="[ef]"></a>shellExtParseString</STRONG> (Thumb, 78 bytes, Stack size 24 bytes, shell_ext.o(.text.shellExtParseString))
<BR><BR>[Stack]<UL><LI>Max Depth = 24<LI>Call Chain = shellExtParseString
</UL>
<BR>[Calls]<UL><LI><a href="#[ed]">&gt;&gt;</a>&nbsp;&nbsp;&nbsp;shellExtParseChar
</UL>
<BR>[Called By]<UL><LI><a href="#[ec]">&gt;&gt;</a>&nbsp;&nbsp;&nbsp;shellExtParsePara
</UL>

<P><STRONG><a name="[ee]"></a>shellExtParseVar</STRONG> (Thumb, 32 bytes, Stack size 16 bytes, shell_ext.o(.text.shellExtParseVar))
<BR><BR>[Stack]<UL><LI>Max Depth = 64<LI>Call Chain = shellExtParseVar &rArr; shellSeekCommand &rArr; shellGetCommandName &rArr; shellToHex
</UL>
<BR>[Calls]<UL><LI><a href="#[e6]">&gt;&gt;</a>&nbsp;&nbsp;&nbsp;shellSeekCommand
<LI><a href="#[f0]">&gt;&gt;</a>&nbsp;&nbsp;&nbsp;shellGetVarValue
</UL>
<BR>[Called By]<UL><LI><a href="#[ec]">&gt;&gt;</a>&nbsp;&nbsp;&nbsp;shellExtParsePara
</UL>

<P><STRONG><a name="[ea]"></a>shellExtToNum</STRONG> (Thumb, 52 bytes, Stack size 0 bytes, shell_ext.o(.text.shellExtToNum))
<BR><BR>[Called By]<UL><LI><a href="#[e8]">&gt;&gt;</a>&nbsp;&nbsp;&nbsp;shellExtParseNumber
</UL>

<P><STRONG><a name="[10d]"></a>shell_create_task</STRONG> (Thumb, 44 bytes, Stack size 16 bytes, shell_port.o(.text.shell_create_task))
<BR><BR>[Stack]<UL><LI>Max Depth = 168<LI>Call Chain = shell_create_task &rArr; xTaskCreate &rArr; pvPortMalloc &rArr; xTaskResumeAll &rArr; xTaskIncrementTick
</UL>
<BR>[Calls]<UL><LI><a href="#[a1]">&gt;&gt;</a>&nbsp;&nbsp;&nbsp;xTaskCreate
</UL>
<BR>[Called By]<UL><LI><a href="#[43]">&gt;&gt;</a>&nbsp;&nbsp;&nbsp;shell_uart_init
</UL>

<P><STRONG><a name="[43]"></a>shell_uart_init</STRONG> (Thumb, 60 bytes, Stack size 8 bytes, shell_port.o(.text.shell_uart_init))
<BR><BR>[Stack]<UL><LI>Max Depth = 176<LI>Call Chain = shell_uart_init &rArr; shell_create_task &rArr; xTaskCreate &rArr; pvPortMalloc &rArr; xTaskResumeAll &rArr; xTaskIncrementTick
</UL>
<BR>[Calls]<UL><LI><a href="#[a5]">&gt;&gt;</a>&nbsp;&nbsp;&nbsp;debug_uart_init
<LI><a href="#[10d]">&gt;&gt;</a>&nbsp;&nbsp;&nbsp;shell_create_task
<LI><a href="#[fa]">&gt;&gt;</a>&nbsp;&nbsp;&nbsp;shellInit
</UL>
<BR>[Address Reference Count : 1]<UL><LI> shell_port.o(init_export)
</UL><P>
<H3>
Undefined Global Symbols
</H3><HR></body></html>
