Component: Arm Compiler for Embedded 6.19 Tool: armlink [5e73cb00]

==============================================================================

Section Cross References

    startup_stm32f103xb.o(RESET) refers to startup_stm32f103xb.o(STACK) for __initial_sp
    startup_stm32f103xb.o(RESET) refers to startup_stm32f103xb.o(.text) for Reset_Handler
    startup_stm32f103xb.o(RESET) refers to stm32f1xx_it.o(.text.NMI_Handler) for NMI_Handler
    startup_stm32f103xb.o(RESET) refers to stm32f1xx_it.o(.text.HardFault_Handler) for HardFault_Handler
    startup_stm32f103xb.o(RESET) refers to stm32f1xx_it.o(.text.MemManage_Handler) for MemManage_Handler
    startup_stm32f103xb.o(RESET) refers to stm32f1xx_it.o(.text.BusFault_Handler) for BusFault_Handler
    startup_stm32f103xb.o(RESET) refers to stm32f1xx_it.o(.text.UsageFault_Handler) for UsageFault_Handler
    startup_stm32f103xb.o(RESET) refers to port.o(.text.SVC_Handler) for SVC_Handler
    startup_stm32f103xb.o(RESET) refers to stm32f1xx_it.o(.text.DebugMon_Handler) for DebugMon_Handler
    startup_stm32f103xb.o(RESET) refers to port.o(.text.PendSV_Handler) for PendSV_Handler
    startup_stm32f103xb.o(RESET) refers to port.o(.text.SysTick_Handler) for SysTick_Handler
    startup_stm32f103xb.o(RESET) refers to stm32f1xx_it.o(.text.TIM1_UP_IRQHandler) for TIM1_UP_IRQHandler
    startup_stm32f103xb.o(RESET) refers to stm32f1xx_it.o(.text.USART1_IRQHandler) for USART1_IRQHandler
    startup_stm32f103xb.o(.text) refers to system_stm32f1xx.o(.text.SystemInit) for SystemInit
    startup_stm32f103xb.o(.text) refers to entry.o(.ARM.Collect$$$$00000000) for __main
    main.o(.text.main) refers to stm32f1xx_hal.o(.text.HAL_Init) for HAL_Init
    main.o(.text.main) refers to memseta.o(.text) for __aeabi_memclr4
    main.o(.text.main) refers to stm32f1xx_hal_rcc.o(.text.HAL_RCC_OscConfig) for HAL_RCC_OscConfig
    main.o(.text.main) refers to stm32f1xx_hal_rcc.o(.text.HAL_RCC_ClockConfig) for HAL_RCC_ClockConfig
    main.o(.text.main) refers to gpio.o(.text.MX_GPIO_Init) for MX_GPIO_Init
    main.o(.text.main) refers to usart.o(.text.MX_USART1_UART_Init) for MX_USART1_UART_Init
    main.o(.text.main) refers to export.o(.text.export_run) for export_run
    main.o(.text.main) refers to app.o(.text.app_main) for app_main
    main.o(.text.main) refers to stm32f1xx_hal_gpio.o(.text.HAL_GPIO_WritePin) for HAL_GPIO_WritePin
    main.o(.text.main) refers to stm32f1xx_hal.o(.text.HAL_Delay) for HAL_Delay
    main.o(.ARM.exidx.text.main) refers to main.o(.text.main) for [Anonymous Symbol]
    main.o(.text.SystemClock_Config) refers to memseta.o(.text) for __aeabi_memclr4
    main.o(.text.SystemClock_Config) refers to stm32f1xx_hal_rcc.o(.text.HAL_RCC_OscConfig) for HAL_RCC_OscConfig
    main.o(.text.SystemClock_Config) refers to stm32f1xx_hal_rcc.o(.text.HAL_RCC_ClockConfig) for HAL_RCC_ClockConfig
    main.o(.ARM.exidx.text.SystemClock_Config) refers to main.o(.text.SystemClock_Config) for [Anonymous Symbol]
    main.o(.ARM.exidx.text.Error_Handler) refers to main.o(.text.Error_Handler) for [Anonymous Symbol]
    main.o(.text.HAL_TIM_PeriodElapsedCallback) refers to stm32f1xx_hal.o(.text.HAL_IncTick) for HAL_IncTick
    main.o(.ARM.exidx.text.HAL_TIM_PeriodElapsedCallback) refers to main.o(.text.HAL_TIM_PeriodElapsedCallback) for [Anonymous Symbol]
    gpio.o(.text.MX_GPIO_Init) refers to stm32f1xx_hal_gpio.o(.text.HAL_GPIO_WritePin) for HAL_GPIO_WritePin
    gpio.o(.text.MX_GPIO_Init) refers to stm32f1xx_hal_gpio.o(.text.HAL_GPIO_Init) for HAL_GPIO_Init
    gpio.o(.ARM.exidx.text.MX_GPIO_Init) refers to gpio.o(.text.MX_GPIO_Init) for [Anonymous Symbol]
    freertos.o(.text.MX_FREERTOS_Init) refers to freertos.o(.text.StartDefaultTask) for StartDefaultTask
    freertos.o(.text.MX_FREERTOS_Init) refers to freertos.o(.rodata.defaultTask_attributes) for defaultTask_attributes
    freertos.o(.text.MX_FREERTOS_Init) refers to cmsis_os2.o(.text.osThreadNew) for osThreadNew
    freertos.o(.text.MX_FREERTOS_Init) refers to freertos.o(.bss.defaultTaskHandle) for defaultTaskHandle
    freertos.o(.ARM.exidx.text.MX_FREERTOS_Init) refers to freertos.o(.text.MX_FREERTOS_Init) for [Anonymous Symbol]
    freertos.o(.text.StartDefaultTask) refers to cmsis_os2.o(.text.osDelay) for osDelay
    freertos.o(.ARM.exidx.text.StartDefaultTask) refers to freertos.o(.text.StartDefaultTask) for [Anonymous Symbol]
    freertos.o(.rodata.defaultTask_attributes) refers to freertos.o(.rodata.str1.1) for [Anonymous Symbol]
    usart.o(.text.MX_USART1_UART_Init) refers to usart.o(.bss.huart1) for huart1
    usart.o(.text.MX_USART1_UART_Init) refers to stm32f1xx_hal_uart.o(.text.HAL_UART_Init) for HAL_UART_Init
    usart.o(.text.MX_USART1_UART_Init) refers to main.o(.text.Error_Handler) for Error_Handler
    usart.o(.ARM.exidx.text.MX_USART1_UART_Init) refers to usart.o(.text.MX_USART1_UART_Init) for [Anonymous Symbol]
[...]
    [Anonymous Symbol]                       0x08004490   Section        0  cmsis_os2.o(.text.vApplicationGetTimerTaskMemory)
    [Anonymous Symbol]                       0x080044ac   Section        0  list.o(.text.vListInitialise)
    [Anonymous Symbol]                       0x080044c4   Section        0  list.o(.text.vListInitialiseItem)
    [Anonymous Symbol]                       0x080044cc   Section        0  list.o(.text.vListInsert)
    [Anonymous Symbol]                       0x08004508   Section        0  list.o(.text.vListInsertEnd)
    [Anonymous Symbol]                       0x08004524   Section        0  port.o(.text.vPortEnterCritical)
    [Anonymous Symbol]                       0x0800456c   Section        0  port.o(.text.vPortExitCritical)
    [Anonymous Symbol]                       0x0800459c   Section        0  heap_4.o(.text.vPortFree)
    [Anonymous Symbol]                       0x08004660   Section        0  port.o(.text.vPortSetupTimerInterrupt)
    [Anonymous Symbol]                       0x08004694   Section        0  queue.o(.text.vQueueAddToRegistry)
    [Anonymous Symbol]                       0x080046bc   Section        0  queue.o(.text.vQueueWaitForMessageRestricted)
    [Anonymous Symbol]                       0x08004704   Section        0  tasks.o(.text.vTaskDelay)
    [Anonymous Symbol]                       0x080047ac   Section        0  tasks.o(.text.vTaskDelete)
    [Anonymous Symbol]                       0x080048c4   Section        0  tasks.o(.text.vTaskInternalSetTimeOutState)
    [Anonymous Symbol]                       0x080048e0   Section        0  tasks.o(.text.vTaskMissedYield)
    [Anonymous Symbol]                       0x080048f0   Section        0  tasks.o(.text.vTaskPlaceOnEventList)
    [Anonymous Symbol]                       0x08004928   Section        0  tasks.o(.text.vTaskPlaceOnEventListRestricted)
    [Anonymous Symbol]                       0x08004968   Section        0  tasks.o(.text.vTaskStartScheduler)
    [Anonymous Symbol]                       0x08004a0c   Section        0  tasks.o(.text.vTaskSuspendAll)
    [Anonymous Symbol]                       0x08004a1c   Section        0  tasks.o(.text.vTaskSwitchContext)
    [Anonymous Symbol]                       0x08004ab8   Section        0  port.o(.text.xPortStartScheduler)
    [Anonymous Symbol]                       0x08004b94   Section        0  queue.o(.text.xQueueGenericCreateStatic)
    [Anonymous Symbol]                       0x08004c70   Section        0  queue.o(.text.xQueueGenericSend)
    [Anonymous Symbol]                       0x08004e84   Section        0  queue.o(.text.xQueueReceive)
    [Anonymous Symbol]                       0x0800502c   Section        0  tasks.o(.text.xTaskCheckForTimeOut)
    [Anonymous Symbol]                       0x080050bc   Section        0  tasks.o(.text.xTaskCreate)
    [Anonymous Symbol]                       0x08005194   Section        0  tasks.o(.text.xTaskCreateStatic)
    [Anonymous Symbol]                       0x08005274   Section        0  tasks.o(.text.xTaskGetSchedulerState)
    [Anonymous Symbol]                       0x0800529c   Section        0  tasks.o(.text.xTaskGetTickCount)
    [Anonymous Symbol]                       0x080052a8   Section        0  tasks.o(.text.xTaskIncrementTick)
    [Anonymous Symbol]                       0x08005418   Section        0  tasks.o(.text.xTaskPriorityDisinherit)
    [Anonymous Symbol]                       0x080054ac   Section        0  tasks.o(.text.xTaskRemoveFromEventList)
    [Anonymous Symbol]                       0x0800553c   Section        0  tasks.o(.text.xTaskResumeAll)
    [Anonymous Symbol]                       0x08005674   Section        0  timers.o(.text.xTimerCreateTimerTask)
    i.__scatterload_copy                     0x080056e8   Section       14  handlers.o(i.__scatterload_copy)
    i.__scatterload_null                     0x080056f6   Section        2  handlers.o(i.__scatterload_null)
    i.__scatterload_zeroinit                 0x080056f8   Section       14  handlers.o(i.__scatterload_zeroinit)
    HAL_RCC_GetSysClockFreq.aPredivFactorTable 0x0800571e   Data           2  stm32f1xx_hal_rcc.o(.rodata.HAL_RCC_GetSysClockFreq.aPredivFactorTable)
    [Anonymous Symbol]                       0x0800571e   Section        0  stm32f1xx_hal_rcc.o(.rodata.HAL_RCC_GetSysClockFreq.aPredivFactorTable)
    HAL_RCC_GetSysClockFreq.aPLLMULFactorTable 0x08005720   Data          16  stm32f1xx_hal_rcc.o(.rodata.cst16)
    [Anonymous Symbol]                       0x08005720   Section        0  stm32f1xx_hal_rcc.o(.rodata.cst16)
    [Anonymous Symbol]                       0x08005812   Section        0  export.o(.rodata.str1.1)
    .L.str.3                                 0x08005823   Data           4  shell.o(.rodata.str1.1)
    [Anonymous Symbol]                       0x08005823   Section        0  shell.o(.rodata.str1.1)
    .L.str.9                                 0x08005827   Data          18  shell.o(.rodata.str1.1)
    .L.str.10                                0x08005839   Data          14  shell.o(.rodata.str1.1)
    .L.str.11                                0x08005847   Data          15  shell.o(.rodata.str1.1)
    .L.str.12                                0x08005856   Data          14  shell.o(.rodata.str1.1)
    .L.str.13                                0x08005864   Data          20  shell.o(.rodata.str1.1)
    .L.str.8                                 0x08005878   Data          33  shell.o(.rodata.str1.1)
    .L.str.7                                 0x08005899   Data         345  shell.o(.rodata.str1.1)
    .L.str.2                                 0x080059ef   Data           3  shell.o(.rodata.str1.1)
    .L.str.1                                 0x080059f2   Data           3  shell.o(.rodata.str1.1)
    .L.str.30                                0x080059f5   Data           2  shell.o(.rodata.str1.1)
    .L.str.21                                0x080059f7   Data           9  shell.o(.rodata.str1.1)
    .L.str.31                                0x08005a00   Data           5  shell.o(.rodata.str1.1)
    [Anonymous Symbol]                       0x08005a05   Section        0  shell_port.o(.rodata.str1.1)
    __tagsym$$used.0                         0x08005a38   Number         0  export.o(init_export)
    __tagsym$$used.0                         0x08005a4c   Number         0  shell_port.o(init_export)
    __tagsym$$used.0                         0x08005a60   Number         0  shell.o(shellCommand)
    __tagsym$$used.1                         0x08005a70   Number         0  shell.o(shellCommand)
    __tagsym$$used.2                         0x08005a80   Number         0  shell.o(shellCommand)
    __tagsym$$used.3                         0x08005a90   Number         0  shell.o(shellCommand)
    __tagsym$$used.4                         0x08005aa0   Number         0  shell.o(shellCommand)
    __tagsym$$used.5                         0x08005ab0   Number         0  shell.o(shellCommand)
    __tagsym$$used.6                         0x08005ac0   Number         0  shell.o(shellCommand)
    __tagsym$$used.7                         0x08005ad0   Number         0  shell.o(shellCommand)
    __tagsym$$used.8                         0x08005ae0   Number         0  shell.o(shellCommand)
    __tagsym$$used.9                         0x08005af0   Number         0  shell.o(shellCommand)
    __tagsym$$used.10                        0x08005b00   Number         0  shell.o(shellCommand)
    __tagsym$$used.11                        0x08005b10   Number         0  shell.o(shellCommand)
    __tagsym$$used.12                        0x08005b20   Number         0  shell.o(shellCommand)
    __tagsym$$used.13                        0x08005b30   Number         0  shell.o(shellCommand)
    __tagsym$$used.14                        0x08005b40   Number         0  shell.o(shellCommand)
    __tagsym$$used.15                        0x08005b50   Number         0  shell.o(shellCommand)
    __tagsym$$used.16                        0x08005b60   Number         0  shell.o(shellCommand)
    __tagsym$$used.17                        0x08005b70   Number         0  shell.o(shellCommand)
    uxCriticalNesting                        0x2000000c   Data           4  port.o(.data.uxCriticalNesting)
    [Anonymous Symbol]                       0x2000000c   Section        0  port.o(.data.uxCriticalNesting)
    Idle_Stack                               0x20000010   Data         512  cmsis_os2.o(.bss.Idle_Stack)
    [Anonymous Symbol]                       0x20000010   Section        0  cmsis_os2.o(.bss.Idle_Stack)
    Idle_TCB                                 0x20000210   Data          92  cmsis_os2.o(.bss.Idle_TCB)
    [Anonymous Symbol]                       0x20000210   Section        0  cmsis_os2.o(.bss.Idle_TCB)
    Timer_Stack                              0x20000274   Data        1024  cmsis_os2.o(.bss.Timer_Stack)
    [Anonymous Symbol]                       0x20000274   Section        0  cmsis_os2.o(.bss.Timer_Stack)
    Timer_TCB                                0x20000674   Data          92  cmsis_os2.o(.bss.Timer_TCB)
    [Anonymous Symbol]                       0x20000674   Section        0  cmsis_os2.o(.bss.Timer_TCB)
    _export_init_count                       0x200006d4   Data           4  export.o(.bss._export_init_count)
    [Anonymous Symbol]                       0x200006d4   Section        0  export.o(.bss._export_init_count)
    _export_init_level_max                   0x200006d8   Data           1  export.o(.bss._export_init_level_max)
    [Anonymous Symbol]                       0x200006d8   Section        0  export.o(.bss._export_init_level_max)
    _export_init_table                       0x200006dc   Data           4  export.o(.bss._export_init_table)
    [Anonymous Symbol]                       0x200006dc   Section        0  export.o(.bss._export_init_table)
    buf_rx                                   0x200006e0   Data          64  debug_uart.o(.bss.buf_rx)
    [Anonymous Symbol]                       0x200006e0   Section        0  debug_uart.o(.bss.buf_rx)
    buf_tx                                   0x20000720   Data         512  debug_uart.o(.bss.buf_tx)
    [Anonymous Symbol]                       0x20000720   Section        0  debug_uart.o(.bss.buf_tx)
    byte_recv                                0x20000920   Data           1  debug_uart.o(.bss.byte_recv)
    [Anonymous Symbol]                       0x20000920   Section        0  debug_uart.o(.bss.byte_recv)
    byte_send                                0x20000921   Data           1  debug_uart.o(.bss.byte_send)
    [Anonymous Symbol]                       0x20000921   Section        0  debug_uart.o(.bss.byte_send)
    led_task.led_status                      0x200009fc   Data           1  app.o(.bss.led_task.led_status)
    [Anonymous Symbol]                       0x200009fc   Section        0  app.o(.bss.led_task.led_status)
    prvCheckForValidListAndQueue.ucStaticTimerQueueStorage 0x200009fd   Data         160  timers.o(.bss.prvCheckForValidListAndQueue.ucStaticTimerQueueStorage)
    [Anonymous Symbol]                       0x200009fd   Section        0  timers.o(.bss.prvCheckForValidListAndQueue.ucStaticTimerQueueStorage)
    prvCheckForValidListAndQueue.xStaticTimerQueue 0x20000aa0   Data          80  timers.o(.bss.prvCheckForValidListAndQueue.xStaticTimerQueue)
    [Anonymous Symbol]                       0x20000aa0   Section        0  timers.o(.bss.prvCheckForValidListAndQueue.xStaticTimerQueue)
    prvSampleTimeNow.xLastTime               0x20000af0   Data           4  timers.o(.bss.prvSampleTimeNow.xLastTime)
    [Anonymous Symbol]                       0x20000af0   Section        0  timers.o(.bss.prvSampleTimeNow.xLastTime)
    pxCurrentTimerList                       0x20000af8   Data           4  timers.o(.bss.pxCurrentTimerList)
    [Anonymous Symbol]                       0x20000af8   Section        0  timers.o(.bss.pxCurrentTimerList)
    pxDelayedTaskList                        0x20000afc   Data           4  tasks.o(.bss.pxDelayedTaskList)
    [Anonymous Symbol]                       0x20000afc   Section        0  tasks.o(.bss.pxDelayedTaskList)
    pxEnd                                    0x20000b00   Data           4  heap_4.o(.bss.pxEnd)
    [Anonymous Symbol]                       0x20000b00   Section        0  heap_4.o(.bss.pxEnd)
    pxOverflowDelayedTaskList                0x20000b04   Data           4  tasks.o(.bss.pxOverflowDelayedTaskList)
    [Anonymous Symbol]                       0x20000b04   Section        0  tasks.o(.bss.pxOverflowDelayedTaskList)
    pxOverflowTimerList                      0x20000b08   Data           4  timers.o(.bss.pxOverflowTimerList)
    [Anonymous Symbol]                       0x20000b08   Section        0  timers.o(.bss.pxOverflowTimerList)
    pxReadyTasksLists                        0x20000b0c   Data        1120  tasks.o(.bss.pxReadyTasksLists)
    [Anonymous Symbol]                       0x20000b0c   Section        0  tasks.o(.bss.pxReadyTasksLists)
    queue_rx                                 0x20000f6c   Data          12  debug_uart.o(.bss.queue_rx)
    [Anonymous Symbol]                       0x20000f6c   Section        0  debug_uart.o(.bss.queue_rx)
    queue_tx                                 0x20000f78   Data          12  debug_uart.o(.bss.queue_tx)
    [Anonymous Symbol]                       0x20000f78   Section        0  debug_uart.o(.bss.queue_tx)
    shellGetCommandName.buffer               0x20000f84   Data           9  shell.o(.bss.shellGetCommandName.buffer)
    [Anonymous Symbol]                       0x20000f84   Section        0  shell.o(.bss.shellGetCommandName.buffer)
    shellList                                0x20000f90   Data          20  shell.o(.bss.shellList)
    [Anonymous Symbol]                       0x20000f90   Section        0  shell.o(.bss.shellList)
    shell_uart                               0x20000fa4   Data         108  shell_port.o(.bss.shell_uart)
    [Anonymous Symbol]                       0x20000fa4   Section        0  shell_port.o(.bss.shell_uart)
    shell_uart_buffer                        0x20001010   Data         512  shell_port.o(.bss.shell_uart_buffer)
    [Anonymous Symbol]                       0x20001010   Section        0  shell_port.o(.bss.shell_uart_buffer)
    ucHeap                                   0x20001210   Data       10240  heap_4.o(.bss.ucHeap)
    [Anonymous Symbol]                       0x20001210   Section        0  heap_4.o(.bss.ucHeap)
    ucMaxSysCallPriority                     0x20003a10   Data           1  port.o(.bss.ucMaxSysCallPriority)
    [Anonymous Symbol]                       0x20003a10   Section        0  port.o(.bss.ucMaxSysCallPriority)
    ulMaxPRIGROUPValue                       0x20003a14   Data           4  port.o(.bss.ulMaxPRIGROUPValue)
    [Anonymous Symbol]                       0x20003a14   Section        0  port.o(.bss.ulMaxPRIGROUPValue)
    uxCurrentNumberOfTasks                   0x20003a1c   Data           4  tasks.o(.bss.uxCurrentNumberOfTasks)
    [Anonymous Symbol]                       0x20003a1c   Section        0  tasks.o(.bss.uxCurrentNumberOfTasks)
    uxDeletedTasksWaitingCleanUp             0x20003a20   Data           4  tasks.o(.bss.uxDeletedTasksWaitingCleanUp)
    [Anonymous Symbol]                       0x20003a20   Section        0  tasks.o(.bss.uxDeletedTasksWaitingCleanUp)
    uxPendedTicks                            0x20003a24   Data           4  tasks.o(.bss.uxPendedTicks)
    [Anonymous Symbol]                       0x20003a24   Section        0  tasks.o(.bss.uxPendedTicks)
    uxSchedulerSuspended                     0x20003a28   Data           4  tasks.o(.bss.uxSchedulerSuspended)
    [Anonymous Symbol]                       0x20003a28   Section        0  tasks.o(.bss.uxSchedulerSuspended)
    uxTaskNumber                             0x20003a2c   Data           4  tasks.o(.bss.uxTaskNumber)
    [Anonymous Symbol]                       0x20003a2c   Section        0  tasks.o(.bss.uxTaskNumber)
    uxTopReadyPriority                       0x20003a30   Data           4  tasks.o(.bss.uxTopReadyPriority)
    [Anonymous Symbol]                       0x20003a30   Section        0  tasks.o(.bss.uxTopReadyPriority)
    xActiveTimerList1                        0x20003a34   Data          20  timers.o(.bss.xActiveTimerList1)
    [Anonymous Symbol]                       0x20003a34   Section        0  timers.o(.bss.xActiveTimerList1)
    xActiveTimerList2                        0x20003a48   Data          20  timers.o(.bss.xActiveTimerList2)
    [Anonymous Symbol]                       0x20003a48   Section        0  timers.o(.bss.xActiveTimerList2)
    xBlockAllocatedBit                       0x20003a5c   Data           1  heap_4.o(.bss.xBlockAllocatedBit)
    [Anonymous Symbol]                       0x20003a5c   Section        0  heap_4.o(.bss.xBlockAllocatedBit)
    xDelayedTaskList1                        0x20003a60   Data          20  tasks.o(.bss.xDelayedTaskList1)
    [Anonymous Symbol]                       0x20003a60   Section        0  tasks.o(.bss.xDelayedTaskList1)
    xDelayedTaskList2                        0x20003a74   Data          20  tasks.o(.bss.xDelayedTaskList2)
    [Anonymous Symbol]                       0x20003a74   Section        0  tasks.o(.bss.xDelayedTaskList2)
    xFreeBytesRemaining                      0x20003a88   Data           4  heap_4.o(.bss.xFreeBytesRemaining)
    [Anonymous Symbol]                       0x20003a88   Section        0  heap_4.o(.bss.xFreeBytesRemaining)
    xIdleTaskHandle                          0x20003a8c   Data           4  tasks.o(.bss.xIdleTaskHandle)
    [Anonymous Symbol]                       0x20003a8c   Section        0  tasks.o(.bss.xIdleTaskHandle)
    xMinimumEverFreeBytesRemaining           0x20003a90   Data           4  heap_4.o(.bss.xMinimumEverFreeBytesRemaining)
    [Anonymous Symbol]                       0x20003a90   Section        0  heap_4.o(.bss.xMinimumEverFreeBytesRemaining)
    xNextTaskUnblockTime                     0x20003a94   Data           4  tasks.o(.bss.xNextTaskUnblockTime)
    [Anonymous Symbol]                       0x20003a94   Section        0  tasks.o(.bss.xNextTaskUnblockTime)
    xNumOfOverflows                          0x20003a98   Data           4  tasks.o(.bss.xNumOfOverflows)
    [Anonymous Symbol]                       0x20003a98   Section        0  tasks.o(.bss.xNumOfOverflows)
    xPendingReadyList                        0x20003a9c   Data          20  tasks.o(.bss.xPendingReadyList)
    [Anonymous Symbol]                       0x20003a9c   Section        0  tasks.o(.bss.xPendingReadyList)
    xSchedulerRunning                        0x20003af0   Data           4  tasks.o(.bss.xSchedulerRunning)
    [Anonymous Symbol]                       0x20003af0   Section        0  tasks.o(.bss.xSchedulerRunning)
    xStart                                   0x20003af4   Data           8  heap_4.o(.bss.xStart)
    [Anonymous Symbol]                       0x20003af4   Section        0  heap_4.o(.bss.xStart)
    xSuspendedTaskList                       0x20003afc   Data          20  tasks.o(.bss.xSuspendedTaskList)
    [Anonymous Symbol]                       0x20003afc   Section        0  tasks.o(.bss.xSuspendedTaskList)
    xTasksWaitingTermination                 0x20003b10   Data          20  tasks.o(.bss.xTasksWaitingTermination)
    [Anonymous Symbol]                       0x20003b10   Section        0  tasks.o(.bss.xTasksWaitingTermination)
    xTickCount                               0x20003b24   Data           4  tasks.o(.bss.xTickCount)
    [Anonymous Symbol]                       0x20003b24   Section        0  tasks.o(.bss.xTickCount)
    xTimerQueue                              0x20003b28   Data           4  timers.o(.bss.xTimerQueue)
    [Anonymous Symbol]                       0x20003b28   Section        0  timers.o(.bss.xTimerQueue)
    xTimerTaskHandle                         0x20003b2c   Data           4  timers.o(.bss.xTimerTaskHandle)
    [Anonymous Symbol]                       0x20003b2c   Section        0  timers.o(.bss.xTimerTaskHandle)
    xYieldPending                            0x20003b30   Data           4  tasks.o(.bss.xYieldPending)
    [Anonymous Symbol]                       0x20003b30   Section        0  tasks.o(.bss.xYieldPending)
    STACK                                    0x20003b38   Section     1024  startup_stm32f103xb.o(STACK)

    Global Symbols

    Symbol Name                              Value     Ov Type        Size  Object(Section)

    BuildAttributes$$THM_ISAv4$P$D$K$B$S$PE$A:L22UL41UL21$X:L11$S22US41US21$IEEE1$IW$~IW$USESV6$~STKCKD$USESV7$~SHL$OTIME$ROPI$EBA8$MICROLIB$REQ8$PRES8$EABIv2 0x00000000   Number         0  anon$$obj.o ABSOLUTE
    __cpp_initialize__aeabi_                  - Undefined Weak Reference
    __cxa_finalize                            - Undefined Weak Reference
    __decompress                              - Undefined Weak Reference
    _clock_init                               - Undefined Weak Reference
    _microlib_exit                            - Undefined Weak Reference
    __Vectors_Size                           0x000000ec   Number         0  startup_stm32f103xb.o ABSOLUTE
    __Vectors                                0x08000000   Data           4  startup_stm32f103xb.o(RESET)
    __Vectors_End                            0x080000ec   Data           0  startup_stm32f103xb.o(RESET)
    __main                                   0x080000ed   Thumb Code     0  entry.o(.ARM.Collect$$$$00000000)
    _main_stk                                0x080000ed   Thumb Code     0  entry2.o(.ARM.Collect$$$$00000001)
    _main_scatterload                        0x080000f1   Thumb Code     0  entry5.o(.ARM.Collect$$$$00000004)
    __main_after_scatterload                 0x080000f5   Thumb Code     0  entry5.o(.ARM.Collect$$$$00000004)
    _main_clock                              0x080000f5   Thumb Code     0  entry7b.o(.ARM.Collect$$$$00000008)
    _main_cpp_init                           0x080000f5   Thumb Code     0  entry8b.o(.ARM.Collect$$$$0000000A)
    _main_init                               0x080000f5   Thumb Code     0  entry9a.o(.ARM.Collect$$$$0000000B)
    __rt_final_cpp                           0x080000fd   Thumb Code     0  entry10a.o(.ARM.Collect$$$$0000000D)
    __rt_final_exit                          0x080000fd   Thumb Code     0  entry11a.o(.ARM.Collect$$$$0000000F)
    Reset_Handler                            0x08000101   Thumb Code     8  startup_stm32f103xb.o(.text)
    ADC1_2_IRQHandler                        0x0800011b   Thumb Code     0  startup_stm32f103xb.o(.text)
    CAN1_RX1_IRQHandler                      0x0800011b   Thumb Code     0  startup_stm32f103xb.o(.text)
    CAN1_SCE_IRQHandler                      0x0800011b   Thumb Code     0  startup_stm32f103xb.o(.text)
    DMA1_Channel1_IRQHandler                 0x0800011b   Thumb Code     0  startup_stm32f103xb.o(.text)
    DMA1_Channel2_IRQHandler                 0x0800011b   Thumb Code     0  startup_stm32f103xb.o(.text)
    DMA1_Channel3_IRQHandler                 0x0800011b   Thumb Code     0  startup_stm32f103xb.o(.text)
    DMA1_Channel4_IRQHandler                 0x0800011b   Thumb Code     0  startup_stm32f103xb.o(.text)
    DMA1_Channel5_IRQHandler                 0x0800011b   Thumb Code     0  startup_stm32f103xb.o(.text)
    DMA1_Channel6_IRQHandler                 0x0800011b   Thumb Code     0  startup_stm32f103xb.o(.text)
    DMA1_Channel7_IRQHandler                 0x0800011b   Thumb Code     0  startup_stm32f103xb.o(.text)
    EXTI0_IRQHandler                         0x0800011b   Thumb Code     0  startup_stm32f103xb.o(.text)
    EXTI15_10_IRQHandler                     0x0800011b   Thumb Code     0  startup_stm32f103xb.o(.text)
    EXTI1_IRQHandler                         0x0800011b   Thumb Code     0  startup_stm32f103xb.o(.text)
    EXTI2_IRQHandler                         0x0800011b   Thumb Code     0  startup_stm32f103xb.o(.text)
    EXTI3_IRQHandler                         0x0800011b   Thumb Code     0  startup_stm32f103xb.o(.text)
    EXTI4_IRQHandler                         0x0800011b   Thumb Code     0  startup_stm32f103xb.o(.text)
    EXTI9_5_IRQHandler                       0x0800011b   Thumb Code     0  startup_stm32f103xb.o(.text)
    FLASH_IRQHandler                         0x0800011b   Thumb Code     0  startup_stm32f103xb.o(.text)
    I2C1_ER_IRQHandler                       0x0800011b   Thumb Code     0  startup_stm32f103xb.o(.text)
    I2C1_EV_IRQHandler                       0x0800011b   Thumb Code     0  startup_stm32f103xb.o(.text)
    I2C2_ER_IRQHandler                       0x0800011b   Thumb Code     0  startup_stm32f103xb.o(.text)
    I2C2_EV_IRQHandler                       0x0800011b   Thumb Code     0  startup_stm32f103xb.o(.text)
    PVD_IRQHandler                           0x0800011b   Thumb Code     0  startup_stm32f103xb.o(.text)
    RCC_IRQHandler                           0x0800011b   Thumb Code     0  startup_stm32f103xb.o(.text)
    RTC_Alarm_IRQHandler                     0x0800011b   Thumb Code     0  startup_stm32f103xb.o(.text)
    RTC_IRQHandler                           0x0800011b   Thumb Code     0  startup_stm32f103xb.o(.text)
    SPI1_IRQHandler                          0x0800011b   Thumb Code     0  startup_stm32f103xb.o(.text)
    SPI2_IRQHandler                          0x0800011b   Thumb Code     0  startup_stm32f103xb.o(.text)
    TAMPER_IRQHandler                        0x0800011b   Thumb Code     0  startup_stm32f103xb.o(.text)
    TIM1_BRK_IRQHandler                      0x0800011b   Thumb Code     0  startup_stm32f103xb.o(.text)
    TIM1_CC_IRQHandler                       0x0800011b   Thumb Code     0  startup_stm32f103xb.o(.text)
    TIM1_TRG_COM_IRQHandler                  0x0800011b   Thumb Code     0  startup_stm32f103xb.o(.text)
    TIM2_IRQHandler                          0x0800011b   Thumb Code     0  startup_stm32f103xb.o(.text)
    TIM3_IRQHandler                          0x0800011b   Thumb Code     0  startup_stm32f103xb.o(.text)
    TIM4_IRQHandler                          0x0800011b   Thumb Code     0  startup_stm32f103xb.o(.text)
    USART2_IRQHandler                        0x0800011b   Thumb Code     0  startup_stm32f103xb.o(.text)
    USART3_IRQHandler                        0x0800011b   Thumb Code     0  startup_stm32f103xb.o(.text)
    USBWakeUp_IRQHandler                     0x0800011b   Thumb Code     0  startup_stm32f103xb.o(.text)
    USB_HP_CAN1_TX_IRQHandler                0x0800011b   Thumb Code     0  startup_stm32f103xb.o(.text)
    USB_LP_CAN1_RX0_IRQHandler               0x0800011b   Thumb Code     0  startup_stm32f103xb.o(.text)
    WWDG_IRQHandler                          0x0800011b   Thumb Code     0  startup_stm32f103xb.o(.text)
    __aeabi_memcpy                           0x08000125   Thumb Code    36  memcpya.o(.text)
    __aeabi_memcpy4                          0x08000125   Thumb Code     0  memcpya.o(.text)
    __aeabi_memcpy8                          0x08000125   Thumb Code     0  memcpya.o(.text)
    __aeabi_memset                           0x08000149   Thumb Code    14  memseta.o(.text)
    __aeabi_memset4                          0x08000149   Thumb Code     0  memseta.o(.text)
    __aeabi_memset8                          0x08000149   Thumb Code     0  memseta.o(.text)
    __aeabi_memclr                           0x08000157   Thumb Code     4  memseta.o(.text)
    __aeabi_memclr4                          0x08000157   Thumb Code     0  memseta.o(.text)
    __aeabi_memclr8                          0x08000157   Thumb Code     0  memseta.o(.text)
    _memset$wrapper                          0x0800015b   Thumb Code    18  memseta.o(.text)
    strlen                                   0x0800016d   Thumb Code    14  strlen.o(.text)
    strcmp                                   0x0800017b   Thumb Code    28  strcmp.o(.text)
    strncmp                                  0x08000197   Thumb Code    30  strncmp.o(.text)
    __aeabi_fmul                             0x080001b5   Thumb Code   100  fmul.o(.text)
    __aeabi_fdiv                             0x08000219   Thumb Code   124  fdiv.o(.text)
    __aeabi_i2f                              0x08000295   Thumb Code    18  fflti.o(.text)
    __aeabi_ui2f                             0x080002a7   Thumb Code    10  ffltui.o(.text)
    __I$use$fp                               0x080002b1   Thumb Code     0  iusefp.o(.text)
    _float_round                             0x080002b1   Thumb Code    18  fepilogue.o(.text)
    _float_epilogue                          0x080002c3   Thumb Code    92  fepilogue.o(.text)
    __scatterload                            0x08000321   Thumb Code    28  init.o(.text)
    __scatterload_rt2                        0x08000321   Thumb Code     0  init.o(.text)
    BusFault_Handler                         0x08000345   Thumb Code     2  stm32f1xx_it.o(.text.BusFault_Handler)
    DebugMon_Handler                         0x08000349   Thumb Code     2  stm32f1xx_it.o(.text.DebugMon_Handler)
    Error_Handler                            0x0800034d   Thumb Code    10  main.o(.text.Error_Handler)
    HAL_DMA_Abort                            0x08000359   Thumb Code    64  stm32f1xx_hal_dma.o(.text.HAL_DMA_Abort)
    HAL_DMA_Abort_IT                         0x08000399   Thumb Code   172  stm32f1xx_hal_dma.o(.text.HAL_DMA_Abort_IT)
    HAL_Delay                                0x08000445   Thumb Code    40  stm32f1xx_hal.o(.text.HAL_Delay)
    HAL_GPIO_Init                            0x0800046d   Thumb Code   512  stm32f1xx_hal_gpio.o(.text.HAL_GPIO_Init)
    HAL_GPIO_WritePin                        0x0800066d   Thumb Code    10  stm32f1xx_hal_gpio.o(.text.HAL_GPIO_WritePin)
    HAL_GetTick                              0x08000679   Thumb Code    12  stm32f1xx_hal.o(.text.HAL_GetTick)
    HAL_IncTick                              0x08000685   Thumb Code    26  stm32f1xx_hal.o(.text.HAL_IncTick)
    HAL_Init                                 0x080006a1   Thumb Code    38  stm32f1xx_hal.o(.text.HAL_Init)
    HAL_InitTick                             0x080006c9   Thumb Code   162  stm32f1xx_hal_timebase_tim.o(.text.HAL_InitTick)
    HAL_MspInit                              0x0800076d   Thumb Code    80  stm32f1xx_hal_msp.o(.text.HAL_MspInit)
    HAL_NVIC_DisableIRQ                      0x080007bd   Thumb Code    40  stm32f1xx_hal_cortex.o(.text.HAL_NVIC_DisableIRQ)
    HAL_NVIC_EnableIRQ                       0x080007e5   Thumb Code    32  stm32f1xx_hal_cortex.o(.text.HAL_NVIC_EnableIRQ)
    HAL_NVIC_SetPriority                     0x08000805   Thumb Code    86  stm32f1xx_hal_cortex.o(.text.HAL_NVIC_SetPriority)
    HAL_NVIC_SetPriorityGrouping             0x0800085d   Thumb Code    32  stm32f1xx_hal_cortex.o(.text.HAL_NVIC_SetPriorityGrouping)
    HAL_RCC_ClockConfig                      0x0800087d   Thumb Code   442  stm32f1xx_hal_rcc.o(.text.HAL_RCC_ClockConfig)
    HAL_RCC_GetClockConfig                   0x08000a39   Thumb Code    66  stm32f1xx_hal_rcc.o(.text.HAL_RCC_GetClockConfig)
    HAL_RCC_GetPCLK1Freq                     0x08000a7d   Thumb Code    38  stm32f1xx_hal_rcc.o(.text.HAL_RCC_GetPCLK1Freq)
    HAL_RCC_GetPCLK2Freq                     0x08000aa5   Thumb Code    38  stm32f1xx_hal_rcc.o(.text.HAL_RCC_GetPCLK2Freq)
    HAL_RCC_OscConfig                        0x08000acd   Thumb Code   816  stm32f1xx_hal_rcc.o(.text.HAL_RCC_OscConfig)
    HAL_TIMEx_BreakCallback                  0x08000dfd   Thumb Code     2  stm32f1xx_hal_tim_ex.o(.text.HAL_TIMEx_BreakCallback)
    HAL_TIMEx_CommutCallback                 0x08000e01   Thumb Code     2  stm32f1xx_hal_tim_ex.o(.text.HAL_TIMEx_CommutCallback)
    HAL_TIM_Base_Init                        0x08000e05   Thumb Code   216  stm32f1xx_hal_tim.o(.text.HAL_TIM_Base_Init)
    HAL_TIM_Base_MspInit                     0x08000edd   Thumb Code     2  stm32f1xx_hal_tim.o(.text.HAL_TIM_Base_MspInit)
    HAL_TIM_Base_Start_IT                    0x08000ee1   Thumb Code   102  stm32f1xx_hal_tim.o(.text.HAL_TIM_Base_Start_IT)
    HAL_TIM_IC_CaptureCallback               0x08000f49   Thumb Code     2  stm32f1xx_hal_tim.o(.text.HAL_TIM_IC_CaptureCallback)
    HAL_TIM_IRQHandler                       0x08000f4d   Thumb Code   362  stm32f1xx_hal_tim.o(.text.HAL_TIM_IRQHandler)
    HAL_TIM_OC_DelayElapsedCallback          0x080010b9   Thumb Code     2  stm32f1xx_hal_tim.o(.text.HAL_TIM_OC_DelayElapsedCallback)
    HAL_TIM_PWM_PulseFinishedCallback        0x080010bd   Thumb Code     2  stm32f1xx_hal_tim.o(.text.HAL_TIM_PWM_PulseFinishedCallback)
    HAL_TIM_PeriodElapsedCallback            0x080010c1   Thumb Code    20  main.o(.text.HAL_TIM_PeriodElapsedCallback)
    HAL_TIM_TriggerCallback                  0x080010d5   Thumb Code     2  stm32f1xx_hal_tim.o(.text.HAL_TIM_TriggerCallback)
    HAL_UARTEx_RxEventCallback               0x080010d9   Thumb Code     2  stm32f1xx_hal_uart.o(.text.HAL_UARTEx_RxEventCallback)
    HAL_UART_ErrorCallback                   0x080010dd   Thumb Code     2  stm32f1xx_hal_uart.o(.text.HAL_UART_ErrorCallback)
    HAL_UART_IRQHandler                      0x080010e1   Thumb Code   778  stm32f1xx_hal_uart.o(.text.HAL_UART_IRQHandler)
    HAL_UART_Init                            0x080013ed   Thumb Code   224  stm32f1xx_hal_uart.o(.text.HAL_UART_Init)
    HAL_UART_MspInit                         0x080014cd   Thumb Code   142  usart.o(.text.HAL_UART_MspInit)
    HAL_UART_Receive_IT                      0x0800155d   Thumb Code    84  stm32f1xx_hal_uart.o(.text.HAL_UART_Receive_IT)
    HAL_UART_RxCpltCallback                  0x080015b1   Thumb Code    54  debug_uart.o(.text.HAL_UART_RxCpltCallback)
    HAL_UART_Transmit_IT                     0x080015e9   Thumb Code    56  stm32f1xx_hal_uart.o(.text.HAL_UART_Transmit_IT)
    HAL_UART_TxCpltCallback                  0x08001621   Thumb Code    68  debug_uart.o(.text.HAL_UART_TxCpltCallback)
    HardFault_Handler                        0x08001665   Thumb Code     2  stm32f1xx_it.o(.text.HardFault_Handler)
    MX_GPIO_Init                             0x08001669   Thumb Code   124  gpio.o(.text.MX_GPIO_Init)
    MX_USART1_UART_Init                      0x080016e5   Thumb Code    60  usart.o(.text.MX_USART1_UART_Init)
    MemManage_Handler                        0x08001721   Thumb Code     2  stm32f1xx_it.o(.text.MemManage_Handler)
    NMI_Handler                              0x08001725   Thumb Code     2  stm32f1xx_it.o(.text.NMI_Handler)
    PendSV_Handler                           0x08001731   Thumb Code    68  port.o(.text.PendSV_Handler)
    SVC_Handler                              0x08001781   Thumb Code    36  port.o(.text.SVC_Handler)
    SysTick_Handler                          0x080017a5   Thumb Code    46  port.o(.text.SysTick_Handler)
    SystemInit                               0x080017d5   Thumb Code     2  system_stm32f1xx.o(.text.SystemInit)
    TIM1_UP_IRQHandler                       0x080017d9   Thumb Code    12  stm32f1xx_it.o(.text.TIM1_UP_IRQHandler)
    USART1_IRQHandler                        0x080018b5   Thumb Code     4  stm32f1xx_it.o(.text.USART1_IRQHandler)
    UsageFault_Handler                       0x080018b9   Thumb Code     2  stm32f1xx_it.o(.text.UsageFault_Handler)
    _assert_func                             0x080018bd   Thumb Code     2  assert.o(.text._assert_func)
    app_main                                 0x080018c1   Thumb Code    40  app.o(.text.app_main)
    basic_queue_init                         0x080018f5   Thumb Code    36  basic_queue.o(.text.basic_queue_init)
    basic_queue_is_empty                     0x08001919   Thumb Code    36  basic_queue.o(.text.basic_queue_is_empty)
    basic_queue_pull_pop                     0x0800193d   Thumb Code   124  basic_queue.o(.text.basic_queue_pull_pop)
    basic_queue_push                         0x080019b9   Thumb Code   108  basic_queue.o(.text.basic_queue_push)
    debug_uart_init                          0x08001a25   Thumb Code   110  debug_uart.o(.text.debug_uart_init)
    debug_uart_irqn_handler                  0x08001a95   Thumb Code    12  debug_uart.o(.text.debug_uart_irqn_handler)
    debug_uart_recv                          0x08001aa1   Thumb Code    40  debug_uart.o(.text.debug_uart_recv)
    debug_uart_send                          0x08001ac9   Thumb Code   104  debug_uart.o(.text.debug_uart_send)
    export_run                               0x08001b31   Thumb Code   210  export.o(.text.export_run)
    led_task                                 0x08001c05   Thumb Code    42  app.o(.text.led_task)
    main                                     0x08001c31   Thumb Code   170  main.o(.text.main)
    pvPortMalloc                             0x080023dd   Thumb Code   440  heap_4.o(.text.pvPortMalloc)
    pxPortInitialiseStack                    0x08002595   Thumb Code    32  port.o(.text.pxPortInitialiseStack)
    shellBackspace                           0x080025b5   Thumb Code     6  shell.o(.text.shellBackspace)
    shellClear                               0x080025bd   Thumb Code    62  shell.o(.text.shellClear)
    shellCmds                                0x080025fd   Thumb Code   154  shell.o(.text.shellCmds)
    shellDelete                              0x08002699   Thumb Code     8  shell.o(.text.shellDelete)
    shellDeleteByte                          0x080026a1   Thumb Code   256  shell.o(.text.shellDeleteByte)
    shellDown                                0x080027a1   Thumb Code     8  shell.o(.text.shellDown)
    shellEnter                               0x080027a9   Thumb Code    18  shell.o(.text.shellEnter)
    shellExec                                0x080027bd   Thumb Code   332  shell.o(.text.shellExec)
    shellExtParsePara                        0x0800291d   Thumb Code   612  shell_ext.o(.text.shellExtParsePara)
    shellExtRun                              0x08002b99   Thumb Code   234  shell_ext.o(.text.shellExtRun)
    shellGetVarValue                         0x08002c85   Thumb Code    62  shell.o(.text.shellGetVarValue)
    shellHandler                             0x08002cc5   Thumb Code   276  shell.o(.text.shellHandler)
    shellHelp                                0x08002dd9   Thumb Code   404  shell.o(.text.shellHelp)
    shellInit                                0x080030a9   Thumb Code   262  shell.o(.text.shellInit)
    shellInsertByte                          0x080031b1   Thumb Code   288  shell.o(.text.shellInsertByte)
    shellKeys                                0x080032d1   Thumb Code   148  shell.o(.text.shellKeys)
    shellLeft                                0x08003365   Thumb Code    36  shell.o(.text.shellLeft)
    shellListItem                            0x08003389   Thumb Code   396  shell.o(.text.shellListItem)
    shellRight                               0x08003541   Thumb Code    38  shell.o(.text.shellRight)
    shellRunCommand                          0x08003569   Thumb Code   346  shell.o(.text.shellRunCommand)
    shellSeekCommand                         0x080036c5   Thumb Code   240  shell.o(.text.shellSeekCommand)
    shellSetVar                              0x080037b5   Thumb Code   152  shell.o(.text.shellSetVar)
    shellSetVarValue                         0x0800386d   Thumb Code   144  shell.o(.text.shellSetVarValue)
    shellSplit                               0x08003b3d   Thumb Code   240  shell.o(.text.shellSplit)
    shellTab                                 0x08003c2d   Thumb Code   958  shell.o(.text.shellTab)
    shellUp                                  0x08003fed   Thumb Code     6  shell.o(.text.shellUp)
    shellUsers                               0x08003ff5   Thumb Code   132  shell.o(.text.shellUsers)
    shellVars                                0x08004079   Thumb Code   158  shell.o(.text.shellVars)
    shell_task                               0x08004331   Thumb Code    52  shell_port.o(.text.shell_task)
    start_task                               0x080043d1   Thumb Code    92  app.o(.text.start_task)
    uart_task                                0x08004445   Thumb Code    10  app.o(.text.uart_task)
    uxListRemove                             0x08004451   Thumb Code    36  list.o(.text.uxListRemove)
    vApplicationGetIdleTaskMemory            0x08004475   Thumb Code    26  cmsis_os2.o(.text.vApplicationGetIdleTaskMemory)
    vApplicationGetTimerTaskMemory           0x08004491   Thumb Code    28  cmsis_os2.o(.text.vApplicationGetTimerTaskMemory)
    vListInitialise                          0x080044ad   Thumb Code    22  list.o(.text.vListInitialise)
    vListInitialiseItem                      0x080044c5   Thumb Code     6  list.o(.text.vListInitialiseItem)
    vListInsert                              0x080044cd   Thumb Code    58  list.o(.text.vListInsert)
    vListInsertEnd                           0x08004509   Thumb Code    28  list.o(.text.vListInsertEnd)
    vPortEnterCritical                       0x08004525   Thumb Code    70  port.o(.text.vPortEnterCritical)
    vPortExitCritical                        0x0800456d   Thumb Code    46  port.o(.text.vPortExitCritical)
    vPortFree                                0x0800459d   Thumb Code   196  heap_4.o(.text.vPortFree)
    vPortSetupTimerInterrupt                 0x08004661   Thumb Code    52  port.o(.text.vPortSetupTimerInterrupt)
    vQueueAddToRegistry                      0x08004695   Thumb Code    40  queue.o(.text.vQueueAddToRegistry)
    vQueueWaitForMessageRestricted           0x080046bd   Thumb Code    70  queue.o(.text.vQueueWaitForMessageRestricted)
    vTaskDelay                               0x08004705   Thumb Code   166  tasks.o(.text.vTaskDelay)
    vTaskDelete                              0x080047ad   Thumb Code   278  tasks.o(.text.vTaskDelete)
    vTaskInternalSetTimeOutState             0x080048c5   Thumb Code    26  tasks.o(.text.vTaskInternalSetTimeOutState)
    vTaskMissedYield                         0x080048e1   Thumb Code    14  tasks.o(.text.vTaskMissedYield)
    vTaskPlaceOnEventList                    0x080048f1   Thumb Code    54  tasks.o(.text.vTaskPlaceOnEventList)
    vTaskPlaceOnEventListRestricted          0x08004929   Thumb Code    62  tasks.o(.text.vTaskPlaceOnEventListRestricted)
    vTaskStartScheduler                      0x08004969   Thumb Code   156  tasks.o(.text.vTaskStartScheduler)
    vTaskSuspendAll                          0x08004a0d   Thumb Code    16  tasks.o(.text.vTaskSuspendAll)
    vTaskSwitchContext                       0x08004a1d   Thumb Code   154  tasks.o(.text.vTaskSwitchContext)
    xPortStartScheduler                      0x08004ab9   Thumb Code   218  port.o(.text.xPortStartScheduler)
    xQueueGenericCreateStatic                0x08004b95   Thumb Code   218  queue.o(.text.xQueueGenericCreateStatic)
    xQueueGenericSend                        0x08004c71   Thumb Code   530  queue.o(.text.xQueueGenericSend)
    xQueueReceive                            0x08004e85   Thumb Code   424  queue.o(.text.xQueueReceive)
    xTaskCheckForTimeOut                     0x0800502d   Thumb Code   142  tasks.o(.text.xTaskCheckForTimeOut)
    xTaskCreate                              0x080050bd   Thumb Code   216  tasks.o(.text.xTaskCreate)
    xTaskCreateStatic                        0x08005195   Thumb Code   222  tasks.o(.text.xTaskCreateStatic)
    xTaskGetSchedulerState                   0x08005275   Thumb Code    38  tasks.o(.text.xTaskGetSchedulerState)
    xTaskGetTickCount                        0x0800529d   Thumb Code    12  tasks.o(.text.xTaskGetTickCount)
    xTaskIncrementTick                       0x080052a9   Thumb Code   366  tasks.o(.text.xTaskIncrementTick)
    xTaskPriorityDisinherit                  0x08005419   Thumb Code   146  tasks.o(.text.xTaskPriorityDisinherit)
    xTaskRemoveFromEventList                 0x080054ad   Thumb Code   142  tasks.o(.text.xTaskRemoveFromEventList)
    xTaskResumeAll                           0x0800553d   Thumb Code   312  tasks.o(.text.xTaskResumeAll)
    xTimerCreateTimerTask                    0x08005675   Thumb Code   108  timers.o(.text.xTimerCreateTimerTask)
    __scatterload_copy                       0x080056e9   Thumb Code    14  handlers.o(i.__scatterload_copy)
    __scatterload_null                       0x080056f7   Thumb Code     2  handlers.o(i.__scatterload_null)
    __scatterload_zeroinit                   0x080056f9   Thumb Code    14  handlers.o(i.__scatterload_zeroinit)
    AHBPrescTable                            0x08005706   Data          16  system_stm32f1xx.o(.rodata.AHBPrescTable)
    APBPrescTable                            0x08005716   Data           8  system_stm32f1xx.o(.rodata.APBPrescTable)
    shellCmdDefaultUser                      0x08005730   Data           6  shell.o(.rodata.shellCmdDefaultUser)
    shellCmdclear                            0x08005736   Data           6  shell.o(.rodata.shellCmdclear)
    shellCmdcmds                             0x0800573c   Data           5  shell.o(.rodata.shellCmdcmds)
    shellCmdhelp                             0x08005741   Data           5  shell.o(.rodata.shellCmdhelp)
    shellCmdkeys                             0x08005746   Data           5  shell.o(.rodata.shellCmdkeys)
    shellCmdsetVar                           0x0800574b   Data           7  shell.o(.rodata.shellCmdsetVar)
    shellCmdusers                            0x08005752   Data           6  shell.o(.rodata.shellCmdusers)
    shellCmdvars                             0x08005758   Data           5  shell.o(.rodata.shellCmdvars)
    shellDesDefaultUser                      0x0800575d   Data          13  shell.o(.rodata.shellDesDefaultUser)
    shellDesc0x08000000                      0x0800576a   Data          10  shell.o(.rodata.shellDesc0x08000000)
    shellDesc0x09000000                      0x08005774   Data           4  shell.o(.rodata.shellDesc0x09000000)
    shellDesc0x0A000000                      0x08005778   Data           6  shell.o(.rodata.shellDesc0x0A000000)
    shellDesc0x0D000000                      0x0800577e   Data           6  shell.o(.rodata.shellDesc0x0D000000)
    shellDesc0x1B5B337E                      0x08005784   Data           7  shell.o(.rodata.shellDesc0x1B5B337E)
    shellDesc0x1B5B4100                      0x0800578b   Data           3  shell.o(.rodata.shellDesc0x1B5B4100)
    shellDesc0x1B5B4200                      0x0800578e   Data           5  shell.o(.rodata.shellDesc0x1B5B4200)
    shellDesc0x1B5B4300                      0x08005793   Data           6  shell.o(.rodata.shellDesc0x1B5B4300)
    shellDesc0x1B5B4400                      0x08005799   Data           5  shell.o(.rodata.shellDesc0x1B5B4400)
    shellDesc0x7F000000                      0x0800579e   Data          10  shell.o(.rodata.shellDesc0x7F000000)
    shellDescclear                           0x080057a8   Data          14  shell.o(.rodata.shellDescclear)
    shellDesccmds                            0x080057b6   Data          13  shell.o(.rodata.shellDesccmds)
    shellDeschelp                            0x080057c3   Data          30  shell.o(.rodata.shellDeschelp)
    shellDesckeys                            0x080057e1   Data          13  shell.o(.rodata.shellDesckeys)
    shellDescsetVar                          0x080057ee   Data           8  shell.o(.rodata.shellDescsetVar)
    shellDescusers                           0x080057f6   Data          14  shell.o(.rodata.shellDescusers)
    shellDescvars                            0x08005804   Data          13  shell.o(.rodata.shellDescvars)
    shellPasswordDefaultUser                 0x08005811   Data           1  shell.o(.rodata.shellPasswordDefaultUser)
    Region$$Table$$Base                      0x08005a18   Number         0  anon$$obj.o(Region$$Table)
    Region$$Table$$Limit                     0x08005a38   Number         0  anon$$obj.o(Region$$Table)
    init_module_null_init                    0x08005a38   Data          20  export.o(init_export)
    init_shell_uart_init                     0x08005a4c   Data          20  shell_port.o(init_export)
    shellCommand$$Base                       0x08005a60   Number         0  shell.o(shellCommand)
    shellUserDefault                         0x08005a60   Data          16  shell.o(shellCommand)
    shellCommandsetVar                       0x08005a70   Data          16  shell.o(shellCommand)
    shellKey0x1B5B4100                       0x08005a80   Data          16  shell.o(shellCommand)
    shellKey0x1B5B4200                       0x08005a90   Data          16  shell.o(shellCommand)
    shellKey0x1B5B4300                       0x08005aa0   Data          16  shell.o(shellCommand)
    shellKey0x1B5B4400                       0x08005ab0   Data          16  shell.o(shellCommand)
    shellKey0x09000000                       0x08005ac0   Data          16  shell.o(shellCommand)
    shellKey0x08000000                       0x08005ad0   Data          16  shell.o(shellCommand)
    shellKey0x7F000000                       0x08005ae0   Data          16  shell.o(shellCommand)
    shellKey0x1B5B337E                       0x08005af0   Data          16  shell.o(shellCommand)
    shellKey0x0A000000                       0x08005b00   Data          16  shell.o(shellCommand)
    shellKey0x0D000000                       0x08005b10   Data          16  shell.o(shellCommand)
    shellCommandhelp                         0x08005b20   Data          16  shell.o(shellCommand)
    shellCommandusers                        0x08005b30   Data          16  shell.o(shellCommand)
    shellCommandcmds                         0x08005b40   Data          16  shell.o(shellCommand)
    shellCommandvars                         0x08005b50   Data          16  shell.o(shellCommand)
    shellCommandkeys                         0x08005b60   Data          16  shell.o(shellCommand)
    shellCommandclear                        0x08005b70   Data          16  shell.o(shellCommand)
    shellCommand$$Limit                      0x08005b80   Number         0  shell.o(shellCommand)
    SystemCoreClock                          0x20000000   Data           4  system_stm32f1xx.o(.data.SystemCoreClock)
    pairedChars                              0x20000004   Data           2  shell.o(.data.pairedChars)
    uwTickFreq                               0x20000006   Data           1  stm32f1xx_hal.o(.data.uwTickFreq)
    uwTickPrio                               0x20000008   Data           4  stm32f1xx_hal.o(.data.uwTickPrio)
    LED_TaskHandle                           0x2000026c   Data           4  app.o(.bss.LED_TaskHandle)
    SHELL_TaskHandle                         0x20000270   Data           4  shell_port.o(.bss.SHELL_TaskHandle)
    UART_TaskHandle                          0x200006d0   Data           4  app.o(.bss.UART_TaskHandle)
    htim1                                    0x20000924   Data          72  stm32f1xx_hal_timebase_tim.o(.bss.htim1)
    huart                                    0x2000096c   Data          72  debug_uart.o(.bss.huart)
    huart1                                   0x200009b4   Data          72  usart.o(.bss.huart1)
    pxCurrentTCB                             0x20000af4   Data           4  tasks.o(.bss.pxCurrentTCB)
    uwTick                                   0x20003a18   Data           4  stm32f1xx_hal.o(.bss.uwTick)
    xQueueRegistry                           0x20003ab0   Data          64  queue.o(.bss.xQueueRegistry)
    __initial_sp                             0x20003f38   Data           0  startup_stm32f103xb.o(STACK)



==============================================================================

Memory Map of the image

  Image Entry point : 0x080000ed

  Load Region LR_IROM1 (Base: 0x08000000, Size: 0x00005b90, Max: 0x00010000, ABSOLUTE)

    Execution Region ER_IROM1 (Exec base: 0x08000000, Load base: 0x08000000, Size: 0x00005b80, Max: 0x00010000, ABSOLUTE)

    Exec Addr    Load Addr    Size         Type   Attr      Idx    E Section Name        Object

    0x08000000   0x08000000   0x000000ec   Data   RO            3    RESET               startup_stm32f103xb.o
    0x080000ec   0x080000ec   0x00000000   Code   RO         1830  * .ARM.Collect$$$$00000000  mc_w.l(entry.o)
    0x080000ec   0x080000ec   0x00000004   Code   RO         1883    .ARM.Collect$$$$00000001  mc_w.l(entry2.o)
    0x080000f0   0x080000f0   0x00000004   Code   RO         1886    .ARM.Collect$$$$00000004  mc_w.l(entry5.o)
    0x080000f4   0x080000f4   0x00000000   Code   RO         1888    .ARM.Collect$$$$00000008  mc_w.l(entry7b.o)
    0x080000f4   0x080000f4   0x00000000   Code   RO         1890    .ARM.Collect$$$$0000000A  mc_w.l(entry8b.o)
    0x080000f4   0x080000f4   0x00000008   Code   RO         1891    .ARM.Collect$$$$0000000B  mc_w.l(entry9a.o)
    0x080000fc   0x080000fc   0x00000000   Code   RO         1893    .ARM.Collect$$$$0000000D  mc_w.l(entry10a.o)
    0x080000fc   0x080000fc   0x00000000   Code   RO         1895    .ARM.Collect$$$$0000000F  mc_w.l(entry11a.o)
    0x080000fc   0x080000fc   0x00000004   Code   RO         1884    .ARM.Collect$$$$00002712  mc_w.l(entry2.o)
    0x08000100   0x08000100   0x00000024   Code   RO            4    .text               startup_stm32f103xb.o
    0x08000124   0x08000124   0x00000024   Code   RO         1833    .text               mc_w.l(memcpya.o)
    0x08000148   0x08000148   0x00000024   Code   RO         1835    .text               mc_w.l(memseta.o)
    0x0800016c   0x0800016c   0x0000000e   Code   RO         1837    .text               mc_w.l(strlen.o)
    0x0800017a   0x0800017a   0x0000001c   Code   RO         1839    .text               mc_w.l(strcmp.o)
    0x08000196   0x08000196   0x0000001e   Code   RO         1841    .text               mc_w.l(strncmp.o)
    0x080001b4   0x080001b4   0x00000064   Code   RO         1875    .text               mf_w.l(fmul.o)
    0x08000218   0x08000218   0x0000007c   Code   RO         1877    .text               mf_w.l(fdiv.o)
    0x08000294   0x08000294   0x00000012   Code   RO         1879    .text               mf_w.l(fflti.o)
    0x080002a6   0x080002a6   0x0000000a   Code   RO         1881    .text               mf_w.l(ffltui.o)
    0x080002b0   0x080002b0   0x00000000   Code   RO         1952    .text               mc_w.l(iusefp.o)
    0x080002b0   0x080002b0   0x0000006e   Code   RO         1953    .text               mf_w.l(fepilogue.o)
    0x0800031e   0x0800031e   0x00000002   PAD
    0x08000320   0x08000320   0x00000024   Code   RO         1965    .text               mc_w.l(init.o)
    0x08000344   0x08000344   0x00000002   Code   RO           72    .text.BusFault_Handler  stm32f1xx_it.o
    0x08000346   0x08000346   0x00000002   PAD
    0x08000348   0x08000348   0x00000002   Code   RO           76    .text.DebugMon_Handler  stm32f1xx_it.o
    0x0800034a   0x0800034a   0x00000002   PAD
    0x0800034c   0x0800034c   0x0000000a   Code   RO           15    .text.Error_Handler  main.o
    0x08000356   0x08000356   0x00000002   PAD
    0x08000358   0x08000358   0x00000040   Code   RO          273    .text.HAL_DMA_Abort  stm32f1xx_hal_dma.o
    0x08000398   0x08000398   0x000000ac   Code   RO          275    .text.HAL_DMA_Abort_IT  stm32f1xx_hal_dma.o
    0x08000444   0x08000444   0x00000028   Code   RO          148    .text.HAL_Delay     stm32f1xx_hal.o
    0x0800046c   0x0800046c   0x00000200   Code   RO          241    .text.HAL_GPIO_Init  stm32f1xx_hal_gpio.o
    0x0800066c   0x0800066c   0x0000000a   Code   RO          247    .text.HAL_GPIO_WritePin  stm32f1xx_hal_gpio.o
    0x08000676   0x08000676   0x00000002   PAD
    0x08000678   0x08000678   0x0000000c   Code   RO          140    .text.HAL_GetTick   stm32f1xx_hal.o
    0x08000684   0x08000684   0x0000001a   Code   RO          138    .text.HAL_IncTick   stm32f1xx_hal.o
    0x0800069e   0x0800069e   0x00000002   PAD
    0x080006a0   0x080006a0   0x00000026   Code   RO          128    .text.HAL_Init      stm32f1xx_hal.o
    0x080006c6   0x080006c6   0x00000002   PAD
    0x080006c8   0x080006c8   0x000000a2   Code   RO           99    .text.HAL_InitTick  stm32f1xx_hal_timebase_tim.o
    0x0800076a   0x0800076a   0x00000002   PAD
    0x0800076c   0x0800076c   0x00000050   Code   RO           89    .text.HAL_MspInit   stm32f1xx_hal_msp.o
    0x080007bc   0x080007bc   0x00000028   Code   RO          303    .text.HAL_NVIC_DisableIRQ  stm32f1xx_hal_cortex.o
    0x080007e4   0x080007e4   0x00000020   Code   RO          301    .text.HAL_NVIC_EnableIRQ  stm32f1xx_hal_cortex.o
    0x08000804   0x08000804   0x00000056   Code   RO          299    .text.HAL_NVIC_SetPriority  stm32f1xx_hal_cortex.o
    0x0800085a   0x0800085a   0x00000002   PAD
    0x0800085c   0x0800085c   0x00000020   Code   RO          297    .text.HAL_NVIC_SetPriorityGrouping  stm32f1xx_hal_cortex.o
    0x0800087c   0x0800087c   0x000001ba   Code   RO          193    .text.HAL_RCC_ClockConfig  stm32f1xx_hal_rcc.o
    0x08000a36   0x08000a36   0x00000002   PAD
    0x08000a38   0x08000a38   0x00000042   Code   RO          211    .text.HAL_RCC_GetClockConfig  stm32f1xx_hal_rcc.o
    0x08000a7a   0x08000a7a   0x00000002   PAD
    0x08000a7c   0x08000a7c   0x00000026   Code   RO          205    .text.HAL_RCC_GetPCLK1Freq  stm32f1xx_hal_rcc.o
    0x08000aa2   0x08000aa2   0x00000002   PAD
    0x08000aa4   0x08000aa4   0x00000026   Code   RO          207    .text.HAL_RCC_GetPCLK2Freq  stm32f1xx_hal_rcc.o
    0x08000aca   0x08000aca   0x00000002   PAD
    0x08000acc   0x08000acc   0x00000330   Code   RO          191    .text.HAL_RCC_OscConfig  stm32f1xx_hal_rcc.o
    0x08000dfc   0x08000dfc   0x00000002   Code   RO          767    .text.HAL_TIMEx_BreakCallback  stm32f1xx_hal_tim_ex.o
    0x08000dfe   0x08000dfe   0x00000002   PAD
    0x08000e00   0x08000e00   0x00000002   Code   RO          763    .text.HAL_TIMEx_CommutCallback  stm32f1xx_hal_tim_ex.o
    0x08000e02   0x08000e02   0x00000002   PAD
    0x08000e04   0x08000e04   0x000000d8   Code   RO          462    .text.HAL_TIM_Base_Init  stm32f1xx_hal_tim.o
    0x08000edc   0x08000edc   0x00000002   Code   RO          464    .text.HAL_TIM_Base_MspInit  stm32f1xx_hal_tim.o
    0x08000ede   0x08000ede   0x00000002   PAD
    0x08000ee0   0x08000ee0   0x00000066   Code   RO          476    .text.HAL_TIM_Base_Start_IT  stm32f1xx_hal_tim.o
    0x08000f46   0x08000f46   0x00000002   PAD
    0x08000f48   0x08000f48   0x00000002   Code   RO          598    .text.HAL_TIM_IC_CaptureCallback  stm32f1xx_hal_tim.o
    0x08000f4a   0x08000f4a   0x00000002   PAD
    0x08000f4c   0x08000f4c   0x0000016a   Code   RO          596    .text.HAL_TIM_IRQHandler  stm32f1xx_hal_tim.o
    0x080010b6   0x080010b6   0x00000002   PAD
    0x080010b8   0x080010b8   0x00000002   Code   RO          600    .text.HAL_TIM_OC_DelayElapsedCallback  stm32f1xx_hal_tim.o
    0x080010ba   0x080010ba   0x00000002   PAD
    0x080010bc   0x080010bc   0x00000002   Code   RO          602    .text.HAL_TIM_PWM_PulseFinishedCallback  stm32f1xx_hal_tim.o
    0x080010be   0x080010be   0x00000002   PAD
    0x080010c0   0x080010c0   0x00000014   Code   RO           17    .text.HAL_TIM_PeriodElapsedCallback  main.o
    0x080010d4   0x080010d4   0x00000002   Code   RO          606    .text.HAL_TIM_TriggerCallback  stm32f1xx_hal_tim.o
    0x080010d6   0x080010d6   0x00000002   PAD
    0x080010d8   0x080010d8   0x00000002   Code   RO          865    .text.HAL_UARTEx_RxEventCallback  stm32f1xx_hal_uart.o
    0x080010da   0x080010da   0x00000002   PAD
    0x080010dc   0x080010dc   0x00000002   Code   RO          863    .text.HAL_UART_ErrorCallback  stm32f1xx_hal_uart.o
    0x080010de   0x080010de   0x00000002   PAD
    0x080010e0   0x080010e0   0x0000030a   Code   RO          857    .text.HAL_UART_IRQHandler  stm32f1xx_hal_uart.o
    0x080013ea   0x080013ea   0x00000002   PAD
    0x080013ec   0x080013ec   0x000000e0   Code   RO          781    .text.HAL_UART_Init  stm32f1xx_hal_uart.o
    0x080014cc   0x080014cc   0x0000008e   Code   RO           53    .text.HAL_UART_MspInit  usart.o
    0x0800155a   0x0800155a   0x00000002   PAD
    0x0800155c   0x0800155c   0x00000054   Code   RO          801    .text.HAL_UART_Receive_IT  stm32f1xx_hal_uart.o
    0x080015b0   0x080015b0   0x00000036   Code   RO         1512    .text.HAL_UART_RxCpltCallback  debug_uart.o
    0x080015e6   0x080015e6   0x00000002   PAD
    0x080015e8   0x080015e8   0x00000038   Code   RO          799    .text.HAL_UART_Transmit_IT  stm32f1xx_hal_uart.o
    0x08001620   0x08001620   0x00000044   Code   RO         1510    .text.HAL_UART_TxCpltCallback  debug_uart.o
    0x08001664   0x08001664   0x00000002   Code   RO           68    .text.HardFault_Handler  stm32f1xx_it.o
    0x08001666   0x08001666   0x00000002   PAD
    0x08001668   0x08001668   0x0000007c   Code   RO           28    .text.MX_GPIO_Init  gpio.o
    0x080016e4   0x080016e4   0x0000003c   Code   RO           51    .text.MX_USART1_UART_Init  usart.o
    0x08001720   0x08001720   0x00000002   Code   RO           70    .text.MemManage_Handler  stm32f1xx_it.o
    0x08001722   0x08001722   0x00000002   PAD
    0x08001724   0x08001724   0x00000002   Code   RO           66    .text.NMI_Handler   stm32f1xx_it.o
    0x08001726   0x08001726   0x0000000a   PAD
    0x08001730   0x08001730   0x00000044   Code   RO         1467    .text.PendSV_Handler  port.o
    0x08001774   0x08001774   0x0000000c   PAD
    0x08001780   0x08001780   0x00000024   Code   RO         1453    .text.SVC_Handler   port.o
    0x080017a4   0x080017a4   0x0000002e   Code   RO         1469    .text.SysTick_Handler  port.o
    0x080017d2   0x080017d2   0x00000002   PAD
    0x080017d4   0x080017d4   0x00000002   Code   RO          901    .text.SystemInit    system_stm32f1xx.o
    0x080017d6   0x080017d6   0x00000002   PAD
    0x080017d8   0x080017d8   0x0000000c   Code   RO           78    .text.TIM1_UP_IRQHandler  stm32f1xx_it.o
    0x080017e4   0x080017e4   0x0000000c   Code   RO          861    .text.UART_DMAAbortOnError  stm32f1xx_hal_uart.o
    0x080017f0   0x080017f0   0x000000c2   Code   RO          859    .text.UART_Receive_IT  stm32f1xx_hal_uart.o
    0x080018b2   0x080018b2   0x00000002   PAD
    0x080018b4   0x080018b4   0x00000004   Code   RO           80    .text.USART1_IRQHandler  stm32f1xx_it.o
    0x080018b8   0x080018b8   0x00000002   Code   RO           74    .text.UsageFault_Handler  stm32f1xx_it.o
    0x080018ba   0x080018ba   0x00000002   PAD
    0x080018bc   0x080018bc   0x00000002   Code   RO         1531    .text._assert_func  assert.o
    0x080018be   0x080018be   0x00000002   PAD
    0x080018c0   0x080018c0   0x00000034   Code   RO         1490    .text.app_main      app.o
    0x080018f4   0x080018f4   0x00000024   Code   RO         1557    .text.basic_queue_init  basic_queue.o
    0x08001918   0x08001918   0x00000024   Code   RO         1573    .text.basic_queue_is_empty  basic_queue.o
    0x0800193c   0x0800193c   0x0000007c   Code   RO         1565    .text.basic_queue_pull_pop  basic_queue.o
    0x080019b8   0x080019b8   0x0000006c   Code   RO         1559    .text.basic_queue_push  basic_queue.o
    0x08001a24   0x08001a24   0x0000006e   Code   RO         1502    .text.debug_uart_init  debug_uart.o
    0x08001a92   0x08001a92   0x00000002   PAD
    0x08001a94   0x08001a94   0x0000000c   Code   RO         1514    .text.debug_uart_irqn_handler  debug_uart.o
    0x08001aa0   0x08001aa0   0x00000028   Code   RO         1506    .text.debug_uart_recv  debug_uart.o
    0x08001ac8   0x08001ac8   0x00000068   Code   RO         1504    .text.debug_uart_send  debug_uart.o
    0x08001b30   0x08001b30   0x000000d2   Code   RO         1541    .text.export_run    export.o
    0x08001c02   0x08001c02   0x00000002   PAD
    0x08001c04   0x08001c04   0x0000002a   Code   RO         1486    .text.led_task      app.o
    0x08001c2e   0x08001c2e   0x00000002   PAD
    0x08001c30   0x08001c30   0x000000aa   Code   RO           11    .text.main          main.o
    0x08001cda   0x08001cda   0x00000002   PAD
    0x08001cdc   0x08001cdc   0x00000002   Code   RO         1539    .text.module_null_init  export.o
    0x08001cde   0x08001cde   0x00000002   PAD
    0x08001ce0   0x08001ce0   0x00000084   Code   RO         1106    .text.prvAddCurrentTaskToDelayedList  tasks.o
    0x08001d64   0x08001d64   0x0000011c   Code   RO         1096    .text.prvAddNewTaskToReadyList  tasks.o
    0x08001e80   0x08001e80   0x0000007c   Code   RO         1229    .text.prvCheckForValidListAndQueue  timers.o
    0x08001efc   0x08001efc   0x00000096   Code   RO         1130    .text.prvIdleTask   tasks.o
    0x08001f92   0x08001f92   0x00000002   PAD
    0x08001f94   0x08001f94   0x00000020   Code   RO         1459    .text.prvPortStartFirstTask  port.o
    0x08001fb4   0x08001fb4   0x000000e6   Code   RO         1261    .text.prvSampleTimeNow  timers.o
    0x0800209a   0x0800209a   0x00000002   PAD
    0x0800209c   0x0800209c   0x00000032   Code   RO         1451    .text.prvTaskExitError  port.o
    0x080020ce   0x080020ce   0x00000002   PAD
    0x080020d0   0x080020d0   0x00000296   Code   RO         1231    .text.prvTimerTask  timers.o
    0x08002366   0x08002366   0x00000002   PAD
    0x08002368   0x08002368   0x00000074   Code   RO          997    .text.prvUnlockQueue  queue.o
    0x080023dc   0x080023dc   0x000001b8   Code   RO         1425    .text.pvPortMalloc  heap_4.o
    0x08002594   0x08002594   0x00000020   Code   RO         1449    .text.pxPortInitialiseStack  port.o
    0x080025b4   0x080025b4   0x00000006   Code   RO         1719    .text.shellBackspace  shell.o
    0x080025ba   0x080025ba   0x00000002   PAD
    0x080025bc   0x080025bc   0x0000003e   Code   RO         1739    .text.shellClear    shell.o
    0x080025fa   0x080025fa   0x00000002   PAD
    0x080025fc   0x080025fc   0x0000009a   Code   RO         1733    .text.shellCmds     shell.o
    0x08002696   0x08002696   0x00000002   PAD
    0x08002698   0x08002698   0x00000008   Code   RO         1721    .text.shellDelete   shell.o
    0x080026a0   0x080026a0   0x00000100   Code   RO         1687    .text.shellDeleteByte  shell.o
    0x080027a0   0x080027a0   0x00000008   Code   RO         1711    .text.shellDown     shell.o
    0x080027a8   0x080027a8   0x00000012   Code   RO         1723    .text.shellEnter    shell.o
    0x080027ba   0x080027ba   0x00000002   PAD
    0x080027bc   0x080027bc   0x00000160   Code   RO         1705    .text.shellExec     shell.o
    0x0800291c   0x0800291c   0x0000027c   Code   RO         1802    .text.shellExtParsePara  shell_ext.o
    0x08002b98   0x08002b98   0x000000ea   Code   RO         1804    .text.shellExtRun   shell_ext.o
    0x08002c82   0x08002c82   0x00000002   PAD
    0x08002c84   0x08002c84   0x0000003e   Code   RO         1691    .text.shellGetVarValue  shell.o
    0x08002cc2   0x08002cc2   0x00000002   PAD
    0x08002cc4   0x08002cc4   0x00000114   Code   RO         1727    .text.shellHandler  shell.o
    0x08002dd8   0x08002dd8   0x000001a8   Code   RO         1725    .text.shellHelp     shell.o
    0x08002f80   0x08002f80   0x00000126   Code   RO         1709    .text.shellHistory  shell.o
    0x080030a6   0x080030a6   0x00000002   PAD
    0x080030a8   0x080030a8   0x00000106   Code   RO         1647    .text.shellInit     shell.o
    0x080031ae   0x080031ae   0x00000002   PAD
    0x080031b0   0x080031b0   0x00000120   Code   RO         1685    .text.shellInsertByte  shell.o
    0x080032d0   0x080032d0   0x00000094   Code   RO         1737    .text.shellKeys     shell.o
    0x08003364   0x08003364   0x00000024   Code   RO         1715    .text.shellLeft     shell.o
    0x08003388   0x08003388   0x000001b8   Code   RO         1669    .text.shellListItem  shell.o
    0x08003540   0x08003540   0x00000026   Code   RO         1713    .text.shellRight    shell.o
    0x08003566   0x08003566   0x00000002   PAD
    0x08003568   0x08003568   0x0000015a   Code   RO         1699    .text.shellRunCommand  shell.o
    0x080036c2   0x080036c2   0x00000002   PAD
    0x080036c4   0x080036c4   0x000000f0   Code   RO         1651    .text.shellSeekCommand  shell.o
    0x080037b4   0x080037b4   0x000000b8   Code   RO         1697    .text.shellSetVar   shell.o
    0x0800386c   0x0800386c   0x000000c0   Code   RO         1693    .text.shellSetVarValue  shell.o
    0x0800392c   0x0800392c   0x00000210   Code   RO         1695    .text.shellShowVar  shell.o
    0x08003b3c   0x08003b3c   0x000000f0   Code   RO         1689    .text.shellSplit    shell.o
    0x08003c2c   0x08003c2c   0x000003be   Code   RO         1717    .text.shellTab      shell.o
    0x08003fea   0x08003fea   0x00000002   PAD
    0x08003fec   0x08003fec   0x00000006   Code   RO         1707    .text.shellUp       shell.o
    0x08003ff2   0x08003ff2   0x00000002   PAD
    0x08003ff4   0x08003ff4   0x00000084   Code   RO         1731    .text.shellUsers    shell.o
    0x08004078   0x08004078   0x0000009e   Code   RO         1735    .text.shellVars     shell.o
    0x08004116   0x08004116   0x00000002   PAD
    0x08004118   0x08004118   0x000000c8   Code   RO         1653    .text.shellWritePrompt  shell.o
    0x080041e0   0x080041e0   0x00000150   Code   RO         1701    .text.shellWriteReturnValue  shell.o
    0x08004330   0x08004330   0x00000034   Code   RO         1816    .text.shell_task    shell_port.o
    0x08004364   0x08004364   0x0000006c   Code   RO         1814    .text.shell_uart_init  shell_port.o
    0x080043d0   0x080043d0   0x00000074   Code   RO         1484    .text.start_task    app.o
    0x08004444   0x08004444   0x0000000a   Code   RO         1488    .text.uart_task     app.o
    0x0800444e   0x0800444e   0x00000002   PAD
    0x08004450   0x08004450   0x00000024   Code   RO          961    .text.uxListRemove  list.o
    0x08004474   0x08004474   0x0000001a   Code   RO         1408    .text.vApplicationGetIdleTaskMemory  cmsis_os2.o
    0x0800448e   0x0800448e   0x00000002   PAD
    0x08004490   0x08004490   0x0000001c   Code   RO         1410    .text.vApplicationGetTimerTaskMemory  cmsis_os2.o
    0x080044ac   0x080044ac   0x00000016   Code   RO          953    .text.vListInitialise  list.o
    0x080044c2   0x080044c2   0x00000002   PAD
    0x080044c4   0x080044c4   0x00000006   Code   RO          955    .text.vListInitialiseItem  list.o
    0x080044ca   0x080044ca   0x00000002   PAD
    0x080044cc   0x080044cc   0x0000003a   Code   RO          959    .text.vListInsert   list.o
    0x08004506   0x08004506   0x00000002   PAD
    0x08004508   0x08004508   0x0000001c   Code   RO          957    .text.vListInsertEnd  list.o
    0x08004524   0x08004524   0x00000046   Code   RO         1463    .text.vPortEnterCritical  port.o
    0x0800456a   0x0800456a   0x00000002   PAD
    0x0800456c   0x0800456c   0x0000002e   Code   RO         1465    .text.vPortExitCritical  port.o
    0x0800459a   0x0800459a   0x00000002   PAD
    0x0800459c   0x0800459c   0x000000c4   Code   RO         1427    .text.vPortFree     heap_4.o
    0x08004660   0x08004660   0x00000034   Code   RO         1457    .text.vPortSetupTimerInterrupt  port.o
    0x08004694   0x08004694   0x00000028   Code   RO         1031    .text.vQueueAddToRegistry  queue.o
    0x080046bc   0x080046bc   0x00000046   Code   RO         1035    .text.vQueueWaitForMessageRestricted  queue.o
    0x08004702   0x08004702   0x00000002   PAD
    0x08004704   0x08004704   0x000000a6   Code   RO         1110    .text.vTaskDelay    tasks.o
    0x080047aa   0x080047aa   0x00000002   PAD
    0x080047ac   0x080047ac   0x00000116   Code   RO         1100    .text.vTaskDelete   tasks.o
    0x080048c2   0x080048c2   0x00000002   PAD
    0x080048c4   0x080048c4   0x0000001a   Code   RO         1158    .text.vTaskInternalSetTimeOutState  tasks.o
    0x080048de   0x080048de   0x00000002   PAD
    0x080048e0   0x080048e0   0x0000000e   Code   RO         1162    .text.vTaskMissedYield  tasks.o
    0x080048ee   0x080048ee   0x00000002   PAD
    0x080048f0   0x080048f0   0x00000036   Code   RO         1146    .text.vTaskPlaceOnEventList  tasks.o
    0x08004926   0x08004926   0x00000002   PAD
    0x08004928   0x08004928   0x0000003e   Code   RO         1150    .text.vTaskPlaceOnEventListRestricted  tasks.o
    0x08004966   0x08004966   0x00000002   PAD
    0x08004968   0x08004968   0x000000a4   Code   RO         1128    .text.vTaskStartScheduler  tasks.o
    0x08004a0c   0x08004a0c   0x00000010   Code   RO         1104    .text.vTaskSuspendAll  tasks.o
    0x08004a1c   0x08004a1c   0x0000009a   Code   RO         1122    .text.vTaskSwitchContext  tasks.o
    0x08004ab6   0x08004ab6   0x00000002   PAD
    0x08004ab8   0x08004ab8   0x000000da   Code   RO         1455    .text.xPortStartScheduler  port.o
    0x08004b92   0x08004b92   0x00000002   PAD
    0x08004b94   0x08004b94   0x000000da   Code   RO          973    .text.xQueueGenericCreateStatic  queue.o
    0x08004c6e   0x08004c6e   0x00000002   PAD
    0x08004c70   0x08004c70   0x00000212   Code   RO          987    .text.xQueueGenericSend  queue.o
    0x08004e82   0x08004e82   0x00000002   PAD
    0x08004e84   0x08004e84   0x000001a8   Code   RO         1003    .text.xQueueReceive  queue.o
    0x0800502c   0x0800502c   0x0000008e   Code   RO         1160    .text.xTaskCheckForTimeOut  tasks.o
    0x080050ba   0x080050ba   0x00000002   PAD
    0x080050bc   0x080050bc   0x000000d8   Code   RO         1098    .text.xTaskCreate   tasks.o
    0x08005194   0x08005194   0x000000de   Code   RO         1094    .text.xTaskCreateStatic  tasks.o
    0x08005272   0x08005272   0x00000002   PAD
    0x08005274   0x08005274   0x00000026   Code   RO         1174    .text.xTaskGetSchedulerState  tasks.o
    0x0800529a   0x0800529a   0x00000002   PAD
    0x0800529c   0x0800529c   0x0000000c   Code   RO         1136    .text.xTaskGetTickCount  tasks.o
    0x080052a8   0x080052a8   0x0000016e   Code   RO         1134    .text.xTaskIncrementTick  tasks.o
    0x08005416   0x08005416   0x00000002   PAD
    0x08005418   0x08005418   0x00000092   Code   RO         1178    .text.xTaskPriorityDisinherit  tasks.o
    0x080054aa   0x080054aa   0x00000002   PAD
    0x080054ac   0x080054ac   0x0000008e   Code   RO         1152    .text.xTaskRemoveFromEventList  tasks.o
    0x0800553a   0x0800553a   0x00000002   PAD
    0x0800553c   0x0800553c   0x00000138   Code   RO         1108    .text.xTaskResumeAll  tasks.o
    0x08005674   0x08005674   0x00000074   Code   RO         1227    .text.xTimerCreateTimerTask  timers.o
    0x080056e8   0x080056e8   0x0000000e   Code   RO         1981    i.__scatterload_copy  mc_w.l(handlers.o)
    0x080056f6   0x080056f6   0x00000002   Code   RO         1982    i.__scatterload_null  mc_w.l(handlers.o)
    0x080056f8   0x080056f8   0x0000000e   Code   RO         1983    i.__scatterload_zeroinit  mc_w.l(handlers.o)
    0x08005706   0x08005706   0x00000010   Data   RO          906    .rodata.AHBPrescTable  system_stm32f1xx.o
    0x08005716   0x08005716   0x00000008   Data   RO          907    .rodata.APBPrescTable  system_stm32f1xx.o
    0x0800571e   0x0800571e   0x00000002   Data   RO          218    .rodata.HAL_RCC_GetSysClockFreq.aPredivFactorTable  stm32f1xx_hal_rcc.o
    0x08005720   0x08005720   0x00000010   Data   RO          217    .rodata.cst16       stm32f1xx_hal_rcc.o
    0x08005730   0x08005730   0x00000006   Data   RO         1743    .rodata.shellCmdDefaultUser  shell.o
    0x08005736   0x08005736   0x00000006   Data   RO         1788    .rodata.shellCmdclear  shell.o
    0x0800573c   0x0800573c   0x00000005   Data   RO         1779    .rodata.shellCmdcmds  shell.o
    0x08005741   0x08005741   0x00000005   Data   RO         1773    .rodata.shellCmdhelp  shell.o
    0x08005746   0x08005746   0x00000005   Data   RO         1785    .rodata.shellCmdkeys  shell.o
    0x0800574b   0x0800574b   0x00000007   Data   RO         1750    .rodata.shellCmdsetVar  shell.o
    0x08005752   0x08005752   0x00000006   Data   RO         1776    .rodata.shellCmdusers  shell.o
    0x08005758   0x08005758   0x00000005   Data   RO         1782    .rodata.shellCmdvars  shell.o
    0x0800575d   0x0800575d   0x0000000d   Data   RO         1745    .rodata.shellDesDefaultUser  shell.o
    0x0800576a   0x0800576a   0x0000000a   Data   RO         1763    .rodata.shellDesc0x08000000  shell.o
    0x08005774   0x08005774   0x00000004   Data   RO         1761    .rodata.shellDesc0x09000000  shell.o
    0x08005778   0x08005778   0x00000006   Data   RO         1769    .rodata.shellDesc0x0A000000  shell.o
    0x0800577e   0x0800577e   0x00000006   Data   RO         1771    .rodata.shellDesc0x0D000000  shell.o
    0x08005784   0x08005784   0x00000007   Data   RO         1767    .rodata.shellDesc0x1B5B337E  shell.o
    0x0800578b   0x0800578b   0x00000003   Data   RO         1753    .rodata.shellDesc0x1B5B4100  shell.o
    0x0800578e   0x0800578e   0x00000005   Data   RO         1755    .rodata.shellDesc0x1B5B4200  shell.o
    0x08005793   0x08005793   0x00000006   Data   RO         1757    .rodata.shellDesc0x1B5B4300  shell.o
    0x08005799   0x08005799   0x00000005   Data   RO         1759    .rodata.shellDesc0x1B5B4400  shell.o
    0x0800579e   0x0800579e   0x0000000a   Data   RO         1765    .rodata.shellDesc0x7F000000  shell.o
    0x080057a8   0x080057a8   0x0000000e   Data   RO         1789    .rodata.shellDescclear  shell.o
    0x080057b6   0x080057b6   0x0000000d   Data   RO         1780    .rodata.shellDesccmds  shell.o
    0x080057c3   0x080057c3   0x0000001e   Data   RO         1774    .rodata.shellDeschelp  shell.o
    0x080057e1   0x080057e1   0x0000000d   Data   RO         1786    .rodata.shellDesckeys  shell.o
    0x080057ee   0x080057ee   0x00000008   Data   RO         1751    .rodata.shellDescsetVar  shell.o
    0x080057f6   0x080057f6   0x0000000e   Data   RO         1777    .rodata.shellDescusers  shell.o
    0x08005804   0x08005804   0x0000000d   Data   RO         1783    .rodata.shellDescvars  shell.o
    0x08005811   0x08005811   0x00000001   Data   RO         1744    .rodata.shellPasswordDefaultUser  shell.o
    0x08005812   0x08005812   0x00000011   Data   RO         1543    .rodata.str1.1      export.o
    0x08005823   0x08005823   0x000001e2   Data   RO         1749    .rodata.str1.1      shell.o
    0x08005a05   0x08005a05   0x00000010   Data   RO         1818    .rodata.str1.1      shell_port.o
    0x08005a15   0x08005a15   0x00000003   PAD
    0x08005a18   0x08005a18   0x00000020   Data   RO         1980    Region$$Table       anon$$obj.o
    0x08005a38   0x08005a38   0x00000014   Data   RO         1544    init_export         export.o
    0x08005a4c   0x08005a4c   0x00000014   Data   RO         1819    init_export         shell_port.o
    0x08005a60   0x08005a60   0x00000010   Data   RO         1746    shellCommand        shell.o
    0x08005a70   0x08005a70   0x00000010   Data   RO         1752    shellCommand        shell.o
    0x08005a80   0x08005a80   0x00000010   Data   RO         1754    shellCommand        shell.o
    0x08005a90   0x08005a90   0x00000010   Data   RO         1756    shellCommand        shell.o
    0x08005aa0   0x08005aa0   0x00000010   Data   RO         1758    shellCommand        shell.o
    0x08005ab0   0x08005ab0   0x00000010   Data   RO         1760    shellCommand        shell.o
    0x08005ac0   0x08005ac0   0x00000010   Data   RO         1762    shellCommand        shell.o
    0x08005ad0   0x08005ad0   0x00000010   Data   RO         1764    shellCommand        shell.o
    0x08005ae0   0x08005ae0   0x00000010   Data   RO         1766    shellCommand        shell.o
    0x08005af0   0x08005af0   0x00000010   Data   RO         1768    shellCommand        shell.o
    0x08005b00   0x08005b00   0x00000010   Data   RO         1770    shellCommand        shell.o
    0x08005b10   0x08005b10   0x00000010   Data   RO         1772    shellCommand        shell.o
    0x08005b20   0x08005b20   0x00000010   Data   RO         1775    shellCommand        shell.o
    0x08005b30   0x08005b30   0x00000010   Data   RO         1778    shellCommand        shell.o
    0x08005b40   0x08005b40   0x00000010   Data   RO         1781    shellCommand        shell.o
    0x08005b50   0x08005b50   0x00000010   Data   RO         1784    shellCommand        shell.o
    0x08005b60   0x08005b60   0x00000010   Data   RO         1787    shellCommand        shell.o
    0x08005b70   0x08005b70   0x00000010   Data   RO         1790    shellCommand        shell.o


    Execution Region RW_IRAM1 (Exec base: 0x20000000, Load base: 0x08005b80, Size: 0x00003f38, Max: 0x00005000, ABSOLUTE)

    Exec Addr    Load Addr    Size         Type   Attr      Idx    E Section Name        Object

    0x20000000   0x08005b80   0x00000004   Data   RW          905    .data.SystemCoreClock  system_stm32f1xx.o
    0x20000004   0x08005b84   0x00000002   Data   RW         1747    .data.pairedChars   shell.o
    0x20000006   0x08005b86   0x00000001   Data   RW          179    .data.uwTickFreq    stm32f1xx_hal.o
    0x20000007   0x08005b87   0x00000001   PAD
    0x20000008   0x08005b88   0x00000004   Data   RW          178    .data.uwTickPrio    stm32f1xx_hal.o
    0x2000000c   0x08005b8c   0x00000004   Data   RW         1475    .data.uxCriticalNesting  port.o
    0x20000010        -       0x00000200   Zero   RW         1414    .bss.Idle_Stack     cmsis_os2.o
    0x20000210        -       0x0000005c   Zero   RW         1413    .bss.Idle_TCB       cmsis_os2.o
    0x2000026c        -       0x00000004   Zero   RW         1492    .bss.LED_TaskHandle  app.o
    0x20000270        -       0x00000004   Zero   RW         1820    .bss.SHELL_TaskHandle  shell_port.o
    0x20000274        -       0x00000400   Zero   RW         1416    .bss.Timer_Stack    cmsis_os2.o
    0x20000674        -       0x0000005c   Zero   RW         1415    .bss.Timer_TCB      cmsis_os2.o
    0x200006d0        -       0x00000004   Zero   RW         1493    .bss.UART_TaskHandle  app.o
    0x200006d4        -       0x00000004   Zero   RW         1547    .bss._export_init_count  export.o
    0x200006d8        -       0x00000001   Zero   RW         1545    .bss._export_init_level_max  export.o
    0x200006d9   0x08005b90   0x00000003   PAD
    0x200006dc        -       0x00000004   Zero   RW         1546    .bss._export_init_table  export.o
    0x200006e0        -       0x00000040   Zero   RW         1519    .bss.buf_rx         debug_uart.o
    0x20000720        -       0x00000200   Zero   RW         1521    .bss.buf_tx         debug_uart.o
    0x20000920        -       0x00000001   Zero   RW         1517    .bss.byte_recv      debug_uart.o
    0x20000921        -       0x00000001   Zero   RW         1522    .bss.byte_send      debug_uart.o
    0x20000922   0x08005b90   0x00000002   PAD
    0x20000924        -       0x00000048   Zero   RW          105    .bss.htim1          stm32f1xx_hal_timebase_tim.o
    0x2000096c        -       0x00000048   Zero   RW         1516    .bss.huart          debug_uart.o
    0x200009b4        -       0x00000048   Zero   RW           57    .bss.huart1         usart.o
    0x200009fc        -       0x00000001   Zero   RW         1494    .bss.led_task.led_status  app.o
    0x200009fd        -       0x000000a0   Zero   RW         1271    .bss.prvCheckForValidListAndQueue.ucStaticTimerQueueStorage  timers.o
    0x20000a9d   0x08005b90   0x00000003   PAD
    0x20000aa0        -       0x00000050   Zero   RW         1270    .bss.prvCheckForValidListAndQueue.xStaticTimerQueue  timers.o
    0x20000af0        -       0x00000004   Zero   RW         1267    .bss.prvSampleTimeNow.xLastTime  timers.o
    0x20000af4        -       0x00000004   Zero   RW         1198    .bss.pxCurrentTCB   tasks.o
    0x20000af8        -       0x00000004   Zero   RW         1265    .bss.pxCurrentTimerList  timers.o
    0x20000afc        -       0x00000004   Zero   RW         1206    .bss.pxDelayedTaskList  tasks.o
    0x20000b00        -       0x00000004   Zero   RW         1435    .bss.pxEnd          heap_4.o
    0x20000b04        -       0x00000004   Zero   RW         1207    .bss.pxOverflowDelayedTaskList  tasks.o
    0x20000b08        -       0x00000004   Zero   RW         1266    .bss.pxOverflowTimerList  timers.o
    0x20000b0c        -       0x00000460   Zero   RW         1209    .bss.pxReadyTasksLists  tasks.o
    0x20000f6c        -       0x0000000c   Zero   RW         1518    .bss.queue_rx       debug_uart.o
    0x20000f78        -       0x0000000c   Zero   RW         1520    .bss.queue_tx       debug_uart.o
    0x20000f84        -       0x00000009   Zero   RW         1791    .bss.shellGetCommandName.buffer  shell.o
    0x20000f8d   0x08005b90   0x00000003   PAD
    0x20000f90        -       0x00000014   Zero   RW         1748    .bss.shellList      shell.o
    0x20000fa4        -       0x0000006c   Zero   RW         1821    .bss.shell_uart     shell_port.o
    0x20001010        -       0x00000200   Zero   RW         1822    .bss.shell_uart_buffer  shell_port.o
    0x20001210        -       0x00002800   Zero   RW         1440    .bss.ucHeap         heap_4.o
    0x20003a10        -       0x00000001   Zero   RW         1473    .bss.ucMaxSysCallPriority  port.o
    0x20003a11   0x08005b90   0x00000003   PAD
    0x20003a14        -       0x00000004   Zero   RW         1474    .bss.ulMaxPRIGROUPValue  port.o
    0x20003a18        -       0x00000004   Zero   RW          180    .bss.uwTick         stm32f1xx_hal.o
    0x20003a1c        -       0x00000004   Zero   RW         1202    .bss.uxCurrentNumberOfTasks  tasks.o
    0x20003a20        -       0x00000004   Zero   RW         1201    .bss.uxDeletedTasksWaitingCleanUp  tasks.o
    0x20003a24        -       0x00000004   Zero   RW         1215    .bss.uxPendedTicks  tasks.o
    0x20003a28        -       0x00000004   Zero   RW         1204    .bss.uxSchedulerSuspended  tasks.o
    0x20003a2c        -       0x00000004   Zero   RW         1199    .bss.uxTaskNumber   tasks.o
    0x20003a30        -       0x00000004   Zero   RW         1210    .bss.uxTopReadyPriority  tasks.o
    0x20003a34        -       0x00000014   Zero   RW         1268    .bss.xActiveTimerList1  timers.o
    0x20003a48        -       0x00000014   Zero   RW         1269    .bss.xActiveTimerList2  timers.o
    0x20003a5c        -       0x00000001   Zero   RW         1436    .bss.xBlockAllocatedBit  heap_4.o
    0x20003a5d   0x08005b90   0x00000003   PAD
    0x20003a60        -       0x00000014   Zero   RW         1217    .bss.xDelayedTaskList1  tasks.o
    0x20003a74        -       0x00000014   Zero   RW         1218    .bss.xDelayedTaskList2  tasks.o
    0x20003a88        -       0x00000004   Zero   RW         1437    .bss.xFreeBytesRemaining  heap_4.o
    0x20003a8c        -       0x00000004   Zero   RW         1212    .bss.xIdleTaskHandle  tasks.o
    0x20003a90        -       0x00000004   Zero   RW         1439    .bss.xMinimumEverFreeBytesRemaining  heap_4.o
    0x20003a94        -       0x00000004   Zero   RW         1213    .bss.xNextTaskUnblockTime  tasks.o
    0x20003a98        -       0x00000004   Zero   RW         1216    .bss.xNumOfOverflows  tasks.o
    0x20003a9c        -       0x00000014   Zero   RW         1211    .bss.xPendingReadyList  tasks.o
    0x20003ab0        -       0x00000040   Zero   RW         1037    .bss.xQueueRegistry  queue.o
    0x20003af0        -       0x00000004   Zero   RW         1203    .bss.xSchedulerRunning  tasks.o
    0x20003af4        -       0x00000008   Zero   RW         1438    .bss.xStart         heap_4.o
    0x20003afc        -       0x00000014   Zero   RW         1208    .bss.xSuspendedTaskList  tasks.o
    0x20003b10        -       0x00000014   Zero   RW         1200    .bss.xTasksWaitingTermination  tasks.o
    0x20003b24        -       0x00000004   Zero   RW         1205    .bss.xTickCount     tasks.o
    0x20003b28        -       0x00000004   Zero   RW         1263    .bss.xTimerQueue    timers.o
    0x20003b2c        -       0x00000004   Zero   RW         1264    .bss.xTimerTaskHandle  timers.o
    0x20003b30        -       0x00000004   Zero   RW         1214    .bss.xYieldPending  tasks.o
    0x20003b34   0x08005b90   0x00000004   PAD
    0x20003b38        -       0x00000400   Zero   RW            1    STACK               startup_stm32f103xb.o


==============================================================================

Image component sizes


      Code (inc. data)   RO Data    RW Data    ZI Data      Debug   Object Name

       220         36          0          0          9       1850   app.o
         2          0          0          0          0        355   assert.o
       304          0          0          0          0       3738   basic_queue.o
        54          0          0          0       1720      38479   cmsis_os2.o
       388          0          0          0        674       6200   debug_uart.o
       212          0         37          0          9       1922   export.o
       124          0          0          0          0       1511   gpio.o
       636          0          0          0      10261       4001   heap_4.o
       150          0          0          0          0       2202   list.o
       200          0          0          0          0       5241   main.o
       650         12          0          4          5       3835   port.o
      1398          0          0          0         64      24101   queue.o
      6652        234        996          2         29      46291   shell.o
       870         72          0          0          0       7851   shell_ext.o
       160         12         36          0        624       3430   shell_port.o
        36          8        236          0       1024        776   startup_stm32f103xb.o
       116          0          0          5          4       5724   stm32f1xx_hal.o
       190          0          0          0          0       8468   stm32f1xx_hal_cortex.o
       236          0          0          0          0       7535   stm32f1xx_hal_dma.o
       522         20          0          0          0       4604   stm32f1xx_hal_gpio.o
        80          0          0          0          0       2349   stm32f1xx_hal_msp.o
      1400          0         18          0          0       7584   stm32f1xx_hal_rcc.o
       690          0          0          0          0      54987   stm32f1xx_hal_tim.o
         4          0          0          0          0      21034   stm32f1xx_hal_tim_ex.o
       162          0          0          0         72       5735   stm32f1xx_hal_timebase_tim.o
      1352          0          0          0          0      28095   stm32f1xx_hal_uart.o
        28          0          0          0          0       4157   stm32f1xx_it.o
         2          0         24          4          0       1600   system_stm32f1xx.o
      3096          8          0          0       1280      35947   tasks.o
      1132         16          0          0        300      16028   timers.o
       202          0          0          0         72       5398   usart.o

    ----------------------------------------------------------------------
     21448        430       1382         16      16168     361028   Object Totals
         0          0         32          0          0          0   (incl. Generated)
       180         12          3          1         21          0   (incl. Padding)

    ----------------------------------------------------------------------

      Code (inc. data)   RO Data    RW Data    ZI Data      Debug   Library Member Name

         0          0          0          0          0          0   entry.o
         0          0          0          0          0          0   entry10a.o
         0          0          0          0          0          0   entry11a.o
         8          4          0          0          0          0   entry2.o
         4          0          0          0          0          0   entry5.o
         0          0          0          0          0          0   entry7b.o
         0          0          0          0          0          0   entry8b.o
         8          4          0          0          0          0   entry9a.o
        30          0          0          0          0          0   handlers.o
        36          8          0          0          0         68   init.o
         0          0          0          0          0          0   iusefp.o
        36          0          0          0          0         68   memcpya.o
        36          0          0          0          0        108   memseta.o
        28          0          0          0          0         76   strcmp.o
        14          0          0          0          0         68   strlen.o
        30          0          0          0          0         80   strncmp.o
       124          0          0          0          0         88   fdiv.o
       110          0          0          0          0        168   fepilogue.o
        18          0          0          0          0         68   fflti.o
        10          0          0          0          0         68   ffltui.o
       100          0          0          0          0         76   fmul.o

    ----------------------------------------------------------------------
       594         16          0          0          0        936   Library Totals
         2          0          0          0          0          0   (incl. Padding)

    ----------------------------------------------------------------------

      Code (inc. data)   RO Data    RW Data    ZI Data      Debug   Library Name

       230         16          0          0          0        468   mc_w.l
       362          0          0          0          0        468   mf_w.l

    ----------------------------------------------------------------------
       594         16          0          0          0        936   Library Totals

    ----------------------------------------------------------------------

==============================================================================


      Code (inc. data)   RO Data    RW Data    ZI Data      Debug   

     22042        446       1382         16      16168     361172   Grand Totals
     22042        446       1382         16      16168     361172   ELF Image Totals
     22042        446       1382         16          0          0   ROM Totals

==============================================================================

    Total RO  Size (Code + RO Data)                23424 (  22.88kB)
    Total RW  Size (RW Data + ZI Data)             16184 (  15.80kB)
    Total ROM Size (Code + RO Data + RW Data)      23440 (  22.89kB)

==============================================================================

