<html>
<body>
<pre>
<h1>µVision Build Log</h1>
<h2>Tool Versions:</h2>
IDE-Version: ¦ÌVision V5.35.0.0
Copyright (C) 2021 ARM Ltd and ARM Germany GmbH. All rights reserved.
License Information: 1 1, 1, LIC=UJWP0-B97JJ-MM39I-TR01F-A1NV4-73PSQ
 
Tool Versions:
Toolchain:       MDK-ARM Plus  Version: 5.35.0.2
Toolchain Path:  C:\Keil\ARM\ARMCLANG\Bin
C Compiler:      ArmClang.exe V6.16
Assembler:       Armasm.exe V6.16
Linker/Locator:  ArmLink.exe V6.16
Library Manager: ArmAr.exe V6.16
Hex Converter:   FromElf.exe V6.16
CPU DLL:         SARMCM3.DLL V5.35.0.2
Dialog DLL:      DCM.DLL V1.17.3.0
Target DLL:      STLink\ST-LINKIII-KEIL_SWO.dll V3.0.9.0
Dialog DLL:      TCM.DLL V1.53.0.0
 
<h2>Project:</h2>
D:\Users\admin\Documents\New Folder\RemoteProject\SimpleProject\MDK-ARM\SimpleProject.uvprojx
Project File Date:  04/13/2024

<h2>Output:</h2>
*** Using Compiler 'V6.16', folder: 'C:\Keil\ARM\ARMCLANG\Bin'
Rebuild target 'SimpleProject'
compiling usart.c...
compiling main.c...
compiling gpio.c...
compiling stm32f1xx_it.c...
compiling stm32f1xx_hal_timebase_tim.c...
compiling freertos.c...
compiling stm32f1xx_hal_msp.c...
assembling startup_stm32f103xb.s...
compiling stm32f1xx_hal.c...
compiling stm32f1xx_hal_rcc.c...
compiling stm32f1xx_hal_gpio.c...
compiling stm32f1xx_hal_pwr.c...
compiling stm32f1xx_hal_rcc_ex.c...
compiling stm32f1xx_hal_cortex.c...
compiling stm32f1xx_hal_gpio_ex.c...
compiling stm32f1xx_hal_dma.c...
compiling stm32f1xx_hal_exti.c...
compiling croutine.c...
compiling system_stm32f1xx.c...
compiling stm32f1xx_hal_flash.c...
compiling stm32f1xx_hal_flash_ex.c...
compiling list.c...
compiling event_groups.c...
compiling stream_buffer.c...
compiling stm32f1xx_hal_uart.c...
compiling stm32f1xx_hal_tim_ex.c...
compiling stm32f1xx_hal_tim.c...
compiling heap_4.c...
compiling app.c...
compiling timers.c...
compiling tasks.c...
compiling port.c...
compiling queue.c...
compiling debug_uart.c...
compiling cmsis_os2.c...
compiling basic_queue.c...
compiling log.c...
compiling device.c...
compiling device_pin.c...
compiling export.c...
compiling assert.c...
compiling hal_pin.c...
compiling driver_uart.c...
compiling shell_cmd_list.c...
compiling device_uart.c...
compiling shell.c...
compiling driver_pin_mcu.c...
compiling shell_port.c...
compiling driver.c...
compiling shell_ext.c...
linking...
Program Size: Code=20494 RO-data=1298 RW-data=16 ZI-data=16168  
FromELF: creating hex file...
"SimpleProject\SimpleProject.axf" - 0 Error(s), 0 Warning(s).

<h2>Software Packages used:</h2>

Package Vendor: ARM
                http://www.keil.com/pack/ARM.CMSIS.5.9.0.pack
                ARM.CMSIS.5.9.0
                CMSIS (Common Microcontroller Software Interface Standard)
   * Component: CORE Version: 5.6.0

Package Vendor: Keil
                http://www.keil.com/pack/Keil.STM32F1xx_DFP.2.4.0.pack
                Keil.STM32F1xx_DFP.2.4.0
                STMicroelectronics STM32F1 Series Device Support, Drivers and Examples

<h2>Collection of Component include folders:</h2>
  .\RTE\_SimpleProject
  D:\Users\admin\AppData\Local\Arm\Packs\ARM\CMSIS\5.9.0\CMSIS\Core\Include
  D:\Users\admin\AppData\Local\Arm\Packs\Keil\STM32F1xx_DFP\2.4.0\Device\Include

<h2>Collection of Component Files used:</h2>

   * Component: ARM::CMSIS:CORE:5.6.0
      Include file:  CMSIS\Core\Include\tz_context.h
Build Time Elapsed:  00:00:06
</pre>
</body>
</html>
